Archive member included to satisfy reference by file (symbol)

c:/program files/microchip/xc32/v4.45/bin/bin/../../lib/gcc/pic32c/8.3.1/../../../../pic32c/lib/thumb/v8-m.base/nofp\libpic32c.a(data_init.o)
                              build/default/production/_ext/1171490990/startup_xc32.o (__pic32c_data_initialization)
c:/program files/microchip/xc32/v4.45/bin/bin/../../lib/gcc/pic32c/8.3.1/../../../../pic32c/lib/thumb/v8-m.base/nofp\libc-size-musl.a(memcpy.o)
                              build/default/production/_ext/1593096446/plib_nvmctrl.o (memcpy)
c:/program files/microchip/xc32/v4.45/bin/bin/../../lib/gcc/pic32c/8.3.1/../../../../pic32c/lib/thumb/v8-m.base/nofp\libc-musl.a(__libc_start_main.o)
                              build/default/production/_ext/1171490990/startup_xc32.o (__libc_init_array)
c:/program files/microchip/xc32/v4.45/bin/bin/../../lib/gcc/pic32c/8.3.1/../../../../pic32c/lib/thumb/v8-m.base/nofp\libc-musl.a(libc.o)
                              c:/program files/microchip/xc32/v4.45/bin/bin/../../lib/gcc/pic32c/8.3.1/../../../../pic32c/lib/thumb/v8-m.base/nofp\libc-musl.a(__libc_start_main.o) (__progname_full)
c:/program files/microchip/xc32/v4.45/bin/bin/../../lib/gcc/pic32c/8.3.1/../../../../pic32c/lib/thumb/v8-m.base/nofp\libc-musl.a(__environ.o)
                              c:/program files/microchip/xc32/v4.45/bin/bin/../../lib/gcc/pic32c/8.3.1/../../../../pic32c/lib/thumb/v8-m.base/nofp\libc-musl.a(__libc_start_main.o) (__environ)
c:/program files/microchip/xc32/v4.45/bin/bin/../../lib/gcc/pic32c/8.3.1/thumb/v8-m.base/nofp\libgcc.a(cmse_nonsecure_call.o)
                              build/default/production/_ext/1360937237/main.o (__gnu_cmse_nonsecure_call)
c:/program files/microchip/xc32/v4.45/bin/bin/../../lib/gcc/pic32c/8.3.1/../../../../pic32c/lib/thumb/v8-m.base/nofp\libpic32c.a(pic32_data_init_clear.o)
                              (__dinit_clear_needed)
c:/program files/microchip/xc32/v4.45/bin/bin/../../lib/gcc/pic32c/8.3.1/../../../../pic32c/lib/thumb/v8-m.base/nofp\libpic32c.a(pic32_data_init_copy.o)
                              (__dinit_copy_needed)

Microchip PIC32 Memory-Usage Report

ROM Program-Memory Usage
section                    address  length [bytes]      (dec)  Description
-------                 ----------  -------------------------  -----------
.vectors                         0          0x2b8         696   
.text                        0x2b8           0x30          48  App's exec code 
.text.CLOCK_Initialize       0x2e8          0x100         256   
.text.NVIC_Initialize        0x3e8           0x92         146   
.text.EVSYS_Initialize       0x47a            0x2           2   
.text.__libc_start_init      0x47c           0x5c          92   
.text.Reset_Handler          0x4d8           0x54          84   
.text.PORT_Initialize        0x52c           0x48          72   
.text                        0x574           0x40          64  App's exec code 
.text.PM_Initialize          0x5b4           0x3a          58   
.text.main                   0x5ee           0x36          54   
.text                        0x624           0x32          50  App's exec code 
.text.Dummy_App_Func         0x656            0x2           2   
.text.__pic32c_data_ini      0x658           0x30          48   
.dinit                       0x688           0x30          48   
.text.SYS_Initialize         0x6b8           0x28          40   
.text.__dinit_copy           0x6e0           0x1e          30   
.text.NonMaskableInt_Ha      0x6fe            0x2           2   
.rodata                      0x700           0x14          20  Read-only const 
.text.NVMCTRL_Initializ      0x714           0x12          18   
.text.__dinit_clear          0x726           0x12          18   
.text.__dummy_decompres      0x738            0x4           4   
.text.HardFault_Handler      0x73c            0x2           2   
.text.Dummy_Handler          0x73e            0x2           2   
.text.Dummy_Handler          0x740            0x2           2   
.text.__dummy                0x742            0x2           2   
.gnu.sgstubs               0x3fe00            0x8           8   
      Total ROM used  :       0x74c        1868  0.7% of 0x40000
        --------------------------------------------------------------------------
         Total Program Memory used  :       0x74c        1868  0.7% of 0x40000
        --------------------------------------------------------------------------


RAM Data-Memory Usage
section                    address  length [bytes]      (dec)  Description
-------                 ----------  -------------------------  -----------
.bss                    0x20000000           0x50          80  Uninitialized data 
.bss                    0x20000050           0x1c          28  Uninitialized data 
.bss                    0x2000006c            0x4           4  Uninitialized data 
.bss                    0x20000070            0x4           4  Uninitialized data 
         Total RAM used  :        0x74         116  0.4% of 0x8000
        --------------------------------------------------------------------------
            Total Data Memory used  :        0x74         116  0.4% of 0x8000
        --------------------------------------------------------------------------


Dynamic Data-Memory Reservation
section                    address  length [bytes]      (dec)  Description
-------                 ----------  -------------------------  -----------
heap                    0x20000078          0x200         512  Reserved for heap 
stack                   0x20000290         0x7d60       32096  Reserved for stack 

        --------------------------------------------------------------------------

Microchip PIC32 Memory-Usage Report By Module

        text        data         bss         dec         hex    basename                   filename
--------------------------------------------------------------------------------
         350           0           0         350         15e    cc40ZYkO.o             C:\Users\Shaquil\AppData\Local\Temp\cc40ZYkO.o
         350           0           0         350         15e    interrupts.o           build/default/production/_ext/1171490990/interrupts.o
         256           0           0         256         100    plib_clock.o           build/default/production/_ext/1984496892/plib_clock.o
         248           0           0         248          f8    initialization.o       build/default/production/_ext/1171490990/initialization.o
         146           0           0         146          92    plib_nvic.o            build/default/production/_ext/1865468468/plib_nvic.o
          72           0          28         100          64    crtbegin.o             c:/program files/microchip/xc32/v4.45/bin/bin/../../lib/gcc/pic32c/8.3.1/thumb/v8-m.base/nofp/crtbegin.o
          94           0           0          94          5e    __libc_start_main.o    libc-musl.a
          86           0           0          86          56    startup_xc32.o         build/default/production/_ext/1171490990/startup_xc32.o
           0           0          80          80          50    libc.o                 libc-musl.a
          72           0           4          76          4c    data_init.o            libpic32c.a
          72           0           0          72          48    plib_port.o            build/default/production/_ext/1865521619/plib_port.o
          58           0           0          58          3a    plib_pm.o              build/default/production/_ext/829342769/plib_pm.o
          54           0           0          54          36    main.o                 build/default/production/_ext/1360937237/main.o
          50           0           0          50          32    cmse_nonsecure_call.o  libgcc.a
          48           0           0          48          30    data_init              data_init
          30           0           0          30          1e    pic32_data_init_copy.o libpic32c.a
          18           0           0          18          12    pic32_data_init_clear.olibpic32c.a
          18           0           0          18          12    plib_nvmctrl.o         build/default/production/_ext/1593096446/plib_nvmctrl.o
          16           0           0          16          10    nonsecure_entry.o      build/default/production/_ext/1903470166/nonsecure_entry.o
          16           0           0          16          10    crtn.o                 c:/program files/microchip/xc32/v4.45/bin/bin/../../lib/gcc/pic32c/8.3.1/thumb/v8-m.base/nofp/crtn.o
           8           0           0           8           8    linker stubs           linker stubs
           8           0           0           8           8    crti.o                 c:/program files/microchip/xc32/v4.45/bin/bin/../../lib/gcc/pic32c/8.3.1/thumb/v8-m.base/nofp/crti.o
           0           0           4           4           4    __environ.o            libc-musl.a
           4           0           0           4           4    exceptions.o           build/default/production/_ext/1171490990/exceptions.o
           2           0           0           2           2    plib_evsys.o           build/default/production/_ext/1986646378/plib_evsys.o
--------------------------------------------------------------------------------
        2076           0         116        2192         890    dist/default/production/gps2ndtry_secure.X.production.elf


Discarded input sections

 .text          0x0000000000000000        0x0 c:/program files/microchip/xc32/v4.45/bin/bin/../../lib/gcc/pic32c/8.3.1/thumb/v8-m.base/nofp/crti.o
 .data          0x0000000000000000        0x0 c:/program files/microchip/xc32/v4.45/bin/bin/../../lib/gcc/pic32c/8.3.1/thumb/v8-m.base/nofp/crti.o
 .bss           0x0000000000000000        0x0 c:/program files/microchip/xc32/v4.45/bin/bin/../../lib/gcc/pic32c/8.3.1/thumb/v8-m.base/nofp/crti.o
 .xc_stack_usage.hdr
                0x0000000000000000        0xe c:/program files/microchip/xc32/v4.45/bin/bin/../../lib/gcc/pic32c/8.3.1/thumb/v8-m.base/nofp/crti.o
 .xc_stack_usage
                0x0000000000000000       0x26 c:/program files/microchip/xc32/v4.45/bin/bin/../../lib/gcc/pic32c/8.3.1/thumb/v8-m.base/nofp/crti.o
 .data          0x0000000000000000        0x4 c:/program files/microchip/xc32/v4.45/bin/bin/../../lib/gcc/pic32c/8.3.1/thumb/v8-m.base/nofp/crtbegin.o
 .xc_stack_usage
                0x0000000000000000       0x3c c:/program files/microchip/xc32/v4.45/bin/bin/../../lib/gcc/pic32c/8.3.1/thumb/v8-m.base/nofp/crtbegin.o
 .xc_stack_usage.hdr
                0x0000000000000000        0xe c:/program files/microchip/xc32/v4.45/bin/bin/../../lib/gcc/pic32c/8.3.1/thumb/v8-m.base/nofp/crtbegin.o
 .text          0x0000000000000000        0x0 build/default/production/_ext/1984496892/plib_clock.o
 .data          0x0000000000000000        0x0 build/default/production/_ext/1984496892/plib_clock.o
 .bss           0x0000000000000000        0x0 build/default/production/_ext/1984496892/plib_clock.o
 .text          0x0000000000000000        0x0 build/default/production/_ext/1986646378/plib_evsys.o
 .data          0x0000000000000000        0x0 build/default/production/_ext/1986646378/plib_evsys.o
 .bss           0x0000000000000000        0x0 build/default/production/_ext/1986646378/plib_evsys.o
 .text          0x0000000000000000        0x0 build/default/production/_ext/1865468468/plib_nvic.o
 .data          0x0000000000000000        0x0 build/default/production/_ext/1865468468/plib_nvic.o
 .bss           0x0000000000000000        0x0 build/default/production/_ext/1865468468/plib_nvic.o
 .text.NVIC_INT_Enable
                0x0000000000000000        0x8 build/default/production/_ext/1865468468/plib_nvic.o
 .text.NVIC_INT_Disable
                0x0000000000000000       0x12 build/default/production/_ext/1865468468/plib_nvic.o
 .text.NVIC_INT_Restore
                0x0000000000000000       0x12 build/default/production/_ext/1865468468/plib_nvic.o
 .text.NVIC_INT_SourceDisable
                0x0000000000000000       0x3e build/default/production/_ext/1865468468/plib_nvic.o
 .text.NVIC_INT_SourceRestore
                0x0000000000000000       0x1e build/default/production/_ext/1865468468/plib_nvic.o
 .text          0x0000000000000000        0x0 build/default/production/_ext/1593096446/plib_nvmctrl.o
 .data          0x0000000000000000        0x0 build/default/production/_ext/1593096446/plib_nvmctrl.o
 .bss           0x0000000000000000        0x0 build/default/production/_ext/1593096446/plib_nvmctrl.o
 .text.NVMCTRL_CacheInvalidate
                0x0000000000000000       0x14 build/default/production/_ext/1593096446/plib_nvmctrl.o
 .text.NVMCTRL_Read
                0x0000000000000000       0x10 build/default/production/_ext/1593096446/plib_nvmctrl.o
 .text.NVMCTRL_PageWrite
                0x0000000000000000       0x4c build/default/production/_ext/1593096446/plib_nvmctrl.o
 .text.NVMCTRL_RowErase
                0x0000000000000000       0x38 build/default/production/_ext/1593096446/plib_nvmctrl.o
 .text.NVMCTRL_PageBufferWrite
                0x0000000000000000       0x42 build/default/production/_ext/1593096446/plib_nvmctrl.o
 .text.NVMCTRL_PageBufferCommit
                0x0000000000000000       0x1c build/default/production/_ext/1593096446/plib_nvmctrl.o
 .text.NVMCTRL_USER_ROW_PageWrite
                0x0000000000000000       0x1e build/default/production/_ext/1593096446/plib_nvmctrl.o
 .text.NVMCTRL_USER_ROW_RowErase
                0x0000000000000000       0x22 build/default/production/_ext/1593096446/plib_nvmctrl.o
 .text.NVMCTRL_BOCOR_ROW_PageWrite
                0x0000000000000000       0x1e build/default/production/_ext/1593096446/plib_nvmctrl.o
 .text.NVMCTRL_BOCOR_ROW_RowErase
                0x0000000000000000       0x22 build/default/production/_ext/1593096446/plib_nvmctrl.o
 .text.NVMCTRL_ErrorGet
                0x0000000000000000       0x28 build/default/production/_ext/1593096446/plib_nvmctrl.o
 .text.NVMCTRL_IsBusy
                0x0000000000000000       0x16 build/default/production/_ext/1593096446/plib_nvmctrl.o
 .text.NVMCTRL_RegionLock
                0x0000000000000000       0x16 build/default/production/_ext/1593096446/plib_nvmctrl.o
 .text.NVMCTRL_RegionUnlock
                0x0000000000000000       0x16 build/default/production/_ext/1593096446/plib_nvmctrl.o
 .text.NVMCTRL_SecureRegionLock
                0x0000000000000000       0x16 build/default/production/_ext/1593096446/plib_nvmctrl.o
 .text.NVMCTRL_SecureRegionUnlock
                0x0000000000000000       0x16 build/default/production/_ext/1593096446/plib_nvmctrl.o
 .text.NVMCTRL_DataScrambleKeySet
                0x0000000000000000       0x10 build/default/production/_ext/1593096446/plib_nvmctrl.o
 .text.NVMCTRL_DataScrambleEnable
                0x0000000000000000       0x36 build/default/production/_ext/1593096446/plib_nvmctrl.o
 .text          0x0000000000000000        0x0 build/default/production/_ext/829342769/plib_pm.o
 .data          0x0000000000000000        0x0 build/default/production/_ext/829342769/plib_pm.o
 .bss           0x0000000000000000        0x0 build/default/production/_ext/829342769/plib_pm.o
 .text.PM_IdleModeEnter
                0x0000000000000000       0x1e build/default/production/_ext/829342769/plib_pm.o
 .text.PM_StandbyModeEnter
                0x0000000000000000       0x1e build/default/production/_ext/829342769/plib_pm.o
 .text.PM_OffModeEnter
                0x0000000000000000       0x20 build/default/production/_ext/829342769/plib_pm.o
 .text.PM_ConfigurePerformanceLevel
                0x0000000000000000       0x50 build/default/production/_ext/829342769/plib_pm.o
 .text          0x0000000000000000        0x0 build/default/production/_ext/1865521619/plib_port.o
 .data          0x0000000000000000        0x0 build/default/production/_ext/1865521619/plib_port.o
 .bss           0x0000000000000000        0x0 build/default/production/_ext/1865521619/plib_port.o
 .text.PORT_GroupRead
                0x0000000000000000        0x4 build/default/production/_ext/1865521619/plib_port.o
 .text.PORT_GroupWrite
                0x0000000000000000        0xc build/default/production/_ext/1865521619/plib_port.o
 .text.PORT_GroupLatchRead
                0x0000000000000000        0x4 build/default/production/_ext/1865521619/plib_port.o
 .text.PORT_GroupSet
                0x0000000000000000        0x4 build/default/production/_ext/1865521619/plib_port.o
 .text.PORT_GroupClear
                0x0000000000000000        0x4 build/default/production/_ext/1865521619/plib_port.o
 .text.PORT_GroupToggle
                0x0000000000000000        0x4 build/default/production/_ext/1865521619/plib_port.o
 .text.PORT_GroupInputEnable
                0x0000000000000000       0x2a build/default/production/_ext/1865521619/plib_port.o
 .text.PORT_GroupOutputEnable
                0x0000000000000000        0x4 build/default/production/_ext/1865521619/plib_port.o
 .text.PORT_PinPeripheralFunctionConfig
                0x0000000000000000       0x48 build/default/production/_ext/1865521619/plib_port.o
 .text.PORT_PinGPIOConfig
                0x0000000000000000       0x20 build/default/production/_ext/1865521619/plib_port.o
 .text          0x0000000000000000        0x0 build/default/production/_ext/163028504/xc32_monitor.o
 .data          0x0000000000000000        0x0 build/default/production/_ext/163028504/xc32_monitor.o
 .bss           0x0000000000000000        0x0 build/default/production/_ext/163028504/xc32_monitor.o
 .text.read     0x0000000000000000        0x6 build/default/production/_ext/163028504/xc32_monitor.o
 .text.write    0x0000000000000000        0x6 build/default/production/_ext/163028504/xc32_monitor.o
 .debug_info    0x0000000000000000       0xf5 build/default/production/_ext/163028504/xc32_monitor.o
 .debug_abbrev  0x0000000000000000       0xb2 build/default/production/_ext/163028504/xc32_monitor.o
 .debug_loc     0x0000000000000000       0x4a build/default/production/_ext/163028504/xc32_monitor.o
 .debug_aranges
                0x0000000000000000       0x28 build/default/production/_ext/163028504/xc32_monitor.o
 .debug_ranges  0x0000000000000000       0x18 build/default/production/_ext/163028504/xc32_monitor.o
 .debug_line    0x0000000000000000       0xce build/default/production/_ext/163028504/xc32_monitor.o
 .debug_str     0x0000000000000000      0x28f build/default/production/_ext/163028504/xc32_monitor.o
 .comment       0x0000000000000000       0x2c build/default/production/_ext/163028504/xc32_monitor.o
 .debug_frame   0x0000000000000000       0x30 build/default/production/_ext/163028504/xc32_monitor.o
 .ARM.attributes
                0x0000000000000000       0x30 build/default/production/_ext/163028504/xc32_monitor.o
 .text          0x0000000000000000        0x0 build/default/production/_ext/1171490990/startup_xc32.o
 .data          0x0000000000000000        0x0 build/default/production/_ext/1171490990/startup_xc32.o
 .bss           0x0000000000000000        0x0 build/default/production/_ext/1171490990/startup_xc32.o
 .text          0x0000000000000000        0x0 build/default/production/_ext/1171490990/exceptions.o
 .data          0x0000000000000000        0x0 build/default/production/_ext/1171490990/exceptions.o
 .bss           0x0000000000000000        0x0 build/default/production/_ext/1171490990/exceptions.o
 .text.DebugMonitor_Handler
                0x0000000000000000        0x2 build/default/production/_ext/1171490990/exceptions.o
 .text.MemoryManagement_Handler
                0x0000000000000000        0x2 build/default/production/_ext/1171490990/exceptions.o
 .text.BusFault_Handler
                0x0000000000000000        0x2 build/default/production/_ext/1171490990/exceptions.o
 .text.UsageFault_Handler
                0x0000000000000000        0x2 build/default/production/_ext/1171490990/exceptions.o
 .text          0x0000000000000000        0x0 build/default/production/_ext/1171490990/initialization.o
 .data          0x0000000000000000        0x0 build/default/production/_ext/1171490990/initialization.o
 .bss           0x0000000000000000        0x0 build/default/production/_ext/1171490990/initialization.o
 .text          0x0000000000000000        0x0 build/default/production/_ext/1171490990/libc_syscalls.o
 .data          0x0000000000000000        0x0 build/default/production/_ext/1171490990/libc_syscalls.o
 .bss           0x0000000000000000        0x0 build/default/production/_ext/1171490990/libc_syscalls.o
 .text._exit    0x0000000000000000        0x2 build/default/production/_ext/1171490990/libc_syscalls.o
 .debug_info    0x0000000000000000       0xaa build/default/production/_ext/1171490990/libc_syscalls.o
 .debug_abbrev  0x0000000000000000       0x5d build/default/production/_ext/1171490990/libc_syscalls.o
 .debug_loc     0x0000000000000000       0x15 build/default/production/_ext/1171490990/libc_syscalls.o
 .debug_aranges
                0x0000000000000000       0x20 build/default/production/_ext/1171490990/libc_syscalls.o
 .debug_ranges  0x0000000000000000       0x10 build/default/production/_ext/1171490990/libc_syscalls.o
 .debug_line    0x0000000000000000       0x5b build/default/production/_ext/1171490990/libc_syscalls.o
 .debug_str     0x0000000000000000      0x2d3 build/default/production/_ext/1171490990/libc_syscalls.o
 .comment       0x0000000000000000       0x2c build/default/production/_ext/1171490990/libc_syscalls.o
 .debug_frame   0x0000000000000000       0x20 build/default/production/_ext/1171490990/libc_syscalls.o
 .ARM.attributes
                0x0000000000000000       0x30 build/default/production/_ext/1171490990/libc_syscalls.o
 .text          0x0000000000000000        0x0 build/default/production/_ext/1171490990/interrupts.o
 .data          0x0000000000000000        0x0 build/default/production/_ext/1171490990/interrupts.o
 .bss           0x0000000000000000        0x0 build/default/production/_ext/1171490990/interrupts.o
 .text          0x0000000000000000        0x0 build/default/production/_ext/1903470166/nonsecure_entry.o
 .data          0x0000000000000000        0x0 build/default/production/_ext/1903470166/nonsecure_entry.o
 .bss           0x0000000000000000        0x0 build/default/production/_ext/1903470166/nonsecure_entry.o
 .text          0x0000000000000000        0x0 build/default/production/_ext/1360937237/main.o
 .data          0x0000000000000000        0x0 build/default/production/_ext/1360937237/main.o
 .bss           0x0000000000000000        0x0 build/default/production/_ext/1360937237/main.o
 .text          0x0000000000000000        0x0 C:\Users\Shaquil\AppData\Local\Temp\cc40ZYkO.o
 .data          0x0000000000000000        0x0 C:\Users\Shaquil\AppData\Local\Temp\cc40ZYkO.o
 .bss           0x0000000000000000        0x0 C:\Users\Shaquil\AppData\Local\Temp\cc40ZYkO.o
 .text.Reset_Handler
                0x0000000000000000       0x7e C:\Users\Shaquil\AppData\Local\Temp\cc40ZYkO.o
 .text          0x0000000000000000        0x0 c:/program files/microchip/xc32/v4.45/bin/bin/../../lib/gcc/pic32c/8.3.1/../../../../pic32c/lib/thumb/v8-m.base/nofp\libpic32c.a(data_init.o)
 .data          0x0000000000000000        0x0 c:/program files/microchip/xc32/v4.45/bin/bin/../../lib/gcc/pic32c/8.3.1/../../../../pic32c/lib/thumb/v8-m.base/nofp\libpic32c.a(data_init.o)
 .xc_stack_usage
                0x0000000000000000       0x4a c:/program files/microchip/xc32/v4.45/bin/bin/../../lib/gcc/pic32c/8.3.1/../../../../pic32c/lib/thumb/v8-m.base/nofp\libpic32c.a(data_init.o)
 .xc_stack_usage.hdr
                0x0000000000000000        0xe c:/program files/microchip/xc32/v4.45/bin/bin/../../lib/gcc/pic32c/8.3.1/../../../../pic32c/lib/thumb/v8-m.base/nofp\libpic32c.a(data_init.o)
 .text          0x0000000000000000        0x0 c:/program files/microchip/xc32/v4.45/bin/bin/../../lib/gcc/pic32c/8.3.1/../../../../pic32c/lib/thumb/v8-m.base/nofp\libc-size-musl.a(memcpy.o)
 .data          0x0000000000000000        0x0 c:/program files/microchip/xc32/v4.45/bin/bin/../../lib/gcc/pic32c/8.3.1/../../../../pic32c/lib/thumb/v8-m.base/nofp\libc-size-musl.a(memcpy.o)
 .bss           0x0000000000000000        0x0 c:/program files/microchip/xc32/v4.45/bin/bin/../../lib/gcc/pic32c/8.3.1/../../../../pic32c/lib/thumb/v8-m.base/nofp\libc-size-musl.a(memcpy.o)
 .xc_stack_usage
                0x0000000000000000       0x14 c:/program files/microchip/xc32/v4.45/bin/bin/../../lib/gcc/pic32c/8.3.1/../../../../pic32c/lib/thumb/v8-m.base/nofp\libc-size-musl.a(memcpy.o)
 .text.memcpy   0x0000000000000000       0x14 c:/program files/microchip/xc32/v4.45/bin/bin/../../lib/gcc/pic32c/8.3.1/../../../../pic32c/lib/thumb/v8-m.base/nofp\libc-size-musl.a(memcpy.o)
 .xc_stack_usage.hdr
                0x0000000000000000        0xe c:/program files/microchip/xc32/v4.45/bin/bin/../../lib/gcc/pic32c/8.3.1/../../../../pic32c/lib/thumb/v8-m.base/nofp\libc-size-musl.a(memcpy.o)
 .debug_info    0x0000000000000000       0xed c:/program files/microchip/xc32/v4.45/bin/bin/../../lib/gcc/pic32c/8.3.1/../../../../pic32c/lib/thumb/v8-m.base/nofp\libc-size-musl.a(memcpy.o)
 .debug_abbrev  0x0000000000000000       0xbb c:/program files/microchip/xc32/v4.45/bin/bin/../../lib/gcc/pic32c/8.3.1/../../../../pic32c/lib/thumb/v8-m.base/nofp\libc-size-musl.a(memcpy.o)
 .debug_loc     0x0000000000000000      0x12d c:/program files/microchip/xc32/v4.45/bin/bin/../../lib/gcc/pic32c/8.3.1/../../../../pic32c/lib/thumb/v8-m.base/nofp\libc-size-musl.a(memcpy.o)
 .debug_aranges
                0x0000000000000000       0x20 c:/program files/microchip/xc32/v4.45/bin/bin/../../lib/gcc/pic32c/8.3.1/../../../../pic32c/lib/thumb/v8-m.base/nofp\libc-size-musl.a(memcpy.o)
 .debug_ranges  0x0000000000000000       0x10 c:/program files/microchip/xc32/v4.45/bin/bin/../../lib/gcc/pic32c/8.3.1/../../../../pic32c/lib/thumb/v8-m.base/nofp\libc-size-musl.a(memcpy.o)
 .debug_line    0x0000000000000000       0xee c:/program files/microchip/xc32/v4.45/bin/bin/../../lib/gcc/pic32c/8.3.1/../../../../pic32c/lib/thumb/v8-m.base/nofp\libc-size-musl.a(memcpy.o)
 .debug_str     0x0000000000000000      0x232 c:/program files/microchip/xc32/v4.45/bin/bin/../../lib/gcc/pic32c/8.3.1/../../../../pic32c/lib/thumb/v8-m.base/nofp\libc-size-musl.a(memcpy.o)
 .comment       0x0000000000000000       0x2c c:/program files/microchip/xc32/v4.45/bin/bin/../../lib/gcc/pic32c/8.3.1/../../../../pic32c/lib/thumb/v8-m.base/nofp\libc-size-musl.a(memcpy.o)
 .note.GNU-stack
                0x0000000000000000        0x0 c:/program files/microchip/xc32/v4.45/bin/bin/../../lib/gcc/pic32c/8.3.1/../../../../pic32c/lib/thumb/v8-m.base/nofp\libc-size-musl.a(memcpy.o)
 .debug_frame   0x0000000000000000       0x28 c:/program files/microchip/xc32/v4.45/bin/bin/../../lib/gcc/pic32c/8.3.1/../../../../pic32c/lib/thumb/v8-m.base/nofp\libc-size-musl.a(memcpy.o)
 .ARM.attributes
                0x0000000000000000       0x32 c:/program files/microchip/xc32/v4.45/bin/bin/../../lib/gcc/pic32c/8.3.1/../../../../pic32c/lib/thumb/v8-m.base/nofp\libc-size-musl.a(memcpy.o)
 .text          0x0000000000000000        0x0 c:/program files/microchip/xc32/v4.45/bin/bin/../../lib/gcc/pic32c/8.3.1/../../../../pic32c/lib/thumb/v8-m.base/nofp\libc-musl.a(__libc_start_main.o)
 .data          0x0000000000000000        0x0 c:/program files/microchip/xc32/v4.45/bin/bin/../../lib/gcc/pic32c/8.3.1/../../../../pic32c/lib/thumb/v8-m.base/nofp\libc-musl.a(__libc_start_main.o)
 .bss           0x0000000000000000        0x0 c:/program files/microchip/xc32/v4.45/bin/bin/../../lib/gcc/pic32c/8.3.1/../../../../pic32c/lib/thumb/v8-m.base/nofp\libc-musl.a(__libc_start_main.o)
 .xc_stack_usage
                0x0000000000000000       0x34 c:/program files/microchip/xc32/v4.45/bin/bin/../../lib/gcc/pic32c/8.3.1/../../../../pic32c/lib/thumb/v8-m.base/nofp\libc-musl.a(__libc_start_main.o)
 .xc_stack_usage.hdr
                0x0000000000000000        0xe c:/program files/microchip/xc32/v4.45/bin/bin/../../lib/gcc/pic32c/8.3.1/../../../../pic32c/lib/thumb/v8-m.base/nofp\libc-musl.a(__libc_start_main.o)
 .text          0x0000000000000000        0x0 c:/program files/microchip/xc32/v4.45/bin/bin/../../lib/gcc/pic32c/8.3.1/../../../../pic32c/lib/thumb/v8-m.base/nofp\libc-musl.a(libc.o)
 .data          0x0000000000000000        0x0 c:/program files/microchip/xc32/v4.45/bin/bin/../../lib/gcc/pic32c/8.3.1/../../../../pic32c/lib/thumb/v8-m.base/nofp\libc-musl.a(libc.o)
 .xc_stack_usage.hdr
                0x0000000000000000        0xe c:/program files/microchip/xc32/v4.45/bin/bin/../../lib/gcc/pic32c/8.3.1/../../../../pic32c/lib/thumb/v8-m.base/nofp\libc-musl.a(libc.o)
 .text          0x0000000000000000        0x0 c:/program files/microchip/xc32/v4.45/bin/bin/../../lib/gcc/pic32c/8.3.1/../../../../pic32c/lib/thumb/v8-m.base/nofp\libc-musl.a(__environ.o)
 .data          0x0000000000000000        0x0 c:/program files/microchip/xc32/v4.45/bin/bin/../../lib/gcc/pic32c/8.3.1/../../../../pic32c/lib/thumb/v8-m.base/nofp\libc-musl.a(__environ.o)
 .xc_stack_usage.hdr
                0x0000000000000000        0xe c:/program files/microchip/xc32/v4.45/bin/bin/../../lib/gcc/pic32c/8.3.1/../../../../pic32c/lib/thumb/v8-m.base/nofp\libc-musl.a(__environ.o)
 .data          0x0000000000000000        0x0 c:/program files/microchip/xc32/v4.45/bin/bin/../../lib/gcc/pic32c/8.3.1/thumb/v8-m.base/nofp\libgcc.a(cmse_nonsecure_call.o)
 .bss           0x0000000000000000        0x0 c:/program files/microchip/xc32/v4.45/bin/bin/../../lib/gcc/pic32c/8.3.1/thumb/v8-m.base/nofp\libgcc.a(cmse_nonsecure_call.o)
 .xc_stack_usage.hdr
                0x0000000000000000        0xe c:/program files/microchip/xc32/v4.45/bin/bin/../../lib/gcc/pic32c/8.3.1/thumb/v8-m.base/nofp\libgcc.a(cmse_nonsecure_call.o)
 .xc_stack_usage
                0x0000000000000000       0x27 c:/program files/microchip/xc32/v4.45/bin/bin/../../lib/gcc/pic32c/8.3.1/thumb/v8-m.base/nofp\libgcc.a(cmse_nonsecure_call.o)
 .text          0x0000000000000000        0x0 c:/program files/microchip/xc32/v4.45/bin/bin/../../lib/gcc/pic32c/8.3.1/thumb/v8-m.base/nofp/crtend.o
 .data          0x0000000000000000        0x0 c:/program files/microchip/xc32/v4.45/bin/bin/../../lib/gcc/pic32c/8.3.1/thumb/v8-m.base/nofp/crtend.o
 .bss           0x0000000000000000        0x0 c:/program files/microchip/xc32/v4.45/bin/bin/../../lib/gcc/pic32c/8.3.1/thumb/v8-m.base/nofp/crtend.o
 .eh_frame      0x0000000000000000        0x4 c:/program files/microchip/xc32/v4.45/bin/bin/../../lib/gcc/pic32c/8.3.1/thumb/v8-m.base/nofp/crtend.o
 .xc_stack_usage.hdr
                0x0000000000000000        0xe c:/program files/microchip/xc32/v4.45/bin/bin/../../lib/gcc/pic32c/8.3.1/thumb/v8-m.base/nofp/crtend.o
 .comment       0x0000000000000000       0x2c c:/program files/microchip/xc32/v4.45/bin/bin/../../lib/gcc/pic32c/8.3.1/thumb/v8-m.base/nofp/crtend.o
 .ARM.attributes
                0x0000000000000000       0x30 c:/program files/microchip/xc32/v4.45/bin/bin/../../lib/gcc/pic32c/8.3.1/thumb/v8-m.base/nofp/crtend.o
 .text          0x0000000000000000        0x0 c:/program files/microchip/xc32/v4.45/bin/bin/../../lib/gcc/pic32c/8.3.1/thumb/v8-m.base/nofp/crtn.o
 .data          0x0000000000000000        0x0 c:/program files/microchip/xc32/v4.45/bin/bin/../../lib/gcc/pic32c/8.3.1/thumb/v8-m.base/nofp/crtn.o
 .bss           0x0000000000000000        0x0 c:/program files/microchip/xc32/v4.45/bin/bin/../../lib/gcc/pic32c/8.3.1/thumb/v8-m.base/nofp/crtn.o
 .xc_stack_usage.hdr
                0x0000000000000000        0xe c:/program files/microchip/xc32/v4.45/bin/bin/../../lib/gcc/pic32c/8.3.1/thumb/v8-m.base/nofp/crtn.o
 .text          0x0000000000000000        0x0 c:/program files/microchip/xc32/v4.45/bin/bin/../../lib/gcc/pic32c/8.3.1/../../../../pic32c/lib/thumb/v8-m.base/nofp\libpic32c.a(pic32_data_init_clear.o)
 .data          0x0000000000000000        0x0 c:/program files/microchip/xc32/v4.45/bin/bin/../../lib/gcc/pic32c/8.3.1/../../../../pic32c/lib/thumb/v8-m.base/nofp\libpic32c.a(pic32_data_init_clear.o)
 .bss           0x0000000000000000        0x0 c:/program files/microchip/xc32/v4.45/bin/bin/../../lib/gcc/pic32c/8.3.1/../../../../pic32c/lib/thumb/v8-m.base/nofp\libpic32c.a(pic32_data_init_clear.o)
 .xc_stack_usage
                0x0000000000000000       0x1b c:/program files/microchip/xc32/v4.45/bin/bin/../../lib/gcc/pic32c/8.3.1/../../../../pic32c/lib/thumb/v8-m.base/nofp\libpic32c.a(pic32_data_init_clear.o)
 .xc_stack_usage.hdr
                0x0000000000000000        0xe c:/program files/microchip/xc32/v4.45/bin/bin/../../lib/gcc/pic32c/8.3.1/../../../../pic32c/lib/thumb/v8-m.base/nofp\libpic32c.a(pic32_data_init_clear.o)
 .text          0x0000000000000000        0x0 c:/program files/microchip/xc32/v4.45/bin/bin/../../lib/gcc/pic32c/8.3.1/../../../../pic32c/lib/thumb/v8-m.base/nofp\libpic32c.a(pic32_data_init_copy.o)
 .data          0x0000000000000000        0x0 c:/program files/microchip/xc32/v4.45/bin/bin/../../lib/gcc/pic32c/8.3.1/../../../../pic32c/lib/thumb/v8-m.base/nofp\libpic32c.a(pic32_data_init_copy.o)
 .bss           0x0000000000000000        0x0 c:/program files/microchip/xc32/v4.45/bin/bin/../../lib/gcc/pic32c/8.3.1/../../../../pic32c/lib/thumb/v8-m.base/nofp\libpic32c.a(pic32_data_init_copy.o)
 .xc_stack_usage
                0x0000000000000000       0x1a c:/program files/microchip/xc32/v4.45/bin/bin/../../lib/gcc/pic32c/8.3.1/../../../../pic32c/lib/thumb/v8-m.base/nofp\libpic32c.a(pic32_data_init_copy.o)
 .xc_stack_usage.hdr
                0x0000000000000000        0xe c:/program files/microchip/xc32/v4.45/bin/bin/../../lib/gcc/pic32c/8.3.1/../../../../pic32c/lib/thumb/v8-m.base/nofp\libpic32c.a(pic32_data_init_copy.o)

Memory Configuration

Name             Origin             Length             Attributes
rom              0x0000000000000000 0x0000000000040000 xrl
rom_nsc          0x000000000003fe00 0x0000000000000200 xrl
ram              0x0000000020000000 0x0000000000008000 xw !r
config_00804000  0x0000000000804000 0x0000000000000004
config_00804004  0x0000000000804004 0x0000000000000004
config_00804008  0x0000000000804008 0x0000000000000004
config_0080400C  0x000000000080400c 0x0000000000000004
config_00804010  0x0000000000804010 0x0000000000000004
config_00804014  0x0000000000804014 0x0000000000000004
config_00804018  0x0000000000804018 0x0000000000000004
config_0080401C  0x000000000080401c 0x0000000000000004
config_00804020  0x0000000000804020 0x0000000000000004
*default*        0x0000000000000000 0xffffffffffffffff

Linker script and memory map

LOAD c:/program files/microchip/xc32/v4.45/bin/bin/../../lib/gcc/pic32c/8.3.1/thumb/v8-m.base/nofp/crti.o
LOAD c:/program files/microchip/xc32/v4.45/bin/bin/../../lib/gcc/pic32c/8.3.1/thumb/v8-m.base/nofp/crtbegin.o
LOAD build/default/production/_ext/1984496892/plib_clock.o
LOAD build/default/production/_ext/1986646378/plib_evsys.o
LOAD build/default/production/_ext/1865468468/plib_nvic.o
LOAD build/default/production/_ext/1593096446/plib_nvmctrl.o
LOAD build/default/production/_ext/829342769/plib_pm.o
LOAD build/default/production/_ext/1865521619/plib_port.o
LOAD build/default/production/_ext/163028504/xc32_monitor.o
LOAD build/default/production/_ext/1171490990/startup_xc32.o
LOAD build/default/production/_ext/1171490990/exceptions.o
LOAD build/default/production/_ext/1171490990/initialization.o
LOAD build/default/production/_ext/1171490990/libc_syscalls.o
LOAD build/default/production/_ext/1171490990/interrupts.o
LOAD build/default/production/_ext/1903470166/nonsecure_entry.o
LOAD build/default/production/_ext/1360937237/main.o
                0x0000000000000001                __MPLAB_BUILD = 0x1
                0x0000000000040000                __rom_end = (ORIGIN (rom) + LENGTH (rom))
                0x0000000000040000                __rom_nsc_end = (ORIGIN (rom_nsc) + LENGTH (rom_nsc))
                0x0000000020008000                __ram_end = (ORIGIN (ram) + LENGTH (ram))

.config_00804000
 *(.config_00804000)

.config_00804004
 *(.config_00804004)

.config_00804008
 *(.config_00804008)

.config_0080400C
 *(.config_0080400C)

.config_00804010
 *(.config_00804010)

.config_00804014
 *(.config_00804014)

.config_00804018
 *(.config_00804018)

.config_0080401C
 *(.config_0080401C)

.config_00804020
 *(.config_00804020)

.vectors        0x0000000000000000      0x2b8
                0x0000000000000000                . = ALIGN (0x4)
                0x0000000000000000                _sfixed = .
 *(.vectors .vectors.* .vectors_default .vectors_default.*)
 .vectors.exception_table
                0x0000000000000000      0x15c build/default/production/_ext/1171490990/interrupts.o
                0x0000000000000000                exception_table
 .vectors.default
                0x000000000000015c      0x15c C:\Users\Shaquil\AppData\Local\Temp\cc40ZYkO.o
 *(.isr_vector)
 *(.reset*)
 *(.after_vectors)

.text           0x00000000000002b8       0x30
                0x00000000000002b8                . = ALIGN (0x4)
 *(.glue_7t)
 .glue_7t       0x00000000000002b8        0x0 linker stubs
 *(.glue_7)
 .glue_7        0x00000000000002b8        0x0 linker stubs
 *veneer.o(.text.*)
 *nonsecure_entry.o(.text.*)
 .text.secure_add
                0x00000000000002b8       0x10 build/default/production/_ext/1903470166/nonsecure_entry.o
                0x00000000000002b8                __acle_se_secure_add
 *(.gnu.linkonce.r.*)
 *(.ARM.extab* .gnu.linkonce.armextab.*)
                0x00000000000002c8                . = ALIGN (0x4)
 *(.init)
 .init          0x00000000000002c8        0x4 c:/program files/microchip/xc32/v4.45/bin/bin/../../lib/gcc/pic32c/8.3.1/thumb/v8-m.base/nofp/crti.o
                0x00000000000002c8                _init
 .init          0x00000000000002cc        0x8 c:/program files/microchip/xc32/v4.45/bin/bin/../../lib/gcc/pic32c/8.3.1/thumb/v8-m.base/nofp/crtn.o
                0x00000000000002d4                . = ALIGN (0x4)
                0x00000000000002d4                __preinit_array_start = .
 *(.preinit_array)
                0x00000000000002d4                __preinit_array_end = .
                0x00000000000002d4                . = ALIGN (0x4)
                0x00000000000002d4                __init_array_start = .
 *(SORT_BY_NAME(.init_array.*))
 *(.init_array)
 .init_array    0x00000000000002d4        0x4 c:/program files/microchip/xc32/v4.45/bin/bin/../../lib/gcc/pic32c/8.3.1/thumb/v8-m.base/nofp/crtbegin.o
                0x00000000000002d8                __init_array_end = .
                0x00000000000002d8                . = ALIGN (0x4)
 *crtbegin.o(.ctors)
 *(EXCLUDE_FILE(*crtend.o) .ctors)
 *(SORT_BY_NAME(.ctors.*))
 *crtend.o(.ctors)
                0x00000000000002d8                . = ALIGN (0x4)
 *(.fini)
 .fini          0x00000000000002d8        0x4 c:/program files/microchip/xc32/v4.45/bin/bin/../../lib/gcc/pic32c/8.3.1/thumb/v8-m.base/nofp/crti.o
                0x00000000000002d8                _fini
 .fini          0x00000000000002dc        0x8 c:/program files/microchip/xc32/v4.45/bin/bin/../../lib/gcc/pic32c/8.3.1/thumb/v8-m.base/nofp/crtn.o
                0x00000000000002e4                . = ALIGN (0x4)
                0x00000000000002e4                __fini_array_start = .
 *(.fini_array)
 .fini_array    0x00000000000002e4        0x4 c:/program files/microchip/xc32/v4.45/bin/bin/../../lib/gcc/pic32c/8.3.1/thumb/v8-m.base/nofp/crtbegin.o
 *(SORT_BY_NAME(.fini_array.*))
                0x00000000000002e8                __fini_array_end = .
 *crtbegin.o(.dtors)
 *(EXCLUDE_FILE(*crtend.o) .dtors)
 *(SORT_BY_NAME(.dtors.*))
 *crtend.o(.dtors)
                0x00000000000002e8                . = ALIGN (0x4)
                0x00000000000002e8                _efixed = .
                [!provide]                        PROVIDE (__exidx_start = .)

.ARM.exidx
 *(.ARM.exidx* .gnu.linkonce.armexidx.*)
                [!provide]                        PROVIDE (__exidx_end = .)
                0x00000000000002e8                . = ALIGN (0x4)
                0x00000000000002e8                _etext = .
                0x00000000000002e8                . = ALIGN (0x4)

.gnu.sgstubs    0x000000000003fe00        0x8
                0x000000000003fe00                _ssgstubs = .
 .gnu.sgstubs.__stub
                0x000000000003fe00        0x8 linker stubs
                0x000000000003fe00                secure_add

.bss            0x0000000020000000        0x0
                0x0000000020000000                . = ALIGN (0x4)
                0x0000000020000000                __bss_start__ = .
                0x0000000020000000                _sbss = .
                0x0000000020000000                _szero = .
 *(COMMON)
                0x0000000020000000                . = ALIGN (0x4)
                0x0000000020000000                __bss_end__ = .
                0x0000000020000000                _ebss = .
                0x0000000020000000                _ezero = .
                0x0000000020000000                . = ALIGN (0x4)
                0x0000000020000000                _end = .
                0x0000000020007fff                _ram_end_ = ((ORIGIN (ram) + LENGTH (ram)) - 0x1)
                0x0000000000000200                _min_heap_size = 0x200
LOAD C:\Users\Shaquil\AppData\Local\Temp\cc40ZYkO.o
START GROUP
LOAD c:/program files/microchip/xc32/v4.45/bin/bin/../../lib/gcc/pic32c/8.3.1/../../../../pic32c/lib/thumb/v8-m.base/nofp\libpic32c.a
LOAD c:/program files/microchip/xc32/v4.45/bin/bin/../../lib/gcc/pic32c/8.3.1/../../../../pic32c/lib/thumb/v8-m.base/nofp\libc-size-musl.a
LOAD c:/program files/microchip/xc32/v4.45/bin/bin/../../lib/gcc/pic32c/8.3.1/../../../../pic32c/lib/thumb/v8-m.base/nofp\liblmalloc-musl.a
LOAD c:/program files/microchip/xc32/v4.45/bin/bin/../../lib/gcc/pic32c/8.3.1/../../../../pic32c/lib/thumb/v8-m.base/nofp\libm-fast-emfloat.a
LOAD c:/program files/microchip/xc32/v4.45/bin/bin/../../lib/gcc/pic32c/8.3.1/../../../../pic32c/lib/thumb/v8-m.base/nofp\libm-musl.a
LOAD c:/program files/microchip/xc32/v4.45/bin/bin/../../lib/gcc/pic32c/8.3.1/../../../../pic32c/lib/thumb/v8-m.base/nofp\libc-musl.a
LOAD c:/program files/microchip/xc32/v4.45/bin/bin/../../lib/gcc/pic32c/8.3.1/../../../../pic32c/lib/thumb/v8-m.base/nofp\libm-fast-emfloat.a
LOAD c:/program files/microchip/xc32/v4.45/bin/bin/../../lib/gcc/pic32c/8.3.1/../../../../pic32c/lib/thumb/v8-m.base/nofp\libm-musl.a
LOAD c:/program files/microchip/xc32/v4.45/bin/bin/../../lib/gcc/pic32c/8.3.1/thumb/v8-m.base/nofp\libgcc.a
END GROUP
LOAD c:/program files/microchip/xc32/v4.45/bin/bin/../../lib/gcc/pic32c/8.3.1/thumb/v8-m.base/nofp/crtend.o
LOAD c:/program files/microchip/xc32/v4.45/bin/bin/../../lib/gcc/pic32c/8.3.1/thumb/v8-m.base/nofp/crtn.o
OUTPUT(dist/default/production/gps2ndtry_secure.X.production.elf elf32-littlearm)
LOAD data_init
LOAD stack

.ARM.attributes
                0x0000000000000000       0x2e
 .ARM.attributes
                0x0000000000000000       0x22 c:/program files/microchip/xc32/v4.45/bin/bin/../../lib/gcc/pic32c/8.3.1/thumb/v8-m.base/nofp/crti.o
 .ARM.attributes
                0x0000000000000022       0x30 c:/program files/microchip/xc32/v4.45/bin/bin/../../lib/gcc/pic32c/8.3.1/thumb/v8-m.base/nofp/crtbegin.o
 .ARM.attributes
                0x0000000000000052       0x30 build/default/production/_ext/1984496892/plib_clock.o
 .ARM.attributes
                0x0000000000000082       0x30 build/default/production/_ext/1986646378/plib_evsys.o
 .ARM.attributes
                0x00000000000000b2       0x30 build/default/production/_ext/1865468468/plib_nvic.o
 .ARM.attributes
                0x00000000000000e2       0x30 build/default/production/_ext/1593096446/plib_nvmctrl.o
 .ARM.attributes
                0x0000000000000112       0x30 build/default/production/_ext/829342769/plib_pm.o
 .ARM.attributes
                0x0000000000000142       0x30 build/default/production/_ext/1865521619/plib_port.o
 .ARM.attributes
                0x0000000000000172       0x30 build/default/production/_ext/1171490990/startup_xc32.o
 .ARM.attributes
                0x00000000000001a2       0x30 build/default/production/_ext/1171490990/exceptions.o
 .ARM.attributes
                0x00000000000001d2       0x30 build/default/production/_ext/1171490990/initialization.o
 .ARM.attributes
                0x0000000000000202       0x30 build/default/production/_ext/1171490990/interrupts.o
 .ARM.attributes
                0x0000000000000232       0x30 build/default/production/_ext/1903470166/nonsecure_entry.o
 .ARM.attributes
                0x0000000000000262       0x30 build/default/production/_ext/1360937237/main.o
 .ARM.attributes
                0x0000000000000292       0x30 C:\Users\Shaquil\AppData\Local\Temp\cc40ZYkO.o
 .ARM.attributes
                0x00000000000002c2       0x30 c:/program files/microchip/xc32/v4.45/bin/bin/../../lib/gcc/pic32c/8.3.1/../../../../pic32c/lib/thumb/v8-m.base/nofp\libpic32c.a(data_init.o)
 .ARM.attributes
                0x00000000000002f2       0x32 c:/program files/microchip/xc32/v4.45/bin/bin/../../lib/gcc/pic32c/8.3.1/../../../../pic32c/lib/thumb/v8-m.base/nofp\libc-musl.a(__libc_start_main.o)
 .ARM.attributes
                0x0000000000000324       0x32 c:/program files/microchip/xc32/v4.45/bin/bin/../../lib/gcc/pic32c/8.3.1/../../../../pic32c/lib/thumb/v8-m.base/nofp\libc-musl.a(libc.o)
 .ARM.attributes
                0x0000000000000356       0x32 c:/program files/microchip/xc32/v4.45/bin/bin/../../lib/gcc/pic32c/8.3.1/../../../../pic32c/lib/thumb/v8-m.base/nofp\libc-musl.a(__environ.o)
 .ARM.attributes
                0x0000000000000388       0x20 c:/program files/microchip/xc32/v4.45/bin/bin/../../lib/gcc/pic32c/8.3.1/thumb/v8-m.base/nofp\libgcc.a(cmse_nonsecure_call.o)
 .ARM.attributes
                0x00000000000003a8       0x22 c:/program files/microchip/xc32/v4.45/bin/bin/../../lib/gcc/pic32c/8.3.1/thumb/v8-m.base/nofp/crtn.o
 .ARM.attributes
                0x00000000000003ca       0x30 c:/program files/microchip/xc32/v4.45/bin/bin/../../lib/gcc/pic32c/8.3.1/../../../../pic32c/lib/thumb/v8-m.base/nofp\libpic32c.a(pic32_data_init_clear.o)
 .ARM.attributes
                0x00000000000003fa       0x30 c:/program files/microchip/xc32/v4.45/bin/bin/../../lib/gcc/pic32c/8.3.1/../../../../pic32c/lib/thumb/v8-m.base/nofp\libpic32c.a(pic32_data_init_copy.o)

.comment        0x0000000000000000       0x2b
 .comment       0x0000000000000000       0x2b c:/program files/microchip/xc32/v4.45/bin/bin/../../lib/gcc/pic32c/8.3.1/thumb/v8-m.base/nofp/crtbegin.o
                                         0x2c (size before relaxing)
 .comment       0x000000000000002b       0x2c build/default/production/_ext/1984496892/plib_clock.o
 .comment       0x000000000000002b       0x2c build/default/production/_ext/1986646378/plib_evsys.o
 .comment       0x000000000000002b       0x2c build/default/production/_ext/1865468468/plib_nvic.o
 .comment       0x000000000000002b       0x2c build/default/production/_ext/1593096446/plib_nvmctrl.o
 .comment       0x000000000000002b       0x2c build/default/production/_ext/829342769/plib_pm.o
 .comment       0x000000000000002b       0x2c build/default/production/_ext/1865521619/plib_port.o
 .comment       0x000000000000002b       0x2c build/default/production/_ext/1171490990/startup_xc32.o
 .comment       0x000000000000002b       0x2c build/default/production/_ext/1171490990/exceptions.o
 .comment       0x000000000000002b       0x2c build/default/production/_ext/1171490990/initialization.o
 .comment       0x000000000000002b       0x2c build/default/production/_ext/1171490990/interrupts.o
 .comment       0x000000000000002b       0x2c build/default/production/_ext/1903470166/nonsecure_entry.o
 .comment       0x000000000000002b       0x2c build/default/production/_ext/1360937237/main.o
 .comment       0x000000000000002b       0x2c C:\Users\Shaquil\AppData\Local\Temp\cc40ZYkO.o
 .comment       0x000000000000002b       0x2c c:/program files/microchip/xc32/v4.45/bin/bin/../../lib/gcc/pic32c/8.3.1/../../../../pic32c/lib/thumb/v8-m.base/nofp\libpic32c.a(data_init.o)
 .comment       0x000000000000002b       0x2c c:/program files/microchip/xc32/v4.45/bin/bin/../../lib/gcc/pic32c/8.3.1/../../../../pic32c/lib/thumb/v8-m.base/nofp\libc-musl.a(__libc_start_main.o)
 .comment       0x000000000000002b       0x2c c:/program files/microchip/xc32/v4.45/bin/bin/../../lib/gcc/pic32c/8.3.1/../../../../pic32c/lib/thumb/v8-m.base/nofp\libc-musl.a(libc.o)
 .comment       0x000000000000002b       0x2c c:/program files/microchip/xc32/v4.45/bin/bin/../../lib/gcc/pic32c/8.3.1/../../../../pic32c/lib/thumb/v8-m.base/nofp\libc-musl.a(__environ.o)
 .comment       0x000000000000002b       0x2c c:/program files/microchip/xc32/v4.45/bin/bin/../../lib/gcc/pic32c/8.3.1/../../../../pic32c/lib/thumb/v8-m.base/nofp\libpic32c.a(pic32_data_init_clear.o)
 .comment       0x000000000000002b       0x2c c:/program files/microchip/xc32/v4.45/bin/bin/../../lib/gcc/pic32c/8.3.1/../../../../pic32c/lib/thumb/v8-m.base/nofp\libpic32c.a(pic32_data_init_copy.o)

.debug_info     0x0000000000000000     0x3800
 .debug_info    0x0000000000000000      0x6c6 build/default/production/_ext/1984496892/plib_clock.o
 .debug_info    0x00000000000006c6       0x9b build/default/production/_ext/1986646378/plib_evsys.o
 .debug_info    0x0000000000000761      0x95e build/default/production/_ext/1865468468/plib_nvic.o
 .debug_info    0x00000000000010bf      0x846 build/default/production/_ext/1593096446/plib_nvmctrl.o
 .debug_info    0x0000000000001905      0x23b build/default/production/_ext/829342769/plib_pm.o
 .debug_info    0x0000000000001b40      0x6ba build/default/production/_ext/1865521619/plib_port.o
 .debug_info    0x00000000000021fa      0x205 build/default/production/_ext/1171490990/startup_xc32.o
 .debug_info    0x00000000000023ff      0x10f build/default/production/_ext/1171490990/exceptions.o
 .debug_info    0x000000000000250e      0x3b9 build/default/production/_ext/1171490990/initialization.o
 .debug_info    0x00000000000028c7      0x675 build/default/production/_ext/1171490990/interrupts.o
 .debug_info    0x0000000000002f3c       0x74 build/default/production/_ext/1903470166/nonsecure_entry.o
 .debug_info    0x0000000000002fb0      0x14f build/default/production/_ext/1360937237/main.o
 .debug_info    0x00000000000030ff       0x54 c:/program files/microchip/xc32/v4.45/bin/bin/../../lib/gcc/pic32c/8.3.1/../../../../pic32c/lib/thumb/v8-m.base/nofp\libpic32c.a(data_init.o)
 .debug_info    0x0000000000003153      0x2fb c:/program files/microchip/xc32/v4.45/bin/bin/../../lib/gcc/pic32c/8.3.1/../../../../pic32c/lib/thumb/v8-m.base/nofp\libc-musl.a(__libc_start_main.o)
 .debug_info    0x000000000000344e      0x276 c:/program files/microchip/xc32/v4.45/bin/bin/../../lib/gcc/pic32c/8.3.1/../../../../pic32c/lib/thumb/v8-m.base/nofp\libc-musl.a(libc.o)
 .debug_info    0x00000000000036c4       0x97 c:/program files/microchip/xc32/v4.45/bin/bin/../../lib/gcc/pic32c/8.3.1/../../../../pic32c/lib/thumb/v8-m.base/nofp\libc-musl.a(__environ.o)
 .debug_info    0x000000000000375b       0x26 c:/program files/microchip/xc32/v4.45/bin/bin/../../lib/gcc/pic32c/8.3.1/thumb/v8-m.base/nofp\libgcc.a(cmse_nonsecure_call.o)
 .debug_info    0x0000000000003781       0x3f c:/program files/microchip/xc32/v4.45/bin/bin/../../lib/gcc/pic32c/8.3.1/../../../../pic32c/lib/thumb/v8-m.base/nofp\libpic32c.a(pic32_data_init_clear.o)
 .debug_info    0x00000000000037c0       0x40 c:/program files/microchip/xc32/v4.45/bin/bin/../../lib/gcc/pic32c/8.3.1/../../../../pic32c/lib/thumb/v8-m.base/nofp\libpic32c.a(pic32_data_init_copy.o)

.debug_abbrev   0x0000000000000000     0x101c
 .debug_abbrev  0x0000000000000000      0x14b build/default/production/_ext/1984496892/plib_clock.o
 .debug_abbrev  0x000000000000014b       0x46 build/default/production/_ext/1986646378/plib_evsys.o
 .debug_abbrev  0x0000000000000191      0x246 build/default/production/_ext/1865468468/plib_nvic.o
 .debug_abbrev  0x00000000000003d7      0x1cf build/default/production/_ext/1593096446/plib_nvmctrl.o
 .debug_abbrev  0x00000000000005a6      0x106 build/default/production/_ext/829342769/plib_pm.o
 .debug_abbrev  0x00000000000006ac      0x1ea build/default/production/_ext/1865521619/plib_port.o
 .debug_abbrev  0x0000000000000896      0x118 build/default/production/_ext/1171490990/startup_xc32.o
 .debug_abbrev  0x00000000000009ae       0x49 build/default/production/_ext/1171490990/exceptions.o
 .debug_abbrev  0x00000000000009f7       0xe0 build/default/production/_ext/1171490990/initialization.o
 .debug_abbrev  0x0000000000000ad7       0xc0 build/default/production/_ext/1171490990/interrupts.o
 .debug_abbrev  0x0000000000000b97       0x53 build/default/production/_ext/1903470166/nonsecure_entry.o
 .debug_abbrev  0x0000000000000bea      0x115 build/default/production/_ext/1360937237/main.o
 .debug_abbrev  0x0000000000000cff       0x44 c:/program files/microchip/xc32/v4.45/bin/bin/../../lib/gcc/pic32c/8.3.1/../../../../pic32c/lib/thumb/v8-m.base/nofp\libpic32c.a(data_init.o)
 .debug_abbrev  0x0000000000000d43      0x133 c:/program files/microchip/xc32/v4.45/bin/bin/../../lib/gcc/pic32c/8.3.1/../../../../pic32c/lib/thumb/v8-m.base/nofp\libc-musl.a(__libc_start_main.o)
 .debug_abbrev  0x0000000000000e76       0xd4 c:/program files/microchip/xc32/v4.45/bin/bin/../../lib/gcc/pic32c/8.3.1/../../../../pic32c/lib/thumb/v8-m.base/nofp\libc-musl.a(libc.o)
 .debug_abbrev  0x0000000000000f4a       0x62 c:/program files/microchip/xc32/v4.45/bin/bin/../../lib/gcc/pic32c/8.3.1/../../../../pic32c/lib/thumb/v8-m.base/nofp\libc-musl.a(__environ.o)
 .debug_abbrev  0x0000000000000fac       0x14 c:/program files/microchip/xc32/v4.45/bin/bin/../../lib/gcc/pic32c/8.3.1/thumb/v8-m.base/nofp\libgcc.a(cmse_nonsecure_call.o)
 .debug_abbrev  0x0000000000000fc0       0x2e c:/program files/microchip/xc32/v4.45/bin/bin/../../lib/gcc/pic32c/8.3.1/../../../../pic32c/lib/thumb/v8-m.base/nofp\libpic32c.a(pic32_data_init_clear.o)
 .debug_abbrev  0x0000000000000fee       0x2e c:/program files/microchip/xc32/v4.45/bin/bin/../../lib/gcc/pic32c/8.3.1/../../../../pic32c/lib/thumb/v8-m.base/nofp\libpic32c.a(pic32_data_init_copy.o)

.debug_loc      0x0000000000000000      0xd4a
 .debug_loc     0x0000000000000000       0x20 build/default/production/_ext/1984496892/plib_clock.o
 .debug_loc     0x0000000000000020      0x234 build/default/production/_ext/1865468468/plib_nvic.o
 .debug_loc     0x0000000000000254      0x64d build/default/production/_ext/1593096446/plib_nvmctrl.o
 .debug_loc     0x00000000000008a1       0x63 build/default/production/_ext/829342769/plib_pm.o
 .debug_loc     0x0000000000000904      0x2bb build/default/production/_ext/1865521619/plib_port.o
 .debug_loc     0x0000000000000bbf       0x20 build/default/production/_ext/1171490990/startup_xc32.o
 .debug_loc     0x0000000000000bdf       0x45 build/default/production/_ext/1171490990/initialization.o
 .debug_loc     0x0000000000000c24       0x4a build/default/production/_ext/1903470166/nonsecure_entry.o
 .debug_loc     0x0000000000000c6e       0x56 build/default/production/_ext/1360937237/main.o
 .debug_loc     0x0000000000000cc4       0x14 c:/program files/microchip/xc32/v4.45/bin/bin/../../lib/gcc/pic32c/8.3.1/../../../../pic32c/lib/thumb/v8-m.base/nofp\libpic32c.a(data_init.o)
 .debug_loc     0x0000000000000cd8       0x5e c:/program files/microchip/xc32/v4.45/bin/bin/../../lib/gcc/pic32c/8.3.1/../../../../pic32c/lib/thumb/v8-m.base/nofp\libc-musl.a(__libc_start_main.o)
 .debug_loc     0x0000000000000d36       0x14 c:/program files/microchip/xc32/v4.45/bin/bin/../../lib/gcc/pic32c/8.3.1/../../../../pic32c/lib/thumb/v8-m.base/nofp\libpic32c.a(pic32_data_init_copy.o)

.debug_aranges  0x0000000000000000      0x3b8
 .debug_aranges
                0x0000000000000000       0x20 build/default/production/_ext/1984496892/plib_clock.o
 .debug_aranges
                0x0000000000000020       0x20 build/default/production/_ext/1986646378/plib_evsys.o
 .debug_aranges
                0x0000000000000040       0x48 build/default/production/_ext/1865468468/plib_nvic.o
 .debug_aranges
                0x0000000000000088       0xb0 build/default/production/_ext/1593096446/plib_nvmctrl.o
 .debug_aranges
                0x0000000000000138       0x40 build/default/production/_ext/829342769/plib_pm.o
 .debug_aranges
                0x0000000000000178       0x70 build/default/production/_ext/1865521619/plib_port.o
 .debug_aranges
                0x00000000000001e8       0x28 build/default/production/_ext/1171490990/startup_xc32.o
 .debug_aranges
                0x0000000000000210       0x48 build/default/production/_ext/1171490990/exceptions.o
 .debug_aranges
                0x0000000000000258       0x20 build/default/production/_ext/1171490990/initialization.o
 .debug_aranges
                0x0000000000000278       0x20 build/default/production/_ext/1171490990/interrupts.o
 .debug_aranges
                0x0000000000000298       0x20 build/default/production/_ext/1903470166/nonsecure_entry.o
 .debug_aranges
                0x00000000000002b8       0x20 build/default/production/_ext/1360937237/main.o
 .debug_aranges
                0x00000000000002d8       0x28 c:/program files/microchip/xc32/v4.45/bin/bin/../../lib/gcc/pic32c/8.3.1/../../../../pic32c/lib/thumb/v8-m.base/nofp\libpic32c.a(data_init.o)
 .debug_aranges
                0x0000000000000300       0x28 c:/program files/microchip/xc32/v4.45/bin/bin/../../lib/gcc/pic32c/8.3.1/../../../../pic32c/lib/thumb/v8-m.base/nofp\libc-musl.a(__libc_start_main.o)
 .debug_aranges
                0x0000000000000328       0x18 c:/program files/microchip/xc32/v4.45/bin/bin/../../lib/gcc/pic32c/8.3.1/../../../../pic32c/lib/thumb/v8-m.base/nofp\libc-musl.a(libc.o)
 .debug_aranges
                0x0000000000000340       0x18 c:/program files/microchip/xc32/v4.45/bin/bin/../../lib/gcc/pic32c/8.3.1/../../../../pic32c/lib/thumb/v8-m.base/nofp\libc-musl.a(__environ.o)
 .debug_aranges
                0x0000000000000358       0x20 c:/program files/microchip/xc32/v4.45/bin/bin/../../lib/gcc/pic32c/8.3.1/thumb/v8-m.base/nofp\libgcc.a(cmse_nonsecure_call.o)
 .debug_aranges
                0x0000000000000378       0x20 c:/program files/microchip/xc32/v4.45/bin/bin/../../lib/gcc/pic32c/8.3.1/../../../../pic32c/lib/thumb/v8-m.base/nofp\libpic32c.a(pic32_data_init_clear.o)
 .debug_aranges
                0x0000000000000398       0x20 c:/program files/microchip/xc32/v4.45/bin/bin/../../lib/gcc/pic32c/8.3.1/../../../../pic32c/lib/thumb/v8-m.base/nofp\libpic32c.a(pic32_data_init_copy.o)

.debug_ranges   0x0000000000000000      0x2a0
 .debug_ranges  0x0000000000000000       0x10 build/default/production/_ext/1984496892/plib_clock.o
 .debug_ranges  0x0000000000000010       0x10 build/default/production/_ext/1986646378/plib_evsys.o
 .debug_ranges  0x0000000000000020       0x50 build/default/production/_ext/1865468468/plib_nvic.o
 .debug_ranges  0x0000000000000070       0xa0 build/default/production/_ext/1593096446/plib_nvmctrl.o
 .debug_ranges  0x0000000000000110       0x30 build/default/production/_ext/829342769/plib_pm.o
 .debug_ranges  0x0000000000000140       0x60 build/default/production/_ext/1865521619/plib_port.o
 .debug_ranges  0x00000000000001a0       0x18 build/default/production/_ext/1171490990/startup_xc32.o
 .debug_ranges  0x00000000000001b8       0x38 build/default/production/_ext/1171490990/exceptions.o
 .debug_ranges  0x00000000000001f0       0x10 build/default/production/_ext/1171490990/initialization.o
 .debug_ranges  0x0000000000000200       0x10 build/default/production/_ext/1171490990/interrupts.o
 .debug_ranges  0x0000000000000210       0x10 build/default/production/_ext/1903470166/nonsecure_entry.o
 .debug_ranges  0x0000000000000220       0x10 build/default/production/_ext/1360937237/main.o
 .debug_ranges  0x0000000000000230       0x18 c:/program files/microchip/xc32/v4.45/bin/bin/../../lib/gcc/pic32c/8.3.1/../../../../pic32c/lib/thumb/v8-m.base/nofp\libpic32c.a(data_init.o)
 .debug_ranges  0x0000000000000248       0x38 c:/program files/microchip/xc32/v4.45/bin/bin/../../lib/gcc/pic32c/8.3.1/../../../../pic32c/lib/thumb/v8-m.base/nofp\libc-musl.a(__libc_start_main.o)
 .debug_ranges  0x0000000000000280       0x10 c:/program files/microchip/xc32/v4.45/bin/bin/../../lib/gcc/pic32c/8.3.1/../../../../pic32c/lib/thumb/v8-m.base/nofp\libpic32c.a(pic32_data_init_clear.o)
 .debug_ranges  0x0000000000000290       0x10 c:/program files/microchip/xc32/v4.45/bin/bin/../../lib/gcc/pic32c/8.3.1/../../../../pic32c/lib/thumb/v8-m.base/nofp\libpic32c.a(pic32_data_init_copy.o)

.debug_line     0x0000000000000000     0x1da3
 .debug_line    0x0000000000000000      0x22e build/default/production/_ext/1984496892/plib_clock.o
 .debug_line    0x000000000000022e       0x66 build/default/production/_ext/1986646378/plib_evsys.o
 .debug_line    0x0000000000000294      0x4ff build/default/production/_ext/1865468468/plib_nvic.o
 .debug_line    0x0000000000000793      0x49a build/default/production/_ext/1593096446/plib_nvmctrl.o
 .debug_line    0x0000000000000c2d      0x234 build/default/production/_ext/829342769/plib_pm.o
 .debug_line    0x0000000000000e61      0x302 build/default/production/_ext/1865521619/plib_port.o
 .debug_line    0x0000000000001163      0x157 build/default/production/_ext/1171490990/startup_xc32.o
 .debug_line    0x00000000000012ba       0xc6 build/default/production/_ext/1171490990/exceptions.o
 .debug_line    0x0000000000001380      0x23c build/default/production/_ext/1171490990/initialization.o
 .debug_line    0x00000000000015bc       0xba build/default/production/_ext/1171490990/interrupts.o
 .debug_line    0x0000000000001676       0x5f build/default/production/_ext/1903470166/nonsecure_entry.o
 .debug_line    0x00000000000016d5      0x128 build/default/production/_ext/1360937237/main.o
 .debug_line    0x00000000000017fd       0x8e c:/program files/microchip/xc32/v4.45/bin/bin/../../lib/gcc/pic32c/8.3.1/../../../../pic32c/lib/thumb/v8-m.base/nofp\libpic32c.a(data_init.o)
 .debug_line    0x000000000000188b      0x1bf c:/program files/microchip/xc32/v4.45/bin/bin/../../lib/gcc/pic32c/8.3.1/../../../../pic32c/lib/thumb/v8-m.base/nofp\libc-musl.a(__libc_start_main.o)
 .debug_line    0x0000000000001a4a       0xb5 c:/program files/microchip/xc32/v4.45/bin/bin/../../lib/gcc/pic32c/8.3.1/../../../../pic32c/lib/thumb/v8-m.base/nofp\libc-musl.a(libc.o)
 .debug_line    0x0000000000001aff       0xfb c:/program files/microchip/xc32/v4.45/bin/bin/../../lib/gcc/pic32c/8.3.1/../../../../pic32c/lib/thumb/v8-m.base/nofp\libc-musl.a(__environ.o)
 .debug_line    0x0000000000001bfa       0xb2 c:/program files/microchip/xc32/v4.45/bin/bin/../../lib/gcc/pic32c/8.3.1/thumb/v8-m.base/nofp\libgcc.a(cmse_nonsecure_call.o)
 .debug_line    0x0000000000001cac       0x6f c:/program files/microchip/xc32/v4.45/bin/bin/../../lib/gcc/pic32c/8.3.1/../../../../pic32c/lib/thumb/v8-m.base/nofp\libpic32c.a(pic32_data_init_clear.o)
 .debug_line    0x0000000000001d1b       0x88 c:/program files/microchip/xc32/v4.45/bin/bin/../../lib/gcc/pic32c/8.3.1/../../../../pic32c/lib/thumb/v8-m.base/nofp\libpic32c.a(pic32_data_init_copy.o)

.debug_str      0x0000000000000000     0x50be
 .debug_str     0x0000000000000000      0x70d build/default/production/_ext/1984496892/plib_clock.o
 .debug_str     0x000000000000070d      0x2f1 build/default/production/_ext/1986646378/plib_evsys.o
 .debug_str     0x00000000000009fe      0x900 build/default/production/_ext/1865468468/plib_nvic.o
 .debug_str     0x00000000000012fe      0x770 build/default/production/_ext/1593096446/plib_nvmctrl.o
 .debug_str     0x0000000000001a6e      0x3f4 build/default/production/_ext/829342769/plib_pm.o
 .debug_str     0x0000000000001e62      0x7b7 build/default/production/_ext/1865521619/plib_port.o
 .debug_str     0x0000000000002619      0x36f build/default/production/_ext/1171490990/startup_xc32.o
 .debug_str     0x0000000000002988      0x34a build/default/production/_ext/1171490990/exceptions.o
 .debug_str     0x0000000000002cd2      0x4d1 build/default/production/_ext/1171490990/initialization.o
 .debug_str     0x00000000000031a3      0x9c2 build/default/production/_ext/1171490990/interrupts.o
 .debug_str     0x0000000000003b65      0x23e build/default/production/_ext/1903470166/nonsecure_entry.o
 .debug_str     0x0000000000003da3      0x321 build/default/production/_ext/1360937237/main.o
 .debug_str     0x00000000000040c4      0x1f8 c:/program files/microchip/xc32/v4.45/bin/bin/../../lib/gcc/pic32c/8.3.1/../../../../pic32c/lib/thumb/v8-m.base/nofp\libpic32c.a(data_init.o)
 .debug_str     0x00000000000042bc      0x3d7 c:/program files/microchip/xc32/v4.45/bin/bin/../../lib/gcc/pic32c/8.3.1/../../../../pic32c/lib/thumb/v8-m.base/nofp\libc-musl.a(__libc_start_main.o)
 .debug_str     0x0000000000004693      0x342 c:/program files/microchip/xc32/v4.45/bin/bin/../../lib/gcc/pic32c/8.3.1/../../../../pic32c/lib/thumb/v8-m.base/nofp\libc-musl.a(libc.o)
 .debug_str     0x00000000000049d5      0x242 c:/program files/microchip/xc32/v4.45/bin/bin/../../lib/gcc/pic32c/8.3.1/../../../../pic32c/lib/thumb/v8-m.base/nofp\libc-musl.a(__environ.o)
 .debug_str     0x0000000000004c17       0xe5 c:/program files/microchip/xc32/v4.45/bin/bin/../../lib/gcc/pic32c/8.3.1/thumb/v8-m.base/nofp\libgcc.a(cmse_nonsecure_call.o)
 .debug_str     0x0000000000004cfc      0x1e2 c:/program files/microchip/xc32/v4.45/bin/bin/../../lib/gcc/pic32c/8.3.1/../../../../pic32c/lib/thumb/v8-m.base/nofp\libpic32c.a(pic32_data_init_clear.o)
 .debug_str     0x0000000000004ede      0x1e0 c:/program files/microchip/xc32/v4.45/bin/bin/../../lib/gcc/pic32c/8.3.1/../../../../pic32c/lib/thumb/v8-m.base/nofp\libpic32c.a(pic32_data_init_copy.o)

.debug_frame    0x0000000000000000      0x56c
 .debug_frame   0x0000000000000000       0x20 build/default/production/_ext/1984496892/plib_clock.o
 .debug_frame   0x0000000000000020       0x20 build/default/production/_ext/1986646378/plib_evsys.o
 .debug_frame   0x0000000000000040       0x7c build/default/production/_ext/1865468468/plib_nvic.o
 .debug_frame   0x00000000000000bc      0x17c build/default/production/_ext/1593096446/plib_nvmctrl.o
 .debug_frame   0x0000000000000238       0x60 build/default/production/_ext/829342769/plib_pm.o
 .debug_frame   0x0000000000000298       0xe0 build/default/production/_ext/1865521619/plib_port.o
 .debug_frame   0x0000000000000378       0x38 build/default/production/_ext/1171490990/startup_xc32.o
 .debug_frame   0x00000000000003b0       0x70 build/default/production/_ext/1171490990/exceptions.o
 .debug_frame   0x0000000000000420       0x28 build/default/production/_ext/1171490990/initialization.o
 .debug_frame   0x0000000000000448       0x20 build/default/production/_ext/1171490990/interrupts.o
 .debug_frame   0x0000000000000468       0x20 build/default/production/_ext/1903470166/nonsecure_entry.o
 .debug_frame   0x0000000000000488       0x2c build/default/production/_ext/1360937237/main.o
 .debug_frame   0x00000000000004b4       0x38 c:/program files/microchip/xc32/v4.45/bin/bin/../../lib/gcc/pic32c/8.3.1/../../../../pic32c/lib/thumb/v8-m.base/nofp\libpic32c.a(data_init.o)
 .debug_frame   0x00000000000004ec       0x38 c:/program files/microchip/xc32/v4.45/bin/bin/../../lib/gcc/pic32c/8.3.1/../../../../pic32c/lib/thumb/v8-m.base/nofp\libc-musl.a(__libc_start_main.o)
 .debug_frame   0x0000000000000524       0x20 c:/program files/microchip/xc32/v4.45/bin/bin/../../lib/gcc/pic32c/8.3.1/../../../../pic32c/lib/thumb/v8-m.base/nofp\libpic32c.a(pic32_data_init_clear.o)
 .debug_frame   0x0000000000000544       0x28 c:/program files/microchip/xc32/v4.45/bin/bin/../../lib/gcc/pic32c/8.3.1/../../../../pic32c/lib/thumb/v8-m.base/nofp\libpic32c.a(pic32_data_init_copy.o)

.note.GNU-stack
                0x0000000000000000        0x0
 .note.GNU-stack
                0x0000000000000000        0x0 c:/program files/microchip/xc32/v4.45/bin/bin/../../lib/gcc/pic32c/8.3.1/../../../../pic32c/lib/thumb/v8-m.base/nofp\libc-musl.a(__libc_start_main.o)
 .note.GNU-stack
                0x0000000000000000        0x0 c:/program files/microchip/xc32/v4.45/bin/bin/../../lib/gcc/pic32c/8.3.1/../../../../pic32c/lib/thumb/v8-m.base/nofp\libc-musl.a(libc.o)
 .note.GNU-stack
                0x0000000000000000        0x0 c:/program files/microchip/xc32/v4.45/bin/bin/../../lib/gcc/pic32c/8.3.1/../../../../pic32c/lib/thumb/v8-m.base/nofp\libc-musl.a(__environ.o)

.stack          0x0000000020000290      0x100
 .stack         0x0000000020000290      0x100 stack

.bss%1          0x0000000020000000       0x50
 .bss           0x0000000020000000       0x50 c:/program files/microchip/xc32/v4.45/bin/bin/../../lib/gcc/pic32c/8.3.1/../../../../pic32c/lib/thumb/v8-m.base/nofp\libc-musl.a(libc.o)
                0x0000000020000000                __progname_full
                0x0000000020000000                program_invocation_name
                0x0000000020000004                program_invocation_short_name
                0x0000000020000004                __progname
                0x0000000020000008                __sysinfo
                0x000000002000000c                __hwcap
                0x0000000020000010                __libc

.bss%2          0x0000000020000050       0x1c
 .bss           0x0000000020000050       0x1c c:/program files/microchip/xc32/v4.45/bin/bin/../../lib/gcc/pic32c/8.3.1/thumb/v8-m.base/nofp/crtbegin.o

.bss%3          0x000000002000006c        0x4
 .bss           0x000000002000006c        0x4 c:/program files/microchip/xc32/v4.45/bin/bin/../../lib/gcc/pic32c/8.3.1/../../../../pic32c/lib/thumb/v8-m.base/nofp\libpic32c.a(data_init.o)

.bss%4          0x0000000020000070        0x4
 .bss           0x0000000020000070        0x4 c:/program files/microchip/xc32/v4.45/bin/bin/../../lib/gcc/pic32c/8.3.1/../../../../pic32c/lib/thumb/v8-m.base/nofp\libc-musl.a(__environ.o)
                0x0000000020000070                __environ
                0x0000000020000070                environ
                0x0000000020000070                ___environ
                0x0000000020000070                _environ

.eh_frame%z1    0x0000000000000000        0x0
 .eh_frame      0x0000000000000000        0x0 c:/program files/microchip/xc32/v4.45/bin/bin/../../lib/gcc/pic32c/8.3.1/thumb/v8-m.base/nofp/crtbegin.o

.config_00804000.__config_00804000%5
                0x0000000000804000        0x4
 .config_00804000.__config_00804000
                0x0000000000804000        0x4 build/default/production/_ext/1171490990/initialization.o
                0x0000000000804000                __config_00804000

.config_00804004.__config_00804004%6
                0x0000000000804004        0x4
 .config_00804004.__config_00804004
                0x0000000000804004        0x4 build/default/production/_ext/1171490990/initialization.o
                0x0000000000804004                __config_00804004

.config_00804008.__config_00804008%7
                0x0000000000804008        0x4
 .config_00804008.__config_00804008
                0x0000000000804008        0x4 build/default/production/_ext/1171490990/initialization.o
                0x0000000000804008                __config_00804008

.config_0080400C.__config_0080400C%8
                0x000000000080400c        0x4
 .config_0080400C.__config_0080400C
                0x000000000080400c        0x4 build/default/production/_ext/1171490990/initialization.o
                0x000000000080400c                __config_0080400C

.config_00804010.__config_00804010%9
                0x0000000000804010        0x4
 .config_00804010.__config_00804010
                0x0000000000804010        0x4 build/default/production/_ext/1171490990/initialization.o
                0x0000000000804010                __config_00804010

.config_00804014.__config_00804014%10
                0x0000000000804014        0x4
 .config_00804014.__config_00804014
                0x0000000000804014        0x4 build/default/production/_ext/1171490990/initialization.o
                0x0000000000804014                __config_00804014

.config_00804018.__config_00804018%11
                0x0000000000804018        0x4
 .config_00804018.__config_00804018
                0x0000000000804018        0x4 build/default/production/_ext/1171490990/initialization.o
                0x0000000000804018                __config_00804018

.config_0080401C.__config_0080401C%12
                0x000000000080401c        0x4
 .config_0080401C.__config_0080401C
                0x000000000080401c        0x4 build/default/production/_ext/1171490990/initialization.o
                0x000000000080401c                __config_0080401C

.config_00804020.__config_00804020%13
                0x0000000000804020        0x4
 .config_00804020.__config_00804020
                0x0000000000804020        0x4 build/default/production/_ext/1171490990/initialization.o
                0x0000000000804020                __config_00804020

.config_0080C000.__config_0080C000%14
                0x000000000080c000        0x4
 .config_0080C000.__config_0080C000
                0x000000000080c000        0x4 build/default/production/_ext/1171490990/initialization.o
                0x000000000080c000                __config_0080C000

.config_0080C004.__config_0080C004%15
                0x000000000080c004        0x4
 .config_0080C004.__config_0080C004
                0x000000000080c004        0x4 build/default/production/_ext/1171490990/initialization.o
                0x000000000080c004                __config_0080C004

.config_0080C008.__config_0080C008%16
                0x000000000080c008        0x4
 .config_0080C008.__config_0080C008
                0x000000000080c008        0x4 build/default/production/_ext/1171490990/initialization.o
                0x000000000080c008                __config_0080C008

.config_0080C010.__config_0080C010%17
                0x000000000080c010        0x4
 .config_0080C010.__config_0080C010
                0x000000000080c010        0x4 build/default/production/_ext/1171490990/initialization.o
                0x000000000080c010                __config_0080C010

.config_0080C014.__config_0080C014%18
                0x000000000080c014        0x4
 .config_0080C014.__config_0080C014
                0x000000000080c014        0x4 build/default/production/_ext/1171490990/initialization.o
                0x000000000080c014                __config_0080C014

.config_0080C018.__config_0080C018%19
                0x000000000080c018        0x4
 .config_0080C018.__config_0080C018
                0x000000000080c018        0x4 build/default/production/_ext/1171490990/initialization.o
                0x000000000080c018                __config_0080C018

.config_0080C01C.__config_0080C01C%20
                0x000000000080c01c        0x4
 .config_0080C01C.__config_0080C01C
                0x000000000080c01c        0x4 build/default/production/_ext/1171490990/initialization.o
                0x000000000080c01c                __config_0080C01C

.config_0080C020.__config_0080C020%21
                0x000000000080c020        0x4
 .config_0080C020.__config_0080C020
                0x000000000080c020        0x4 build/default/production/_ext/1171490990/initialization.o
                0x000000000080c020                __config_0080C020

.config_0080C024.__config_0080C024%22
                0x000000000080c024        0x4
 .config_0080C024.__config_0080C024
                0x000000000080c024        0x4 build/default/production/_ext/1171490990/initialization.o
                0x000000000080c024                __config_0080C024

.config_0080C028.__config_0080C028%23
                0x000000000080c028        0x4
 .config_0080C028.__config_0080C028
                0x000000000080c028        0x4 build/default/production/_ext/1171490990/initialization.o
                0x000000000080c028                __config_0080C028

.config_0080C02C.__config_0080C02C%24
                0x000000000080c02c        0x4
 .config_0080C02C.__config_0080C02C
                0x000000000080c02c        0x4 build/default/production/_ext/1171490990/initialization.o
                0x000000000080c02c                __config_0080C02C

.config_0080C030.__config_0080C030%25
                0x000000000080c030        0x4
 .config_0080C030.__config_0080C030
                0x000000000080c030        0x4 build/default/production/_ext/1171490990/initialization.o
                0x000000000080c030                __config_0080C030

.config_0080C034.__config_0080C034%26
                0x000000000080c034        0x4
 .config_0080C034.__config_0080C034
                0x000000000080c034        0x4 build/default/production/_ext/1171490990/initialization.o
                0x000000000080c034                __config_0080C034

.config_0080C038.__config_0080C038%27
                0x000000000080c038        0x4
 .config_0080C038.__config_0080C038
                0x000000000080c038        0x4 build/default/production/_ext/1171490990/initialization.o
                0x000000000080c038                __config_0080C038

.config_0080C03C.__config_0080C03C%28
                0x000000000080c03c        0x4
 .config_0080C03C.__config_0080C03C
                0x000000000080c03c        0x4 build/default/production/_ext/1171490990/initialization.o
                0x000000000080c03c                __config_0080C03C

.config_0080C040.__config_0080C040%29
                0x000000000080c040        0x4
 .config_0080C040.__config_0080C040
                0x000000000080c040        0x4 build/default/production/_ext/1171490990/initialization.o
                0x000000000080c040                __config_0080C040

.config_0080C044.__config_0080C044%30
                0x000000000080c044        0x4
 .config_0080C044.__config_0080C044
                0x000000000080c044        0x4 build/default/production/_ext/1171490990/initialization.o
                0x000000000080c044                __config_0080C044

.config_0080C048.__config_0080C048%31
                0x000000000080c048        0x4
 .config_0080C048.__config_0080C048
                0x000000000080c048        0x4 build/default/production/_ext/1171490990/initialization.o
                0x000000000080c048                __config_0080C048

.config_0080C04C.__config_0080C04C%32
                0x000000000080c04c        0x4
 .config_0080C04C.__config_0080C04C
                0x000000000080c04c        0x4 build/default/production/_ext/1171490990/initialization.o
                0x000000000080c04c                __config_0080C04C

.config_0080C050.__config_0080C050%33
                0x000000000080c050        0x4
 .config_0080C050.__config_0080C050
                0x000000000080c050        0x4 build/default/production/_ext/1171490990/initialization.o
                0x000000000080c050                __config_0080C050

.config_0080C054.__config_0080C054%34
                0x000000000080c054        0x4
 .config_0080C054.__config_0080C054
                0x000000000080c054        0x4 build/default/production/_ext/1171490990/initialization.o
                0x000000000080c054                __config_0080C054

.config_0080C058.__config_0080C058%35
                0x000000000080c058        0x4
 .config_0080C058.__config_0080C058
                0x000000000080c058        0x4 build/default/production/_ext/1171490990/initialization.o
                0x000000000080c058                __config_0080C058

.config_0080C05C.__config_0080C05C%36
                0x000000000080c05c        0x4
 .config_0080C05C.__config_0080C05C
                0x000000000080c05c        0x4 build/default/production/_ext/1171490990/initialization.o
                0x000000000080c05c                __config_0080C05C

.config_0080C060.__config_0080C060%37
                0x000000000080c060        0x4
 .config_0080C060.__config_0080C060
                0x000000000080c060        0x4 build/default/production/_ext/1171490990/initialization.o
                0x000000000080c060                __config_0080C060

.config_0080C064.__config_0080C064%38
                0x000000000080c064        0x4
 .config_0080C064.__config_0080C064
                0x000000000080c064        0x4 build/default/production/_ext/1171490990/initialization.o
                0x000000000080c064                __config_0080C064

.config_0080C068.__config_0080C068%39
                0x000000000080c068        0x4
 .config_0080C068.__config_0080C068
                0x000000000080c068        0x4 build/default/production/_ext/1171490990/initialization.o
                0x000000000080c068                __config_0080C068

.config_0080C06C.__config_0080C06C%40
                0x000000000080c06c        0x4
 .config_0080C06C.__config_0080C06C
                0x000000000080c06c        0x4 build/default/production/_ext/1171490990/initialization.o
                0x000000000080c06c                __config_0080C06C

.config_0080C070.__config_0080C070%41
                0x000000000080c070        0x4
 .config_0080C070.__config_0080C070
                0x000000000080c070        0x4 build/default/production/_ext/1171490990/initialization.o
                0x000000000080c070                __config_0080C070

.config_0080C074.__config_0080C074%42
                0x000000000080c074        0x4
 .config_0080C074.__config_0080C074
                0x000000000080c074        0x4 build/default/production/_ext/1171490990/initialization.o
                0x000000000080c074                __config_0080C074

.config_0080C078.__config_0080C078%43
                0x000000000080c078        0x4
 .config_0080C078.__config_0080C078
                0x000000000080c078        0x4 build/default/production/_ext/1171490990/initialization.o
                0x000000000080c078                __config_0080C078

.config_0080C07C.__config_0080C07C%44
                0x000000000080c07c        0x4
 .config_0080C07C.__config_0080C07C
                0x000000000080c07c        0x4 build/default/production/_ext/1171490990/initialization.o
                0x000000000080c07c                __config_0080C07C

.config_0080C080.__config_0080C080%45
                0x000000000080c080        0x4
 .config_0080C080.__config_0080C080
                0x000000000080c080        0x4 build/default/production/_ext/1171490990/initialization.o
                0x000000000080c080                __config_0080C080

.config_0080C084.__config_0080C084%46
                0x000000000080c084        0x4
 .config_0080C084.__config_0080C084
                0x000000000080c084        0x4 build/default/production/_ext/1171490990/initialization.o
                0x000000000080c084                __config_0080C084

.config_0080C088.__config_0080C088%47
                0x000000000080c088        0x4
 .config_0080C088.__config_0080C088
                0x000000000080c088        0x4 build/default/production/_ext/1171490990/initialization.o
                0x000000000080c088                __config_0080C088

.config_0080C08C.__config_0080C08C%48
                0x000000000080c08c        0x4
 .config_0080C08C.__config_0080C08C
                0x000000000080c08c        0x4 build/default/production/_ext/1171490990/initialization.o
                0x000000000080c08c                __config_0080C08C

.config_0080C0E0.__config_0080C0E0%49
                0x000000000080c0e0        0x4
 .config_0080C0E0.__config_0080C0E0
                0x000000000080c0e0        0x4 build/default/production/_ext/1171490990/initialization.o
                0x000000000080c0e0                __config_0080C0E0

.config_0080C0E4.__config_0080C0E4%50
                0x000000000080c0e4        0x4
 .config_0080C0E4.__config_0080C0E4
                0x000000000080c0e4        0x4 build/default/production/_ext/1171490990/initialization.o
                0x000000000080c0e4                __config_0080C0E4

.config_0080C0E8.__config_0080C0E8%51
                0x000000000080c0e8        0x4
 .config_0080C0E8.__config_0080C0E8
                0x000000000080c0e8        0x4 build/default/production/_ext/1171490990/initialization.o
                0x000000000080c0e8                __config_0080C0E8

.config_0080C0EC.__config_0080C0EC%52
                0x000000000080c0ec        0x4
 .config_0080C0EC.__config_0080C0EC
                0x000000000080c0ec        0x4 build/default/production/_ext/1171490990/initialization.o
                0x000000000080c0ec                __config_0080C0EC

.config_0080C0F0.__config_0080C0F0%53
                0x000000000080c0f0        0x4
 .config_0080C0F0.__config_0080C0F0
                0x000000000080c0f0        0x4 build/default/production/_ext/1171490990/initialization.o
                0x000000000080c0f0                __config_0080C0F0

.config_0080C0F4.__config_0080C0F4%54
                0x000000000080c0f4        0x4
 .config_0080C0F4.__config_0080C0F4
                0x000000000080c0f4        0x4 build/default/production/_ext/1171490990/initialization.o
                0x000000000080c0f4                __config_0080C0F4

.config_0080C0F8.__config_0080C0F8%55
                0x000000000080c0f8        0x4
 .config_0080C0F8.__config_0080C0F8
                0x000000000080c0f8        0x4 build/default/production/_ext/1171490990/initialization.o
                0x000000000080c0f8                __config_0080C0F8

.config_0080C0FC.__config_0080C0FC%56
                0x000000000080c0fc        0x4
 .config_0080C0FC.__config_0080C0FC
                0x000000000080c0fc        0x4 build/default/production/_ext/1171490990/initialization.o
                0x000000000080c0fc                __config_0080C0FC

.text.CLOCK_Initialize%57
                0x00000000000002e8      0x100
 .text.CLOCK_Initialize
                0x00000000000002e8      0x100 build/default/production/_ext/1984496892/plib_clock.o
                0x00000000000002e8                CLOCK_Initialize

.text.NVIC_Initialize%58
                0x00000000000003e8       0x92
 .text.NVIC_Initialize
                0x00000000000003e8       0x92 build/default/production/_ext/1865468468/plib_nvic.o
                0x00000000000003e8                NVIC_Initialize

.text.__libc_start_init%59
                0x000000000000047c       0x5c
 .text.__libc_start_init
                0x000000000000047c       0x5c c:/program files/microchip/xc32/v4.45/bin/bin/../../lib/gcc/pic32c/8.3.1/../../../../pic32c/lib/thumb/v8-m.base/nofp\libc-musl.a(__libc_start_main.o)
                0x000000000000047c                __libc_init_array

.text.Reset_Handler%60
                0x00000000000004d8       0x54
 .text.Reset_Handler
                0x00000000000004d8       0x54 build/default/production/_ext/1171490990/startup_xc32.o
                0x00000000000004d8                Reset_Handler

.text.PORT_Initialize%61
                0x000000000000052c       0x48
 .text.PORT_Initialize
                0x000000000000052c       0x48 build/default/production/_ext/1865521619/plib_port.o
                0x000000000000052c                PORT_Initialize

.text%62        0x0000000000000574       0x40
 .text          0x0000000000000574       0x40 c:/program files/microchip/xc32/v4.45/bin/bin/../../lib/gcc/pic32c/8.3.1/thumb/v8-m.base/nofp/crtbegin.o

.text.PM_Initialize%63
                0x00000000000005b4       0x3a
 .text.PM_Initialize
                0x00000000000005b4       0x3a build/default/production/_ext/829342769/plib_pm.o
                0x00000000000005b4                PM_Initialize

.text.main%64   0x00000000000005ee       0x36
 .text.main     0x00000000000005ee       0x36 build/default/production/_ext/1360937237/main.o
                0x00000000000005ee                main

.text%65        0x0000000000000624       0x32
 .text          0x0000000000000624       0x32 c:/program files/microchip/xc32/v4.45/bin/bin/../../lib/gcc/pic32c/8.3.1/thumb/v8-m.base/nofp\libgcc.a(cmse_nonsecure_call.o)
                0x0000000000000624                __gnu_cmse_nonsecure_call

.text.__pic32c_data_initialization%66
                0x0000000000000658       0x30
 .text.__pic32c_data_initialization
                0x0000000000000658       0x30 c:/program files/microchip/xc32/v4.45/bin/bin/../../lib/gcc/pic32c/8.3.1/../../../../pic32c/lib/thumb/v8-m.base/nofp\libpic32c.a(data_init.o)
                0x0000000000000658                __pic32c_data_initialization

.dinit%67       0x0000000000000688       0x30
 .dinit         0x0000000000000688       0x30 data_init

.text.SYS_Initialize%68
                0x00000000000006b8       0x28
 .text.SYS_Initialize
                0x00000000000006b8       0x28 build/default/production/_ext/1171490990/initialization.o
                0x00000000000006b8                SYS_Initialize

.text.__dinit_copy%69
                0x00000000000006e0       0x1e
 .text.__dinit_copy
                0x00000000000006e0       0x1e c:/program files/microchip/xc32/v4.45/bin/bin/../../lib/gcc/pic32c/8.3.1/../../../../pic32c/lib/thumb/v8-m.base/nofp\libpic32c.a(pic32_data_init_copy.o)
                0x00000000000006e0                __dinit_copy_needed
                0x00000000000006e0                __dinit_copy

.rodata%70      0x0000000000000700       0x14
 .rodata        0x0000000000000700       0x14 c:/program files/microchip/xc32/v4.45/bin/bin/../../lib/gcc/pic32c/8.3.1/../../../../pic32c/lib/thumb/v8-m.base/nofp\libpic32c.a(data_init.o)

.text.NVMCTRL_Initialize%71
                0x0000000000000714       0x12
 .text.NVMCTRL_Initialize
                0x0000000000000714       0x12 build/default/production/_ext/1593096446/plib_nvmctrl.o
                0x0000000000000714                NVMCTRL_Initialize

.text.__dinit_clear%72
                0x0000000000000726       0x12
 .text.__dinit_clear
                0x0000000000000726       0x12 c:/program files/microchip/xc32/v4.45/bin/bin/../../lib/gcc/pic32c/8.3.1/../../../../pic32c/lib/thumb/v8-m.base/nofp\libpic32c.a(pic32_data_init_clear.o)
                0x0000000000000726                __dinit_clear
                0x0000000000000726                __dinit_clear_needed

.text.__dummy_decompress%73
                0x0000000000000738        0x4
 .text.__dummy_decompress
                0x0000000000000738        0x4 c:/program files/microchip/xc32/v4.45/bin/bin/../../lib/gcc/pic32c/8.3.1/../../../../pic32c/lib/thumb/v8-m.base/nofp\libpic32c.a(data_init.o)
                0x0000000000000738                __dinit_decompress
                0x0000000000000738                __dinit_copy_val_data
                0x0000000000000738                __dinit_copy_emb

.text.EVSYS_Initialize%74
                0x000000000000047a        0x2
 .text.EVSYS_Initialize
                0x000000000000047a        0x2 build/default/production/_ext/1986646378/plib_evsys.o
                0x000000000000047a                EVSYS_Initialize

.text.Dummy_App_Func%75
                0x0000000000000656        0x2
 .text.Dummy_App_Func
                0x0000000000000656        0x2 build/default/production/_ext/1171490990/startup_xc32.o
                0x0000000000000656                _on_reset
                0x0000000000000656                _on_bootstrap
                0x0000000000000656                __xc32_on_reset
                0x0000000000000656                Dummy_App_Func
                0x0000000000000656                __xc32_on_bootstrap

.text.NonMaskableInt_Handler%76
                0x00000000000006fe        0x2
 .text.NonMaskableInt_Handler
                0x00000000000006fe        0x2 build/default/production/_ext/1171490990/exceptions.o
                0x00000000000006fe                NonMaskableInt_Handler

.text.HardFault_Handler%77
                0x000000000000073c        0x2
 .text.HardFault_Handler
                0x000000000000073c        0x2 build/default/production/_ext/1171490990/exceptions.o
                0x000000000000073c                HardFault_Handler

.text.Dummy_Handler%78
                0x000000000000073e        0x2
 .text.Dummy_Handler
                0x000000000000073e        0x2 build/default/production/_ext/1171490990/interrupts.o
                0x000000000000073e                SVCall_Handler
                0x000000000000073e                EVSYS_0_Handler
                0x000000000000073e                TRNG_Handler
                0x000000000000073e                ADC_RESRDY_Handler
                0x000000000000073e                TC2_Handler
                0x000000000000073e                AC_Handler
                0x000000000000073e                DMAC_OTHER_Handler
                0x000000000000073e                EIC_EXTINT_5_Handler
                0x000000000000073e                SysTick_Handler
                0x000000000000073e                SERCOM4_OTHER_Handler
                0x000000000000073e                EIC_EXTINT_6_Handler
                0x000000000000073e                PendSV_Handler
                0x000000000000073e                EVSYS_3_Handler
                0x000000000000073e                TCC1_Handler
                0x000000000000073e                EIC_EXTINT_4_Handler
                0x000000000000073e                EIC_EXTINT_7_Handler
                0x000000000000073e                TCC0_Handler
                0x000000000000073e                RTC_Handler
                0x000000000000073e                SERCOM4_0_Handler
                0x000000000000073e                SERCOM1_OTHER_Handler
                0x000000000000073e                EVSYS_1_Handler
                0x000000000000073e                DMAC_0_Handler
                0x000000000000073e                WDT_Handler
                0x000000000000073e                TRAM_Handler
                0x000000000000073e                EVSYS_NSCHK_Handler
                0x000000000000073e                EIC_EXTINT_1_Handler
                0x000000000000073e                SERCOM5_0_Handler
                0x000000000000073e                TC1_Handler
                0x000000000000073e                EIC_EXTINT_0_Handler
                0x000000000000073e                DAC_UNDERRUN_Handler
                0x000000000000073e                DAC_EMPTY_Handler
                0x000000000000073e                PAC_Handler
                0x000000000000073e                USB_Handler
                0x000000000000073e                SERCOM4_1_Handler
                0x000000000000073e                Dummy_Handler
                0x000000000000073e                SERCOM5_1_Handler
                0x000000000000073e                DMAC_2_Handler
                0x000000000000073e                SERCOM5_OTHER_Handler
                0x000000000000073e                DMAC_1_Handler
                0x000000000000073e                TCC3_Handler
                0x000000000000073e                TCC2_Handler
                0x000000000000073e                EIC_EXTINT_2_Handler
                0x000000000000073e                SERCOM1_1_Handler
                0x000000000000073e                EVSYS_7_Handler
                0x000000000000073e                I2S_Handler
                0x000000000000073e                NVMCTRL_Handler
                0x000000000000073e                PORT_Handler
                0x000000000000073e                SYSTEM_Handler
                0x000000000000073e                SERCOM1_0_Handler
                0x000000000000073e                SERCOM1_2_Handler
                0x000000000000073e                SERCOM4_2_Handler
                0x000000000000073e                EVSYS_4_Handler
                0x000000000000073e                SERCOM5_2_Handler
                0x000000000000073e                EIC_EXTINT_3_Handler
                0x000000000000073e                PTC_Handler
                0x000000000000073e                EVSYS_6_Handler
                0x000000000000073e                EVSYS_5_Handler
                0x000000000000073e                EVSYS_2_Handler
                0x000000000000073e                FREQM_Handler
                0x000000000000073e                TC0_Handler
                0x000000000000073e                EIC_OTHER_Handler
                0x000000000000073e                ADC_OTHER_Handler
                0x000000000000073e                DMAC_3_Handler

.text.Dummy_Handler%79
                0x0000000000000740        0x2
 .text.Dummy_Handler
                0x0000000000000740        0x2 C:\Users\Shaquil\AppData\Local\Temp\cc40ZYkO.o
                0x0000000000000740                SERCOM0_2_Handler
                0x0000000000000740                SERCOM3_1_Handler
                0x0000000000000740                SERCOM3_2_Handler
                0x0000000000000740                SERCOM0_OTHER_Handler
                0x0000000000000740                SERCOM0_0_Handler
                0x0000000000000740                SERCOM0_1_Handler
                0x0000000000000740                SERCOM2_1_Handler
                0x0000000000000740                SERCOM3_0_Handler
                0x0000000000000740                SERCOM2_2_Handler
                0x0000000000000740                SERCOM3_OTHER_Handler
                0x0000000000000740                SERCOM2_OTHER_Handler
                0x0000000000000740                SERCOM2_0_Handler

.text.__dummy%80
                0x0000000000000742        0x2
 .text.__dummy  0x0000000000000742        0x2 c:/program files/microchip/xc32/v4.45/bin/bin/../../lib/gcc/pic32c/8.3.1/../../../../pic32c/lib/thumb/v8-m.base/nofp\libc-musl.a(__libc_start_main.o)
                0x0000000000000742                __init_stdio
                0x0000000000000742                __init_host
