Archive member included to satisfy reference by file (symbol)

d:/programs/mplab/xc32/v4.60/bin/bin/../../lib/gcc/pic32c/8.3.1/../../../../pic32c/lib/thumb/v8-m.base/nofp\libpic32c.a(data_init.o)
                              C:\Users\WX-78\AppData\Local\Temp\ccsznxC9.o (__pic32c_data_initialization)
d:/programs/mplab/xc32/v4.60/bin/bin/../../lib/gcc/pic32c/8.3.1/../../../../pic32c/lib/thumb/v8-m.base/nofp\libc-size-musl.a(strlen.o)
                              build/default/production/src/hc12/hc12.o (strlen)
d:/programs/mplab/xc32/v4.60/bin/bin/../../lib/gcc/pic32c/8.3.1/../../../../pic32c/lib/thumb/v8-m.base/nofp\libc-size-musl.a(strncpy.o)
                              build/default/production/src/neo6m/neo6m.o (strncpy)
d:/programs/mplab/xc32/v4.60/bin/bin/../../lib/gcc/pic32c/8.3.1/../../../../pic32c/lib/thumb/v8-m.base/nofp\libc-size-musl.a(strtok.o)
                              build/default/production/src/neo6m/neo6m.o (strtok)
d:/programs/mplab/xc32/v4.60/bin/bin/../../lib/gcc/pic32c/8.3.1/../../../../pic32c/lib/thumb/v8-m.base/nofp\libc-size-musl.a(stpncpy.o)
                              d:/programs/mplab/xc32/v4.60/bin/bin/../../lib/gcc/pic32c/8.3.1/../../../../pic32c/lib/thumb/v8-m.base/nofp\libc-size-musl.a(strncpy.o) (__stpncpy)
d:/programs/mplab/xc32/v4.60/bin/bin/../../lib/gcc/pic32c/8.3.1/../../../../pic32c/lib/thumb/v8-m.base/nofp\libc-size-musl.a(strcspn.o)
                              d:/programs/mplab/xc32/v4.60/bin/bin/../../lib/gcc/pic32c/8.3.1/../../../../pic32c/lib/thumb/v8-m.base/nofp\libc-size-musl.a(strtok.o) (strcspn)
d:/programs/mplab/xc32/v4.60/bin/bin/../../lib/gcc/pic32c/8.3.1/../../../../pic32c/lib/thumb/v8-m.base/nofp\libc-size-musl.a(strspn.o)
                              d:/programs/mplab/xc32/v4.60/bin/bin/../../lib/gcc/pic32c/8.3.1/../../../../pic32c/lib/thumb/v8-m.base/nofp\libc-size-musl.a(strtok.o) (strspn)
d:/programs/mplab/xc32/v4.60/bin/bin/../../lib/gcc/pic32c/8.3.1/../../../../pic32c/lib/thumb/v8-m.base/nofp\libc-size-musl.a(memset.o)
                              d:/programs/mplab/xc32/v4.60/bin/bin/../../lib/gcc/pic32c/8.3.1/../../../../pic32c/lib/thumb/v8-m.base/nofp\libc-size-musl.a(strcspn.o) (memset)
d:/programs/mplab/xc32/v4.60/bin/bin/../../lib/gcc/pic32c/8.3.1/../../../../pic32c/lib/thumb/v8-m.base/nofp\libc-size-musl.a(strchrnul.o)
                              d:/programs/mplab/xc32/v4.60/bin/bin/../../lib/gcc/pic32c/8.3.1/../../../../pic32c/lib/thumb/v8-m.base/nofp\libc-size-musl.a(strcspn.o) (__strchrnul)
d:/programs/mplab/xc32/v4.60/bin/bin/../../lib/gcc/pic32c/8.3.1/../../../../pic32c/lib/thumb/v8-m.base/nofp\libm-fast-emfloat.a(pow.o)
                              build/default/production/src/bme_280/bme280.o (pow)
d:/programs/mplab/xc32/v4.60/bin/bin/../../lib/gcc/pic32c/8.3.1/../../../../pic32c/lib/thumb/v8-m.base/nofp\libm-fast-emfloat.a(__aeabi_dadd.o)
                              build/default/production/src/bme_280/bme280.o (__aeabi_dadd)
d:/programs/mplab/xc32/v4.60/bin/bin/../../lib/gcc/pic32c/8.3.1/../../../../pic32c/lib/thumb/v8-m.base/nofp\libm-fast-emfloat.a(__aeabi_dsub.o)
                              build/default/production/src/bme_280/bme280.o (__aeabi_dsub)
d:/programs/mplab/xc32/v4.60/bin/bin/../../lib/gcc/pic32c/8.3.1/../../../../pic32c/lib/thumb/v8-m.base/nofp\libm-fast-emfloat.a(__aeabi_dmul_aux.o)
                              build/default/production/src/bme_280/bme280.o (__aeabi_dmul)
d:/programs/mplab/xc32/v4.60/bin/bin/../../lib/gcc/pic32c/8.3.1/../../../../pic32c/lib/thumb/v8-m.base/nofp\libm-fast-emfloat.a(__aeabi_fdiv.o)
                              build/default/production/src/bme_280/bme280.o (__aeabi_fdiv)
d:/programs/mplab/xc32/v4.60/bin/bin/../../lib/gcc/pic32c/8.3.1/../../../../pic32c/lib/thumb/v8-m.base/nofp\libm-fast-emfloat.a(__aeabi_ddiv.o)
                              build/default/production/src/bme_280/bme280.o (__aeabi_ddiv)
d:/programs/mplab/xc32/v4.60/bin/bin/../../lib/gcc/pic32c/8.3.1/../../../../pic32c/lib/thumb/v8-m.base/nofp\libm-fast-emfloat.a(__aeabi_fcmple.o)
                              build/default/production/src/bme_280/bme280.o (__aeabi_fcmple)
d:/programs/mplab/xc32/v4.60/bin/bin/../../lib/gcc/pic32c/8.3.1/../../../../pic32c/lib/thumb/v8-m.base/nofp\libm-fast-emfloat.a(__aeabi_dcmpeq.o)
                              d:/programs/mplab/xc32/v4.60/bin/bin/../../lib/gcc/pic32c/8.3.1/../../../../pic32c/lib/thumb/v8-m.base/nofp\libm-fast-emfloat.a(pow.o) (__aeabi_dcmpeq)
d:/programs/mplab/xc32/v4.60/bin/bin/../../lib/gcc/pic32c/8.3.1/../../../../pic32c/lib/thumb/v8-m.base/nofp\libm-fast-emfloat.a(__aeabi_dcmplt.o)
                              d:/programs/mplab/xc32/v4.60/bin/bin/../../lib/gcc/pic32c/8.3.1/../../../../pic32c/lib/thumb/v8-m.base/nofp\libm-fast-emfloat.a(pow.o) (__aeabi_dcmplt)
d:/programs/mplab/xc32/v4.60/bin/bin/../../lib/gcc/pic32c/8.3.1/../../../../pic32c/lib/thumb/v8-m.base/nofp\libm-fast-emfloat.a(__aeabi_d2iz.o)
[...]
Memory Configuration

Name             Origin             Length             Attributes
rom              0x0000000000000000 0x0000000000040000 xrl
rom_nsc          0x0000000000040000 0x0000000000000000 xrl
ram              0x0000000020000000 0x0000000000008000 xw !r
config_00804000  0x0000000000804000 0x0000000000000004
config_00804004  0x0000000000804004 0x0000000000000004
config_00804008  0x0000000000804008 0x0000000000000004
config_0080400C  0x000000000080400c 0x0000000000000004
config_00804010  0x0000000000804010 0x0000000000000004
config_00804014  0x0000000000804014 0x0000000000000004
config_00804018  0x0000000000804018 0x0000000000000004
config_0080401C  0x000000000080401c 0x0000000000000004
config_00804020  0x0000000000804020 0x0000000000000004
*default*        0x0000000000000000 0xffffffffffffffff

Linker script and memory map

LOAD d:/programs/mplab/xc32/v4.60/bin/bin/../../lib/gcc/pic32c/8.3.1/thumb/v8-m.base/nofp/crti.o
LOAD d:/programs/mplab/xc32/v4.60/bin/bin/../../lib/gcc/pic32c/8.3.1/thumb/v8-m.base/nofp/crtbegin.o
LOAD build/default/production/src/bme_280/bme280.o
LOAD build/default/production/src/bme_280/sercom2_spi.o
LOAD build/default/production/src/clock/clock.o
LOAD build/default/production/src/delay_timer/delay_timer.o
LOAD build/default/production/src/dmac/dmac_transmit.o
LOAD build/default/production/src/hc12/hc12.o
LOAD build/default/production/src/hc12/sercom5_usart.o
LOAD build/default/production/src/pms7003/pms7003.o
LOAD build/default/production/src/pms7003/sercom1_usart.o
LOAD build/default/production/src/usb_serial/sercom3_usart.o
LOAD build/default/production/src/usb_serial/usb_serial.o
LOAD build/default/production/src/main.o
LOAD build/default/production/src/neo6m/neo6m.o
LOAD build/default/production/src/neo6m/sercom0_usart.o
                0x0000000000000001                __MPLAB_BUILD = 0x1
LOAD C:\Users\WX-78\AppData\Local\Temp\ccsznxC9.o
START GROUP
LOAD d:/programs/mplab/xc32/v4.60/bin/bin/../../lib/gcc/pic32c/8.3.1/../../../../pic32c/lib/thumb/v8-m.base/nofp\libpic32c.a
LOAD d:/programs/mplab/xc32/v4.60/bin/bin/../../lib/gcc/pic32c/8.3.1/../../../../pic32c/lib/thumb/v8-m.base/nofp\libc-size-musl.a
LOAD d:/programs/mplab/xc32/v4.60/bin/bin/../../lib/gcc/pic32c/8.3.1/../../../../pic32c/lib/thumb/v8-m.base/nofp\liblmalloc-musl.a
LOAD d:/programs/mplab/xc32/v4.60/bin/bin/../../lib/gcc/pic32c/8.3.1/../../../../pic32c/lib/thumb/v8-m.base/nofp\libm-fast-emfloat.a
LOAD d:/programs/mplab/xc32/v4.60/bin/bin/../../lib/gcc/pic32c/8.3.1/../../../../pic32c/lib/thumb/v8-m.base/nofp\libm-musl.a
LOAD d:/programs/mplab/xc32/v4.60/bin/bin/../../lib/gcc/pic32c/8.3.1/../../../../pic32c/lib/thumb/v8-m.base/nofp\libc-musl.a
LOAD d:/programs/mplab/xc32/v4.60/bin/bin/../../lib/gcc/pic32c/8.3.1/../../../../pic32c/lib/thumb/v8-m.base/nofp\libm-fast-emfloat.a
LOAD d:/programs/mplab/xc32/v4.60/bin/bin/../../lib/gcc/pic32c/8.3.1/../../../../pic32c/lib/thumb/v8-m.base/nofp\libm-musl.a
LOAD d:/programs/mplab/xc32/v4.60/bin/bin/../../lib/gcc/pic32c/8.3.1/thumb/v8-m.base/nofp\libgcc.a
END GROUP
LOAD d:/programs/mplab/xc32/v4.60/bin/bin/../../lib/gcc/pic32c/8.3.1/thumb/v8-m.base/nofp/crtend.o
LOAD d:/programs/mplab/xc32/v4.60/bin/bin/../../lib/gcc/pic32c/8.3.1/thumb/v8-m.base/nofp/crtn.o
                0x0000000000040000                __rom_end = (ORIGIN (rom) + LENGTH (rom))
                0x0000000000040000                __rom_nsc_end = (ORIGIN (rom_nsc) + LENGTH (rom_nsc))
                0x0000000020008000                __ram_end = (ORIGIN (ram) + LENGTH (ram))

.config_00804000
 *(.config_00804000)

.config_00804004
 *(.config_00804004)

.config_00804008
 *(.config_00804008)

.config_0080400C
 *(.config_0080400C)

.config_00804010
 *(.config_00804010)

.config_00804014
 *(.config_00804014)

.config_00804018
 *(.config_00804018)

.config_0080401C
 *(.config_0080401C)

.config_00804020
 *(.config_00804020)

.vectors        0x0000000000000000      0x15c
                0x0000000000000000                . = ALIGN (0x4)
                0x0000000000000000                _sfixed = .
 *(.vectors .vectors.* .vectors_default .vectors_default.*)
 .vectors.default
                0x0000000000000000      0x15c C:\Users\WX-78\AppData\Local\Temp\ccsznxC9.o
                0x0000000000000000                exception_table
 *(.isr_vector)
 *(.reset*)
 *(.after_vectors)

.text           0x000000000000015c       0x20
                0x000000000000015c                . = ALIGN (0x4)
 *(.glue_7t)
 .glue_7t       0x000000000000015c        0x0 linker stubs
 *(.glue_7)
 .glue_7        0x000000000000015c        0x0 linker stubs
 *veneer.o(.text.*)
 *nonsecure_entry.o(.text.*)
 *(.gnu.linkonce.r.*)
 *(.ARM.extab* .gnu.linkonce.armextab.*)
 .ARM.extab     0x000000000000015c        0x0 d:/programs/mplab/xc32/v4.60/bin/bin/../../lib/gcc/pic32c/8.3.1/thumb/v8-m.base/nofp\libgcc.a(_udivmoddi4.o)
 .ARM.extab     0x000000000000015c        0x0 d:/programs/mplab/xc32/v4.60/bin/bin/../../lib/gcc/pic32c/8.3.1/thumb/v8-m.base/nofp\libgcc.a(_divdi3.o)
                0x000000000000015c                . = ALIGN (0x4)
 *(.init)
 .init          0x000000000000015c        0x4 d:/programs/mplab/xc32/v4.60/bin/bin/../../lib/gcc/pic32c/8.3.1/thumb/v8-m.base/nofp/crti.o
                0x000000000000015c                _init
 .init          0x0000000000000160        0x8 d:/programs/mplab/xc32/v4.60/bin/bin/../../lib/gcc/pic32c/8.3.1/thumb/v8-m.base/nofp/crtn.o
                0x0000000000000168                . = ALIGN (0x4)
                0x0000000000000168                __preinit_array_start = .
 *(.preinit_array)
                0x0000000000000168                __preinit_array_end = .
                0x0000000000000168                . = ALIGN (0x4)
                0x0000000000000168                __init_array_start = .
 *(SORT_BY_NAME(.init_array.*))
 *(.init_array)
 .init_array    0x0000000000000168        0x4 d:/programs/mplab/xc32/v4.60/bin/bin/../../lib/gcc/pic32c/8.3.1/thumb/v8-m.base/nofp/crtbegin.o
                0x000000000000016c                __init_array_end = .
                0x000000000000016c                . = ALIGN (0x4)
 *crtbegin.o(.ctors)
 *(EXCLUDE_FILE(*crtend.o) .ctors)
 *(SORT_BY_NAME(.ctors.*))
 *crtend.o(.ctors)
                0x000000000000016c                . = ALIGN (0x4)
 *(.fini)
 .fini          0x000000000000016c        0x4 d:/programs/mplab/xc32/v4.60/bin/bin/../../lib/gcc/pic32c/8.3.1/thumb/v8-m.base/nofp/crti.o
                0x000000000000016c                _fini
 .fini          0x0000000000000170        0x8 d:/programs/mplab/xc32/v4.60/bin/bin/../../lib/gcc/pic32c/8.3.1/thumb/v8-m.base/nofp/crtn.o
                0x0000000000000178                . = ALIGN (0x4)
                0x0000000000000178                __fini_array_start = .
 *(.fini_array)
 .fini_array    0x0000000000000178        0x4 d:/programs/mplab/xc32/v4.60/bin/bin/../../lib/gcc/pic32c/8.3.1/thumb/v8-m.base/nofp/crtbegin.o
 *(SORT_BY_NAME(.fini_array.*))
                0x000000000000017c                __fini_array_end = .
 *crtbegin.o(.dtors)
 *(EXCLUDE_FILE(*crtend.o) .dtors)
 *(SORT_BY_NAME(.dtors.*))
 *crtend.o(.dtors)
                0x000000000000017c                . = ALIGN (0x4)
                0x000000000000017c                _efixed = .
                [!provide]                        PROVIDE (__exidx_start = .)

.ARM.exidx      0x000000000000017c       0x10
 *(.ARM.exidx* .gnu.linkonce.armexidx.*)
 .ARM.exidx     0x000000000000017c        0x8 d:/programs/mplab/xc32/v4.60/bin/bin/../../lib/gcc/pic32c/8.3.1/thumb/v8-m.base/nofp\libgcc.a(_udivmoddi4.o)
 .ARM.exidx     0x0000000000000184        0x8 d:/programs/mplab/xc32/v4.60/bin/bin/../../lib/gcc/pic32c/8.3.1/thumb/v8-m.base/nofp\libgcc.a(_divdi3.o)
                [!provide]                        PROVIDE (__exidx_end = .)
                0x000000000000018c                . = ALIGN (0x4)
                0x000000000000018c                _etext = .
                0x000000000000018c                . = ALIGN (0x4)

.gnu.sgstubs    0x0000000000040000        0x0
                0x0000000000040000                _ssgstubs = .

.bss            0x0000000020000000        0x0
                0x0000000020000000                . = ALIGN (0x4)
                0x0000000020000000                __bss_start__ = .
                0x0000000020000000                _sbss = .
                0x0000000020000000                _szero = .
 *(COMMON)
                0x0000000020000000                . = ALIGN (0x4)
                0x0000000020000000                __bss_end__ = .
                0x0000000020000000                _ebss = .
                0x0000000020000000                _ezero = .
                0x0000000020000000                . = ALIGN (0x4)
                0x0000000020000000                _end = .
                0x0000000020007fff                _ram_end_ = ((ORIGIN (ram) + LENGTH (ram)) - 0x1)
OUTPUT(dist/default/production/cansat_sample_modules.X.production.elf elf32-littlearm)
LOAD data_init
LOAD stack

.ARM.attributes
                0x0000000000000000       0x2e
 .ARM.attributes
                0x0000000000000000       0x22 d:/programs/mplab/xc32/v4.60/bin/bin/../../lib/gcc/pic32c/8.3.1/thumb/v8-m.base/nofp/crti.o
 .ARM.attributes
                0x0000000000000022       0x30 d:/programs/mplab/xc32/v4.60/bin/bin/../../lib/gcc/pic32c/8.3.1/thumb/v8-m.base/nofp/crtbegin.o
 .ARM.attributes
                0x0000000000000052       0x30 build/default/production/src/bme_280/bme280.o
 .ARM.attributes
                0x0000000000000082       0x30 build/default/production/src/bme_280/sercom2_spi.o
 .ARM.attributes
                0x00000000000000b2       0x30 build/default/production/src/clock/clock.o
 .ARM.attributes
                0x00000000000000e2       0x30 build/default/production/src/delay_timer/delay_timer.o
 .ARM.attributes
                0x0000000000000112       0x30 build/default/production/src/dmac/dmac_transmit.o
 .ARM.attributes
                0x0000000000000142       0x30 build/default/production/src/hc12/hc12.o
 .ARM.attributes
                0x0000000000000172       0x30 build/default/production/src/hc12/sercom5_usart.o
 .ARM.attributes
                0x00000000000001a2       0x30 build/default/production/src/pms7003/pms7003.o
 .ARM.attributes
                0x00000000000001d2       0x30 build/default/production/src/pms7003/sercom1_usart.o
 .ARM.attributes
                0x0000000000000202       0x30 build/default/production/src/usb_serial/sercom3_usart.o
 .ARM.attributes
                0x0000000000000232       0x30 build/default/production/src/usb_serial/usb_serial.o
 .ARM.attributes
                0x0000000000000262       0x30 build/default/production/src/main.o
 .ARM.attributes
                0x0000000000000292       0x30 build/default/production/src/neo6m/neo6m.o
 .ARM.attributes
                0x00000000000002c2       0x30 build/default/production/src/neo6m/sercom0_usart.o
 .ARM.attributes
                0x00000000000002f2       0x30 C:\Users\WX-78\AppData\Local\Temp\ccsznxC9.o
 .ARM.attributes
                0x0000000000000322       0x30 d:/programs/mplab/xc32/v4.60/bin/bin/../../lib/gcc/pic32c/8.3.1/../../../../pic32c/lib/thumb/v8-m.base/nofp\libpic32c.a(data_init.o)
 .ARM.attributes
                0x0000000000000352       0x32 d:/programs/mplab/xc32/v4.60/bin/bin/../../lib/gcc/pic32c/8.3.1/../../../../pic32c/lib/thumb/v8-m.base/nofp\libc-size-musl.a(strlen.o)
 .ARM.attributes
                0x0000000000000384       0x32 d:/programs/mplab/xc32/v4.60/bin/bin/../../lib/gcc/pic32c/8.3.1/../../../../pic32c/lib/thumb/v8-m.base/nofp\libc-size-musl.a(strncpy.o)
 .ARM.attributes
                0x00000000000003b6       0x32 d:/programs/mplab/xc32/v4.60/bin/bin/../../lib/gcc/pic32c/8.3.1/../../../../pic32c/lib/thumb/v8-m.base/nofp\libc-size-musl.a(strtok.o)
 .ARM.attributes
                0x00000000000003e8       0x32 d:/programs/mplab/xc32/v4.60/bin/bin/../../lib/gcc/pic32c/8.3.1/../../../../pic32c/lib/thumb/v8-m.base/nofp\libc-size-musl.a(stpncpy.o)
 .ARM.attributes
                0x000000000000041a       0x32 d:/programs/mplab/xc32/v4.60/bin/bin/../../lib/gcc/pic32c/8.3.1/../../../../pic32c/lib/thumb/v8-m.base/nofp\libc-size-musl.a(strcspn.o)
 .ARM.attributes
                0x000000000000044c       0x32 d:/programs/mplab/xc32/v4.60/bin/bin/../../lib/gcc/pic32c/8.3.1/../../../../pic32c/lib/thumb/v8-m.base/nofp\libc-size-musl.a(strspn.o)
 .ARM.attributes
                0x000000000000047e       0x32 d:/programs/mplab/xc32/v4.60/bin/bin/../../lib/gcc/pic32c/8.3.1/../../../../pic32c/lib/thumb/v8-m.base/nofp\libc-size-musl.a(memset.o)
 .ARM.attributes
                0x00000000000004b0       0x32 d:/programs/mplab/xc32/v4.60/bin/bin/../../lib/gcc/pic32c/8.3.1/../../../../pic32c/lib/thumb/v8-m.base/nofp\libc-size-musl.a(strchrnul.o)
 .ARM.attributes
                0x00000000000004e2       0x30 d:/programs/mplab/xc32/v4.60/bin/bin/../../lib/gcc/pic32c/8.3.1/../../../../pic32c/lib/thumb/v8-m.base/nofp\libm-fast-emfloat.a(pow.o)
 .ARM.attributes
                0x0000000000000512       0x20 d:/programs/mplab/xc32/v4.60/bin/bin/../../lib/gcc/pic32c/8.3.1/../../../../pic32c/lib/thumb/v8-m.base/nofp\libm-fast-emfloat.a(__aeabi_dadd.o)
 .ARM.attributes
                0x0000000000000532       0x20 d:/programs/mplab/xc32/v4.60/bin/bin/../../lib/gcc/pic32c/8.3.1/../../../../pic32c/lib/thumb/v8-m.base/nofp\libm-fast-emfloat.a(__aeabi_dsub.o)
 .ARM.attributes
                0x0000000000000552       0x20 d:/programs/mplab/xc32/v4.60/bin/bin/../../lib/gcc/pic32c/8.3.1/../../../../pic32c/lib/thumb/v8-m.base/nofp\libm-fast-emfloat.a(__aeabi_dmul_aux.o)
 .ARM.attributes
                0x0000000000000572       0x20 d:/programs/mplab/xc32/v4.60/bin/bin/../../lib/gcc/pic32c/8.3.1/../../../../pic32c/lib/thumb/v8-m.base/nofp\libm-fast-emfloat.a(__aeabi_fdiv.o)
 .ARM.attributes
                0x0000000000000592       0x20 d:/programs/mplab/xc32/v4.60/bin/bin/../../lib/gcc/pic32c/8.3.1/../../../../pic32c/lib/thumb/v8-m.base/nofp\libm-fast-emfloat.a(__aeabi_ddiv.o)
 .ARM.attributes
                0x00000000000005b2       0x20 d:/programs/mplab/xc32/v4.60/bin/bin/../../lib/gcc/pic32c/8.3.1/../../../../pic32c/lib/thumb/v8-m.base/nofp\libm-fast-emfloat.a(__aeabi_fcmple.o)
 .ARM.attributes
                0x00000000000005d2       0x20 d:/programs/mplab/xc32/v4.60/bin/bin/../../lib/gcc/pic32c/8.3.1/../../../../pic32c/lib/thumb/v8-m.base/nofp\libm-fast-emfloat.a(__aeabi_dcmpeq.o)
 .ARM.attributes
                0x00000000000005f2       0x20 d:/programs/mplab/xc32/v4.60/bin/bin/../../lib/gcc/pic32c/8.3.1/../../../../pic32c/lib/thumb/v8-m.base/nofp\libm-fast-emfloat.a(__aeabi_dcmplt.o)
 .ARM.attributes
                0x0000000000000612       0x20 d:/programs/mplab/xc32/v4.60/bin/bin/../../lib/gcc/pic32c/8.3.1/../../../../pic32c/lib/thumb/v8-m.base/nofp\libm-fast-emfloat.a(__aeabi_d2iz.o)
 .ARM.attributes
                0x0000000000000632       0x20 d:/programs/mplab/xc32/v4.60/bin/bin/../../lib/gcc/pic32c/8.3.1/../../../../pic32c/lib/thumb/v8-m.base/nofp\libm-fast-emfloat.a(__aeabi_d2uiz.o)
 .ARM.attributes
                0x0000000000000652       0x20 d:/programs/mplab/xc32/v4.60/bin/bin/../../lib/gcc/pic32c/8.3.1/../../../../pic32c/lib/thumb/v8-m.base/nofp\libm-fast-emfloat.a(__aeabi_i2f.o)
 .ARM.attributes
                0x0000000000000672       0x20 d:/programs/mplab/xc32/v4.60/bin/bin/../../lib/gcc/pic32c/8.3.1/../../../../pic32c/lib/thumb/v8-m.base/nofp\libm-fast-emfloat.a(__aeabi_i2d.o)
 .ARM.attributes
                0x0000000000000692       0x20 d:/programs/mplab/xc32/v4.60/bin/bin/../../lib/gcc/pic32c/8.3.1/../../../../pic32c/lib/thumb/v8-m.base/nofp\libm-fast-emfloat.a(__aeabi_ui2f.o)
 .ARM.attributes
                0x00000000000006b2       0x20 d:/programs/mplab/xc32/v4.60/bin/bin/../../lib/gcc/pic32c/8.3.1/../../../../pic32c/lib/thumb/v8-m.base/nofp\libm-fast-emfloat.a(__aeabi_ui2d.o)
 .ARM.attributes
                0x00000000000006d2       0x20 d:/programs/mplab/xc32/v4.60/bin/bin/../../lib/gcc/pic32c/8.3.1/../../../../pic32c/lib/thumb/v8-m.base/nofp\libm-fast-emfloat.a(__aeabi_f2d.o)
 .ARM.attributes
                0x00000000000006f2       0x20 d:/programs/mplab/xc32/v4.60/bin/bin/../../lib/gcc/pic32c/8.3.1/../../../../pic32c/lib/thumb/v8-m.base/nofp\libm-fast-emfloat.a(__aeabi_d2f.o)
 .ARM.attributes
                0x0000000000000712       0x30 d:/programs/mplab/xc32/v4.60/bin/bin/../../lib/gcc/pic32c/8.3.1/../../../../pic32c/lib/thumb/v8-m.base/nofp\libm-fast-emfloat.a(log.o)
 .ARM.attributes
                0x0000000000000742       0x30 d:/programs/mplab/xc32/v4.60/bin/bin/../../lib/gcc/pic32c/8.3.1/../../../../pic32c/lib/thumb/v8-m.base/nofp\libm-fast-emfloat.a(exp.o)
 .ARM.attributes
                0x0000000000000772       0x30 d:/programs/mplab/xc32/v4.60/bin/bin/../../lib/gcc/pic32c/8.3.1/../../../../pic32c/lib/thumb/v8-m.base/nofp\libm-fast-emfloat.a(__SEGGER_RTL_float64_Log.o)
 .ARM.attributes
                0x00000000000007a2       0x30 d:/programs/mplab/xc32/v4.60/bin/bin/../../lib/gcc/pic32c/8.3.1/../../../../pic32c/lib/thumb/v8-m.base/nofp\libm-fast-emfloat.a(__SEGGER_RTL_float64_PolyEvalP.o)
 .ARM.attributes
                0x00000000000007d2       0x30 d:/programs/mplab/xc32/v4.60/bin/bin/../../lib/gcc/pic32c/8.3.1/../../../../pic32c/lib/thumb/v8-m.base/nofp\libm-fast-emfloat.a(__SEGGER_RTL_float64_PolyEvalQ.o)
 .ARM.attributes
                0x0000000000000802       0x30 d:/programs/mplab/xc32/v4.60/bin/bin/../../lib/gcc/pic32c/8.3.1/../../../../pic32c/lib/thumb/v8-m.base/nofp\libm-fast-emfloat.a(ldexp.o)
 .ARM.attributes
                0x0000000000000832       0x30 d:/programs/mplab/xc32/v4.60/bin/bin/../../lib/gcc/pic32c/8.3.1/../../../../pic32c/lib/thumb/v8-m.base/nofp\libm-fast-emfloat.a(frexp.o)
 .ARM.attributes
                0x0000000000000862       0x32 d:/programs/mplab/xc32/v4.60/bin/bin/../../lib/gcc/pic32c/8.3.1/../../../../pic32c/lib/thumb/v8-m.base/nofp\libc-musl.a(__libc_start_main.o)
 .ARM.attributes
                0x0000000000000894       0x32 d:/programs/mplab/xc32/v4.60/bin/bin/../../lib/gcc/pic32c/8.3.1/../../../../pic32c/lib/thumb/v8-m.base/nofp\libc-musl.a(__errno_location.o)
 .ARM.attributes
                0x00000000000008c6       0x32 d:/programs/mplab/xc32/v4.60/bin/bin/../../lib/gcc/pic32c/8.3.1/../../../../pic32c/lib/thumb/v8-m.base/nofp\libc-musl.a(libc.o)
 .ARM.attributes
                0x00000000000008f8       0x32 d:/programs/mplab/xc32/v4.60/bin/bin/../../lib/gcc/pic32c/8.3.1/../../../../pic32c/lib/thumb/v8-m.base/nofp\libc-musl.a(__sio_snprintf_cdeEfFgGnpsuxX.o)
 .ARM.attributes
                0x000000000000092a       0x32 d:/programs/mplab/xc32/v4.60/bin/bin/../../lib/gcc/pic32c/8.3.1/../../../../pic32c/lib/thumb/v8-m.base/nofp\libc-musl.a(__sio_sprintf_cdeEfFgGnpsuxX.o)
 .ARM.attributes
                0x000000000000095c       0x32 d:/programs/mplab/xc32/v4.60/bin/bin/../../lib/gcc/pic32c/8.3.1/../../../../pic32c/lib/thumb/v8-m.base/nofp\libc-musl.a(__fmt_d.o)
 .ARM.attributes
                0x000000000000098e       0x32 d:/programs/mplab/xc32/v4.60/bin/bin/../../lib/gcc/pic32c/8.3.1/../../../../pic32c/lib/thumb/v8-m.base/nofp\libc-musl.a(__fmt_fp.o)
 .ARM.attributes
                0x00000000000009c0       0x32 d:/programs/mplab/xc32/v4.60/bin/bin/../../lib/gcc/pic32c/8.3.1/../../../../pic32c/lib/thumb/v8-m.base/nofp\libc-musl.a(__fmt_s.o)
 .ARM.attributes
                0x00000000000009f2       0x32 d:/programs/mplab/xc32/v4.60/bin/bin/../../lib/gcc/pic32c/8.3.1/../../../../pic32c/lib/thumb/v8-m.base/nofp\libc-musl.a(__fmt_u.o)
 .ARM.attributes
                0x0000000000000a24       0x32 d:/programs/mplab/xc32/v4.60/bin/bin/../../lib/gcc/pic32c/8.3.1/../../../../pic32c/lib/thumb/v8-m.base/nofp\libc-musl.a(__fmt_x.o)
 .ARM.attributes
                0x0000000000000a56       0x32 d:/programs/mplab/xc32/v4.60/bin/bin/../../lib/gcc/pic32c/8.3.1/../../../../pic32c/lib/thumb/v8-m.base/nofp\libc-musl.a(__pop_float.o)
 .ARM.attributes
                0x0000000000000a88       0x32 d:/programs/mplab/xc32/v4.60/bin/bin/../../lib/gcc/pic32c/8.3.1/../../../../pic32c/lib/thumb/v8-m.base/nofp\libc-musl.a(__pop_int.o)
 .ARM.attributes
                0x0000000000000aba       0x32 d:/programs/mplab/xc32/v4.60/bin/bin/../../lib/gcc/pic32c/8.3.1/../../../../pic32c/lib/thumb/v8-m.base/nofp\libc-musl.a(__pop_ptr.o)
 .ARM.attributes
                0x0000000000000aec       0x32 d:/programs/mplab/xc32/v4.60/bin/bin/../../lib/gcc/pic32c/8.3.1/../../../../pic32c/lib/thumb/v8-m.base/nofp\libc-musl.a(__printf_core.o)
 .ARM.attributes
                0x0000000000000b1e       0x32 d:/programs/mplab/xc32/v4.60/bin/bin/../../lib/gcc/pic32c/8.3.1/../../../../pic32c/lib/thumb/v8-m.base/nofp\libc-musl.a(atoi.o)
 .ARM.attributes
                0x0000000000000b50       0x32 d:/programs/mplab/xc32/v4.60/bin/bin/../../lib/gcc/pic32c/8.3.1/../../../../pic32c/lib/thumb/v8-m.base/nofp\libc-musl.a(tolower.o)
 .ARM.attributes
                0x0000000000000b82       0x32 d:/programs/mplab/xc32/v4.60/bin/bin/../../lib/gcc/pic32c/8.3.1/../../../../pic32c/lib/thumb/v8-m.base/nofp\libc-musl.a(toupper.o)
 .ARM.attributes
                0x0000000000000bb4       0x32 d:/programs/mplab/xc32/v4.60/bin/bin/../../lib/gcc/pic32c/8.3.1/../../../../pic32c/lib/thumb/v8-m.base/nofp\libc-musl.a(__environ.o)
 .ARM.attributes
                0x0000000000000be6       0x32 d:/programs/mplab/xc32/v4.60/bin/bin/../../lib/gcc/pic32c/8.3.1/../../../../pic32c/lib/thumb/v8-m.base/nofp\libc-musl.a(__int_vsnprintf.o)
 .ARM.attributes
                0x0000000000000c18       0x32 d:/programs/mplab/xc32/v4.60/bin/bin/../../lib/gcc/pic32c/8.3.1/../../../../pic32c/lib/thumb/v8-m.base/nofp\libc-musl.a(__int_vsprintf.o)
 .ARM.attributes
                0x0000000000000c4a       0x32 d:/programs/mplab/xc32/v4.60/bin/bin/../../lib/gcc/pic32c/8.3.1/../../../../pic32c/lib/thumb/v8-m.base/nofp\libc-musl.a(__cvt_u.o)
 .ARM.attributes
                0x0000000000000c7c       0x32 d:/programs/mplab/xc32/v4.60/bin/bin/../../lib/gcc/pic32c/8.3.1/../../../../pic32c/lib/thumb/v8-m.base/nofp\libc-musl.a(__int_vfprintf.o)
 .ARM.attributes
                0x0000000000000cae       0x30 d:/programs/mplab/xc32/v4.60/bin/bin/../../lib/gcc/pic32c/8.3.1/../../../../pic32c/lib/thumb/v8-m.base/nofp\libm-fast-emfloat.a(fma.o)
 .ARM.attributes
                0x0000000000000cde       0x30 d:/programs/mplab/xc32/v4.60/bin/bin/../../lib/gcc/pic32c/8.3.1/../../../../pic32c/lib/thumb/v8-m.base/nofp\libm-fast-emfloat.a(floor.o)
 .ARM.attributes
                0x0000000000000d0e       0x20 d:/programs/mplab/xc32/v4.60/bin/bin/../../lib/gcc/pic32c/8.3.1/../../../../pic32c/lib/thumb/v8-m.base/nofp\libm-fast-emfloat.a(__aeabi_dcmple.o)
 .ARM.attributes
                0x0000000000000d2e       0x20 d:/programs/mplab/xc32/v4.60/bin/bin/../../lib/gcc/pic32c/8.3.1/../../../../pic32c/lib/thumb/v8-m.base/nofp\libm-fast-emfloat.a(__aeabi_dcmpgt.o)
 .ARM.attributes
                0x0000000000000d4e       0x22 d:/programs/mplab/xc32/v4.60/bin/bin/../../lib/gcc/pic32c/8.3.1/thumb/v8-m.base/nofp\libgcc.a(_aeabi_ldivmod.o)
 .ARM.attributes
                0x0000000000000d70       0x22 d:/programs/mplab/xc32/v4.60/bin/bin/../../lib/gcc/pic32c/8.3.1/thumb/v8-m.base/nofp\libgcc.a(_aeabi_uldivmod.o)
 .ARM.attributes
                0x0000000000000d92       0x30 d:/programs/mplab/xc32/v4.60/bin/bin/../../lib/gcc/pic32c/8.3.1/thumb/v8-m.base/nofp\libgcc.a(_muldi3.o)
 .ARM.attributes
                0x0000000000000dc2       0x30 d:/programs/mplab/xc32/v4.60/bin/bin/../../lib/gcc/pic32c/8.3.1/thumb/v8-m.base/nofp\libgcc.a(_udivmoddi4.o)
 .ARM.attributes
                0x0000000000000df2       0x30 d:/programs/mplab/xc32/v4.60/bin/bin/../../lib/gcc/pic32c/8.3.1/thumb/v8-m.base/nofp\libgcc.a(bpabi.o)
 .ARM.attributes
                0x0000000000000e22       0x22 d:/programs/mplab/xc32/v4.60/bin/bin/../../lib/gcc/pic32c/8.3.1/thumb/v8-m.base/nofp\libgcc.a(_dvmd_tls.o)
 .ARM.attributes
                0x0000000000000e44       0x22 d:/programs/mplab/xc32/v4.60/bin/bin/../../lib/gcc/pic32c/8.3.1/thumb/v8-m.base/nofp\libgcc.a(_clzsi2.o)
 .ARM.attributes
                0x0000000000000e66       0x30 d:/programs/mplab/xc32/v4.60/bin/bin/../../lib/gcc/pic32c/8.3.1/thumb/v8-m.base/nofp\libgcc.a(_divdi3.o)
 .ARM.attributes
                0x0000000000000e96       0x32 d:/programs/mplab/xc32/v4.60/bin/bin/../../lib/gcc/pic32c/8.3.1/../../../../pic32c/lib/thumb/v8-m.base/nofp\libc-size-musl.a(memcpy.o)
 .ARM.attributes
                0x0000000000000ec8       0x32 d:/programs/mplab/xc32/v4.60/bin/bin/../../lib/gcc/pic32c/8.3.1/../../../../pic32c/lib/thumb/v8-m.base/nofp\libc-size-musl.a(strcpy.o)
 .ARM.attributes
                0x0000000000000efa       0x32 d:/programs/mplab/xc32/v4.60/bin/bin/../../lib/gcc/pic32c/8.3.1/../../../../pic32c/lib/thumb/v8-m.base/nofp\libc-size-musl.a(stpcpy.o)
 .ARM.attributes
                0x0000000000000f2c       0x30 d:/programs/mplab/xc32/v4.60/bin/bin/../../lib/gcc/pic32c/8.3.1/thumb/v8-m.base/nofp/crtend.o
 .ARM.attributes
                0x0000000000000f5c       0x22 d:/programs/mplab/xc32/v4.60/bin/bin/../../lib/gcc/pic32c/8.3.1/thumb/v8-m.base/nofp/crtn.o
 .ARM.attributes
                0x0000000000000f7e       0x30 d:/programs/mplab/xc32/v4.60/bin/bin/../../lib/gcc/pic32c/8.3.1/../../../../pic32c/lib/thumb/v8-m.base/nofp\libpic32c.a(pic32_data_init_clear.o)
 .ARM.attributes
                0x0000000000000fae       0x30 d:/programs/mplab/xc32/v4.60/bin/bin/../../lib/gcc/pic32c/8.3.1/../../../../pic32c/lib/thumb/v8-m.base/nofp\libpic32c.a(pic32_data_init_copy.o)

.comment        0x0000000000000000       0x2b
 .comment       0x0000000000000000       0x2b d:/programs/mplab/xc32/v4.60/bin/bin/../../lib/gcc/pic32c/8.3.1/thumb/v8-m.base/nofp/crtbegin.o
                                         0x2c (size before relaxing)
 .comment       0x000000000000002b       0x2c build/default/production/src/bme_280/bme280.o
 .comment       0x000000000000002b       0x2c build/default/production/src/bme_280/sercom2_spi.o
 .comment       0x000000000000002b       0x2c build/default/production/src/clock/clock.o
 .comment       0x000000000000002b       0x2c build/default/production/src/delay_timer/delay_timer.o
 .comment       0x000000000000002b       0x2c build/default/production/src/dmac/dmac_transmit.o
 .comment       0x000000000000002b       0x2c build/default/production/src/hc12/hc12.o
 .comment       0x000000000000002b       0x2c build/default/production/src/hc12/sercom5_usart.o
 .comment       0x000000000000002b       0x2c build/default/production/src/pms7003/pms7003.o
 .comment       0x000000000000002b       0x2c build/default/production/src/pms7003/sercom1_usart.o
 .comment       0x000000000000002b       0x2c build/default/production/src/usb_serial/sercom3_usart.o
 .comment       0x000000000000002b       0x2c build/default/production/src/usb_serial/usb_serial.o
 .comment       0x000000000000002b       0x2c build/default/production/src/main.o
 .comment       0x000000000000002b       0x2c build/default/production/src/neo6m/neo6m.o
 .comment       0x000000000000002b       0x2c build/default/production/src/neo6m/sercom0_usart.o
 .comment       0x000000000000002b       0x2c C:\Users\WX-78\AppData\Local\Temp\ccsznxC9.o
 .comment       0x000000000000002b       0x2c d:/programs/mplab/xc32/v4.60/bin/bin/../../lib/gcc/pic32c/8.3.1/../../../../pic32c/lib/thumb/v8-m.base/nofp\libpic32c.a(data_init.o)
 .comment       0x000000000000002b       0x2c d:/programs/mplab/xc32/v4.60/bin/bin/../../lib/gcc/pic32c/8.3.1/../../../../pic32c/lib/thumb/v8-m.base/nofp\libc-size-musl.a(strlen.o)
 .comment       0x000000000000002b       0x2c d:/programs/mplab/xc32/v4.60/bin/bin/../../lib/gcc/pic32c/8.3.1/../../../../pic32c/lib/thumb/v8-m.base/nofp\libc-size-musl.a(strncpy.o)
 .comment       0x000000000000002b       0x2c d:/programs/mplab/xc32/v4.60/bin/bin/../../lib/gcc/pic32c/8.3.1/../../../../pic32c/lib/thumb/v8-m.base/nofp\libc-size-musl.a(strtok.o)
 .comment       0x000000000000002b       0x2c d:/programs/mplab/xc32/v4.60/bin/bin/../../lib/gcc/pic32c/8.3.1/../../../../pic32c/lib/thumb/v8-m.base/nofp\libc-size-musl.a(stpncpy.o)
 .comment       0x000000000000002b       0x2c d:/programs/mplab/xc32/v4.60/bin/bin/../../lib/gcc/pic32c/8.3.1/../../../../pic32c/lib/thumb/v8-m.base/nofp\libc-size-musl.a(strcspn.o)
 .comment       0x000000000000002b       0x2c d:/programs/mplab/xc32/v4.60/bin/bin/../../lib/gcc/pic32c/8.3.1/../../../../pic32c/lib/thumb/v8-m.base/nofp\libc-size-musl.a(strspn.o)
 .comment       0x000000000000002b       0x2c d:/programs/mplab/xc32/v4.60/bin/bin/../../lib/gcc/pic32c/8.3.1/../../../../pic32c/lib/thumb/v8-m.base/nofp\libc-size-musl.a(memset.o)
 .comment       0x000000000000002b       0x2c d:/programs/mplab/xc32/v4.60/bin/bin/../../lib/gcc/pic32c/8.3.1/../../../../pic32c/lib/thumb/v8-m.base/nofp\libc-size-musl.a(strchrnul.o)
 .comment       0x000000000000002b       0x2c d:/programs/mplab/xc32/v4.60/bin/bin/../../lib/gcc/pic32c/8.3.1/../../../../pic32c/lib/thumb/v8-m.base/nofp\libm-fast-emfloat.a(pow.o)
 .comment       0x000000000000002b       0x2c d:/programs/mplab/xc32/v4.60/bin/bin/../../lib/gcc/pic32c/8.3.1/../../../../pic32c/lib/thumb/v8-m.base/nofp\libm-fast-emfloat.a(log.o)
 .comment       0x000000000000002b       0x2c d:/programs/mplab/xc32/v4.60/bin/bin/../../lib/gcc/pic32c/8.3.1/../../../../pic32c/lib/thumb/v8-m.base/nofp\libm-fast-emfloat.a(exp.o)
 .comment       0x000000000000002b       0x2c d:/programs/mplab/xc32/v4.60/bin/bin/../../lib/gcc/pic32c/8.3.1/../../../../pic32c/lib/thumb/v8-m.base/nofp\libm-fast-emfloat.a(__SEGGER_RTL_float64_Log.o)
 .comment       0x000000000000002b       0x2c d:/programs/mplab/xc32/v4.60/bin/bin/../../lib/gcc/pic32c/8.3.1/../../../../pic32c/lib/thumb/v8-m.base/nofp\libm-fast-emfloat.a(__SEGGER_RTL_float64_PolyEvalP.o)
 .comment       0x000000000000002b       0x2c d:/programs/mplab/xc32/v4.60/bin/bin/../../lib/gcc/pic32c/8.3.1/../../../../pic32c/lib/thumb/v8-m.base/nofp\libm-fast-emfloat.a(__SEGGER_RTL_float64_PolyEvalQ.o)
 .comment       0x000000000000002b       0x2c d:/programs/mplab/xc32/v4.60/bin/bin/../../lib/gcc/pic32c/8.3.1/../../../../pic32c/lib/thumb/v8-m.base/nofp\libm-fast-emfloat.a(ldexp.o)
 .comment       0x000000000000002b       0x2c d:/programs/mplab/xc32/v4.60/bin/bin/../../lib/gcc/pic32c/8.3.1/../../../../pic32c/lib/thumb/v8-m.base/nofp\libm-fast-emfloat.a(frexp.o)
 .comment       0x000000000000002b       0x2c d:/programs/mplab/xc32/v4.60/bin/bin/../../lib/gcc/pic32c/8.3.1/../../../../pic32c/lib/thumb/v8-m.base/nofp\libc-musl.a(__libc_start_main.o)
 .comment       0x000000000000002b       0x2c d:/programs/mplab/xc32/v4.60/bin/bin/../../lib/gcc/pic32c/8.3.1/../../../../pic32c/lib/thumb/v8-m.base/nofp\libc-musl.a(__errno_location.o)
 .comment       0x000000000000002b       0x2c d:/programs/mplab/xc32/v4.60/bin/bin/../../lib/gcc/pic32c/8.3.1/../../../../pic32c/lib/thumb/v8-m.base/nofp\libc-musl.a(libc.o)
 .comment       0x000000000000002b       0x2c d:/programs/mplab/xc32/v4.60/bin/bin/../../lib/gcc/pic32c/8.3.1/../../../../pic32c/lib/thumb/v8-m.base/nofp\libc-musl.a(__sio_snprintf_cdeEfFgGnpsuxX.o)
 .comment       0x000000000000002b       0x2c d:/programs/mplab/xc32/v4.60/bin/bin/../../lib/gcc/pic32c/8.3.1/../../../../pic32c/lib/thumb/v8-m.base/nofp\libc-musl.a(__sio_sprintf_cdeEfFgGnpsuxX.o)
 .comment       0x000000000000002b       0x2c d:/programs/mplab/xc32/v4.60/bin/bin/../../lib/gcc/pic32c/8.3.1/../../../../pic32c/lib/thumb/v8-m.base/nofp\libc-musl.a(__fmt_d.o)
 .comment       0x000000000000002b       0x2c d:/programs/mplab/xc32/v4.60/bin/bin/../../lib/gcc/pic32c/8.3.1/../../../../pic32c/lib/thumb/v8-m.base/nofp\libc-musl.a(__fmt_fp.o)
 .comment       0x000000000000002b       0x2c d:/programs/mplab/xc32/v4.60/bin/bin/../../lib/gcc/pic32c/8.3.1/../../../../pic32c/lib/thumb/v8-m.base/nofp\libc-musl.a(__fmt_s.o)
 .comment       0x000000000000002b       0x2c d:/programs/mplab/xc32/v4.60/bin/bin/../../lib/gcc/pic32c/8.3.1/../../../../pic32c/lib/thumb/v8-m.base/nofp\libc-musl.a(__fmt_u.o)
 .comment       0x000000000000002b       0x2c d:/programs/mplab/xc32/v4.60/bin/bin/../../lib/gcc/pic32c/8.3.1/../../../../pic32c/lib/thumb/v8-m.base/nofp\libc-musl.a(__fmt_x.o)
 .comment       0x000000000000002b       0x2c d:/programs/mplab/xc32/v4.60/bin/bin/../../lib/gcc/pic32c/8.3.1/../../../../pic32c/lib/thumb/v8-m.base/nofp\libc-musl.a(__pop_float.o)
 .comment       0x000000000000002b       0x2c d:/programs/mplab/xc32/v4.60/bin/bin/../../lib/gcc/pic32c/8.3.1/../../../../pic32c/lib/thumb/v8-m.base/nofp\libc-musl.a(__pop_int.o)
 .comment       0x000000000000002b       0x2c d:/programs/mplab/xc32/v4.60/bin/bin/../../lib/gcc/pic32c/8.3.1/../../../../pic32c/lib/thumb/v8-m.base/nofp\libc-musl.a(__pop_ptr.o)
 .comment       0x000000000000002b       0x2c d:/programs/mplab/xc32/v4.60/bin/bin/../../lib/gcc/pic32c/8.3.1/../../../../pic32c/lib/thumb/v8-m.base/nofp\libc-musl.a(__printf_core.o)
 .comment       0x000000000000002b       0x2c d:/programs/mplab/xc32/v4.60/bin/bin/../../lib/gcc/pic32c/8.3.1/../../../../pic32c/lib/thumb/v8-m.base/nofp\libc-musl.a(atoi.o)
 .comment       0x000000000000002b       0x2c d:/programs/mplab/xc32/v4.60/bin/bin/../../lib/gcc/pic32c/8.3.1/../../../../pic32c/lib/thumb/v8-m.base/nofp\libc-musl.a(tolower.o)
 .comment       0x000000000000002b       0x2c d:/programs/mplab/xc32/v4.60/bin/bin/../../lib/gcc/pic32c/8.3.1/../../../../pic32c/lib/thumb/v8-m.base/nofp\libc-musl.a(toupper.o)
 .comment       0x000000000000002b       0x2c d:/programs/mplab/xc32/v4.60/bin/bin/../../lib/gcc/pic32c/8.3.1/../../../../pic32c/lib/thumb/v8-m.base/nofp\libc-musl.a(__environ.o)
 .comment       0x000000000000002b       0x2c d:/programs/mplab/xc32/v4.60/bin/bin/../../lib/gcc/pic32c/8.3.1/../../../../pic32c/lib/thumb/v8-m.base/nofp\libc-musl.a(__int_vsnprintf.o)
 .comment       0x000000000000002b       0x2c d:/programs/mplab/xc32/v4.60/bin/bin/../../lib/gcc/pic32c/8.3.1/../../../../pic32c/lib/thumb/v8-m.base/nofp\libc-musl.a(__int_vsprintf.o)
 .comment       0x000000000000002b       0x2c d:/programs/mplab/xc32/v4.60/bin/bin/../../lib/gcc/pic32c/8.3.1/../../../../pic32c/lib/thumb/v8-m.base/nofp\libc-musl.a(__cvt_u.o)
 .comment       0x000000000000002b       0x2c d:/programs/mplab/xc32/v4.60/bin/bin/../../lib/gcc/pic32c/8.3.1/../../../../pic32c/lib/thumb/v8-m.base/nofp\libc-musl.a(__int_vfprintf.o)
 .comment       0x000000000000002b       0x2c d:/programs/mplab/xc32/v4.60/bin/bin/../../lib/gcc/pic32c/8.3.1/../../../../pic32c/lib/thumb/v8-m.base/nofp\libm-fast-emfloat.a(fma.o)
 .comment       0x000000000000002b       0x2c d:/programs/mplab/xc32/v4.60/bin/bin/../../lib/gcc/pic32c/8.3.1/../../../../pic32c/lib/thumb/v8-m.base/nofp\libm-fast-emfloat.a(floor.o)
 .comment       0x000000000000002b       0x2c d:/programs/mplab/xc32/v4.60/bin/bin/../../lib/gcc/pic32c/8.3.1/thumb/v8-m.base/nofp\libgcc.a(_muldi3.o)
 .comment       0x000000000000002b       0x2c d:/programs/mplab/xc32/v4.60/bin/bin/../../lib/gcc/pic32c/8.3.1/thumb/v8-m.base/nofp\libgcc.a(_udivmoddi4.o)
 .comment       0x000000000000002b       0x2c d:/programs/mplab/xc32/v4.60/bin/bin/../../lib/gcc/pic32c/8.3.1/thumb/v8-m.base/nofp\libgcc.a(bpabi.o)
 .comment       0x000000000000002b       0x2c d:/programs/mplab/xc32/v4.60/bin/bin/../../lib/gcc/pic32c/8.3.1/thumb/v8-m.base/nofp\libgcc.a(_divdi3.o)
 .comment       0x000000000000002b       0x2c d:/programs/mplab/xc32/v4.60/bin/bin/../../lib/gcc/pic32c/8.3.1/../../../../pic32c/lib/thumb/v8-m.base/nofp\libc-size-musl.a(memcpy.o)
 .comment       0x000000000000002b       0x2c d:/programs/mplab/xc32/v4.60/bin/bin/../../lib/gcc/pic32c/8.3.1/../../../../pic32c/lib/thumb/v8-m.base/nofp\libc-size-musl.a(strcpy.o)
 .comment       0x000000000000002b       0x2c d:/programs/mplab/xc32/v4.60/bin/bin/../../lib/gcc/pic32c/8.3.1/../../../../pic32c/lib/thumb/v8-m.base/nofp\libc-size-musl.a(stpcpy.o)
 .comment       0x000000000000002b       0x2c d:/programs/mplab/xc32/v4.60/bin/bin/../../lib/gcc/pic32c/8.3.1/thumb/v8-m.base/nofp/crtend.o
 .comment       0x000000000000002b       0x2c d:/programs/mplab/xc32/v4.60/bin/bin/../../lib/gcc/pic32c/8.3.1/../../../../pic32c/lib/thumb/v8-m.base/nofp\libpic32c.a(pic32_data_init_clear.o)
 .comment       0x000000000000002b       0x2c d:/programs/mplab/xc32/v4.60/bin/bin/../../lib/gcc/pic32c/8.3.1/../../../../pic32c/lib/thumb/v8-m.base/nofp\libpic32c.a(pic32_data_init_copy.o)

.debug_info     0x0000000000000000    0x10213
 .debug_info    0x0000000000000000      0x7bc build/default/production/src/bme_280/bme280.o
 .debug_info    0x00000000000007bc     0x151e build/default/production/src/bme_280/sercom2_spi.o
 .debug_info    0x0000000000001cda      0x922 build/default/production/src/clock/clock.o
 .debug_info    0x00000000000025fc      0x955 build/default/production/src/delay_timer/delay_timer.o
 .debug_info    0x0000000000002f51      0xe57 build/default/production/src/dmac/dmac_transmit.o
 .debug_info    0x0000000000003da8      0x330 build/default/production/src/hc12/hc12.o
 .debug_info    0x00000000000040d8     0x18b4 build/default/production/src/hc12/sercom5_usart.o
 .debug_info    0x000000000000598c      0xfc1 build/default/production/src/pms7003/pms7003.o
 .debug_info    0x000000000000694d      0xb88 build/default/production/src/pms7003/sercom1_usart.o
 .debug_info    0x00000000000074d5      0xb88 build/default/production/src/usb_serial/sercom3_usart.o
 .debug_info    0x000000000000805d      0xf9a build/default/production/src/usb_serial/usb_serial.o
 .debug_info    0x0000000000008ff7      0x37d build/default/production/src/main.o
 .debug_info    0x0000000000009374     0x1051 build/default/production/src/neo6m/neo6m.o
 .debug_info    0x000000000000a3c5      0xb88 build/default/production/src/neo6m/sercom0_usart.o
 .debug_info    0x000000000000af4d       0x68 d:/programs/mplab/xc32/v4.60/bin/bin/../../lib/gcc/pic32c/8.3.1/../../../../pic32c/lib/thumb/v8-m.base/nofp\libpic32c.a(data_init.o)
 .debug_info    0x000000000000afb5       0xa4 d:/programs/mplab/xc32/v4.60/bin/bin/../../lib/gcc/pic32c/8.3.1/../../../../pic32c/lib/thumb/v8-m.base/nofp\libc-size-musl.a(strlen.o)
 .debug_info    0x000000000000b059       0xde d:/programs/mplab/xc32/v4.60/bin/bin/../../lib/gcc/pic32c/8.3.1/../../../../pic32c/lib/thumb/v8-m.base/nofp\libc-size-musl.a(strncpy.o)
 .debug_info    0x000000000000b137       0xf2 d:/programs/mplab/xc32/v4.60/bin/bin/../../lib/gcc/pic32c/8.3.1/../../../../pic32c/lib/thumb/v8-m.base/nofp\libc-size-musl.a(strtok.o)
 .debug_info    0x000000000000b229       0xe1 d:/programs/mplab/xc32/v4.60/bin/bin/../../lib/gcc/pic32c/8.3.1/../../../../pic32c/lib/thumb/v8-m.base/nofp\libc-size-musl.a(stpncpy.o)
 .debug_info    0x000000000000b30a      0x116 d:/programs/mplab/xc32/v4.60/bin/bin/../../lib/gcc/pic32c/8.3.1/../../../../pic32c/lib/thumb/v8-m.base/nofp\libc-size-musl.a(strcspn.o)
 .debug_info    0x000000000000b420       0xf3 d:/programs/mplab/xc32/v4.60/bin/bin/../../lib/gcc/pic32c/8.3.1/../../../../pic32c/lib/thumb/v8-m.base/nofp\libc-size-musl.a(strspn.o)
 .debug_info    0x000000000000b513       0xbb d:/programs/mplab/xc32/v4.60/bin/bin/../../lib/gcc/pic32c/8.3.1/../../../../pic32c/lib/thumb/v8-m.base/nofp\libc-size-musl.a(memset.o)
 .debug_info    0x000000000000b5ce      0x133 d:/programs/mplab/xc32/v4.60/bin/bin/../../lib/gcc/pic32c/8.3.1/../../../../pic32c/lib/thumb/v8-m.base/nofp\libc-size-musl.a(strchrnul.o)
 .debug_info    0x000000000000b701      0x2fb d:/programs/mplab/xc32/v4.60/bin/bin/../../lib/gcc/pic32c/8.3.1/../../../../pic32c/lib/thumb/v8-m.base/nofp\libc-musl.a(__libc_start_main.o)
 .debug_info    0x000000000000b9fc       0x5b d:/programs/mplab/xc32/v4.60/bin/bin/../../lib/gcc/pic32c/8.3.1/../../../../pic32c/lib/thumb/v8-m.base/nofp\libc-musl.a(__errno_location.o)
 .debug_info    0x000000000000ba57      0x276 d:/programs/mplab/xc32/v4.60/bin/bin/../../lib/gcc/pic32c/8.3.1/../../../../pic32c/lib/thumb/v8-m.base/nofp\libc-musl.a(libc.o)
 .debug_info    0x000000000000bccd      0x23f d:/programs/mplab/xc32/v4.60/bin/bin/../../lib/gcc/pic32c/8.3.1/../../../../pic32c/lib/thumb/v8-m.base/nofp\libc-musl.a(__sio_snprintf_cdeEfFgGnpsuxX.o)
 .debug_info    0x000000000000bf0c      0x21a d:/programs/mplab/xc32/v4.60/bin/bin/../../lib/gcc/pic32c/8.3.1/../../../../pic32c/lib/thumb/v8-m.base/nofp\libc-musl.a(__sio_sprintf_cdeEfFgGnpsuxX.o)
 .debug_info    0x000000000000c126      0x330 d:/programs/mplab/xc32/v4.60/bin/bin/../../lib/gcc/pic32c/8.3.1/../../../../pic32c/lib/thumb/v8-m.base/nofp\libc-musl.a(__fmt_d.o)
 .debug_info    0x000000000000c456      0x666 d:/programs/mplab/xc32/v4.60/bin/bin/../../lib/gcc/pic32c/8.3.1/../../../../pic32c/lib/thumb/v8-m.base/nofp\libc-musl.a(__fmt_fp.o)
 .debug_info    0x000000000000cabc      0x2e9 d:/programs/mplab/xc32/v4.60/bin/bin/../../lib/gcc/pic32c/8.3.1/../../../../pic32c/lib/thumb/v8-m.base/nofp\libc-musl.a(__fmt_s.o)
 .debug_info    0x000000000000cda5      0x301 d:/programs/mplab/xc32/v4.60/bin/bin/../../lib/gcc/pic32c/8.3.1/../../../../pic32c/lib/thumb/v8-m.base/nofp\libc-musl.a(__fmt_u.o)
 .debug_info    0x000000000000d0a6      0x335 d:/programs/mplab/xc32/v4.60/bin/bin/../../lib/gcc/pic32c/8.3.1/../../../../pic32c/lib/thumb/v8-m.base/nofp\libc-musl.a(__fmt_x.o)
 .debug_info    0x000000000000d3db      0x162 d:/programs/mplab/xc32/v4.60/bin/bin/../../lib/gcc/pic32c/8.3.1/../../../../pic32c/lib/thumb/v8-m.base/nofp\libc-musl.a(__pop_float.o)
 .debug_info    0x000000000000d53d      0x183 d:/programs/mplab/xc32/v4.60/bin/bin/../../lib/gcc/pic32c/8.3.1/../../../../pic32c/lib/thumb/v8-m.base/nofp\libc-musl.a(__pop_int.o)
 .debug_info    0x000000000000d6c0      0x18d d:/programs/mplab/xc32/v4.60/bin/bin/../../lib/gcc/pic32c/8.3.1/../../../../pic32c/lib/thumb/v8-m.base/nofp\libc-musl.a(__pop_ptr.o)
 .debug_info    0x000000000000d84d      0xa72 d:/programs/mplab/xc32/v4.60/bin/bin/../../lib/gcc/pic32c/8.3.1/../../../../pic32c/lib/thumb/v8-m.base/nofp\libc-musl.a(__printf_core.o)
 .debug_info    0x000000000000e2bf       0xf4 d:/programs/mplab/xc32/v4.60/bin/bin/../../lib/gcc/pic32c/8.3.1/../../../../pic32c/lib/thumb/v8-m.base/nofp\libc-musl.a(atoi.o)
 .debug_info    0x000000000000e3b3      0x131 d:/programs/mplab/xc32/v4.60/bin/bin/../../lib/gcc/pic32c/8.3.1/../../../../pic32c/lib/thumb/v8-m.base/nofp\libc-musl.a(tolower.o)
 .debug_info    0x000000000000e4e4      0x131 d:/programs/mplab/xc32/v4.60/bin/bin/../../lib/gcc/pic32c/8.3.1/../../../../pic32c/lib/thumb/v8-m.base/nofp\libc-musl.a(toupper.o)
 .debug_info    0x000000000000e615       0x97 d:/programs/mplab/xc32/v4.60/bin/bin/../../lib/gcc/pic32c/8.3.1/../../../../pic32c/lib/thumb/v8-m.base/nofp\libc-musl.a(__environ.o)
 .debug_info    0x000000000000e6ac      0x21a d:/programs/mplab/xc32/v4.60/bin/bin/../../lib/gcc/pic32c/8.3.1/../../../../pic32c/lib/thumb/v8-m.base/nofp\libc-musl.a(__int_vsnprintf.o)
 .debug_info    0x000000000000e8c6      0x13f d:/programs/mplab/xc32/v4.60/bin/bin/../../lib/gcc/pic32c/8.3.1/../../../../pic32c/lib/thumb/v8-m.base/nofp\libc-musl.a(__int_vsprintf.o)
 .debug_info    0x000000000000ea05      0x1cf d:/programs/mplab/xc32/v4.60/bin/bin/../../lib/gcc/pic32c/8.3.1/../../../../pic32c/lib/thumb/v8-m.base/nofp\libc-musl.a(__cvt_u.o)
 .debug_info    0x000000000000ebd4      0x1ff d:/programs/mplab/xc32/v4.60/bin/bin/../../lib/gcc/pic32c/8.3.1/../../../../pic32c/lib/thumb/v8-m.base/nofp\libc-musl.a(__int_vfprintf.o)
 .debug_info    0x000000000000edd3       0x26 d:/programs/mplab/xc32/v4.60/bin/bin/../../lib/gcc/pic32c/8.3.1/thumb/v8-m.base/nofp\libgcc.a(_aeabi_ldivmod.o)
 .debug_info    0x000000000000edf9       0x26 d:/programs/mplab/xc32/v4.60/bin/bin/../../lib/gcc/pic32c/8.3.1/thumb/v8-m.base/nofp\libgcc.a(_aeabi_uldivmod.o)
 .debug_info    0x000000000000ee1f      0x243 d:/programs/mplab/xc32/v4.60/bin/bin/../../lib/gcc/pic32c/8.3.1/thumb/v8-m.base/nofp\libgcc.a(_muldi3.o)
 .debug_info    0x000000000000f062      0x615 d:/programs/mplab/xc32/v4.60/bin/bin/../../lib/gcc/pic32c/8.3.1/thumb/v8-m.base/nofp\libgcc.a(_udivmoddi4.o)
 .debug_info    0x000000000000f677       0xd5 d:/programs/mplab/xc32/v4.60/bin/bin/../../lib/gcc/pic32c/8.3.1/thumb/v8-m.base/nofp\libgcc.a(bpabi.o)
 .debug_info    0x000000000000f74c       0x26 d:/programs/mplab/xc32/v4.60/bin/bin/../../lib/gcc/pic32c/8.3.1/thumb/v8-m.base/nofp\libgcc.a(_dvmd_tls.o)
 .debug_info    0x000000000000f772       0x26 d:/programs/mplab/xc32/v4.60/bin/bin/../../lib/gcc/pic32c/8.3.1/thumb/v8-m.base/nofp\libgcc.a(_clzsi2.o)
 .debug_info    0x000000000000f798      0x7a6 d:/programs/mplab/xc32/v4.60/bin/bin/../../lib/gcc/pic32c/8.3.1/thumb/v8-m.base/nofp\libgcc.a(_divdi3.o)
 .debug_info    0x000000000000ff3e       0xed d:/programs/mplab/xc32/v4.60/bin/bin/../../lib/gcc/pic32c/8.3.1/../../../../pic32c/lib/thumb/v8-m.base/nofp\libc-size-musl.a(memcpy.o)
 .debug_info    0x000000000001002b       0xbd d:/programs/mplab/xc32/v4.60/bin/bin/../../lib/gcc/pic32c/8.3.1/../../../../pic32c/lib/thumb/v8-m.base/nofp\libc-size-musl.a(strcpy.o)
 .debug_info    0x00000000000100e8       0xac d:/programs/mplab/xc32/v4.60/bin/bin/../../lib/gcc/pic32c/8.3.1/../../../../pic32c/lib/thumb/v8-m.base/nofp\libc-size-musl.a(stpcpy.o)
 .debug_info    0x0000000000010194       0x3f d:/programs/mplab/xc32/v4.60/bin/bin/../../lib/gcc/pic32c/8.3.1/../../../../pic32c/lib/thumb/v8-m.base/nofp\libpic32c.a(pic32_data_init_clear.o)
 .debug_info    0x00000000000101d3       0x40 d:/programs/mplab/xc32/v4.60/bin/bin/../../lib/gcc/pic32c/8.3.1/../../../../pic32c/lib/thumb/v8-m.base/nofp\libpic32c.a(pic32_data_init_copy.o)

.debug_abbrev   0x0000000000000000     0x3cc6
 .debug_abbrev  0x0000000000000000      0x159 build/default/production/src/bme_280/bme280.o
 .debug_abbrev  0x0000000000000159      0x2a9 build/default/production/src/bme_280/sercom2_spi.o
 .debug_abbrev  0x0000000000000402      0x12e build/default/production/src/clock/clock.o
 .debug_abbrev  0x0000000000000530      0x20c build/default/production/src/delay_timer/delay_timer.o
 .debug_abbrev  0x000000000000073c      0x25e build/default/production/src/dmac/dmac_transmit.o
 .debug_abbrev  0x000000000000099a      0x109 build/default/production/src/hc12/hc12.o
 .debug_abbrev  0x0000000000000aa3      0x366 build/default/production/src/hc12/sercom5_usart.o
 .debug_abbrev  0x0000000000000e09      0x1de build/default/production/src/pms7003/pms7003.o
 .debug_abbrev  0x0000000000000fe7       0xd1 build/default/production/src/pms7003/sercom1_usart.o
 .debug_abbrev  0x00000000000010b8       0xd1 build/default/production/src/usb_serial/sercom3_usart.o
 .debug_abbrev  0x0000000000001189      0x1d2 build/default/production/src/usb_serial/usb_serial.o
 .debug_abbrev  0x000000000000135b       0xf8 build/default/production/src/main.o
 .debug_abbrev  0x0000000000001453      0x1ba build/default/production/src/neo6m/neo6m.o
 .debug_abbrev  0x000000000000160d       0xd1 build/default/production/src/neo6m/sercom0_usart.o
 .debug_abbrev  0x00000000000016de       0x44 d:/programs/mplab/xc32/v4.60/bin/bin/../../lib/gcc/pic32c/8.3.1/../../../../pic32c/lib/thumb/v8-m.base/nofp\libpic32c.a(data_init.o)
 .debug_abbrev  0x0000000000001722       0x91 d:/programs/mplab/xc32/v4.60/bin/bin/../../lib/gcc/pic32c/8.3.1/../../../../pic32c/lib/thumb/v8-m.base/nofp\libc-size-musl.a(strlen.o)
 .debug_abbrev  0x00000000000017b3       0x9d d:/programs/mplab/xc32/v4.60/bin/bin/../../lib/gcc/pic32c/8.3.1/../../../../pic32c/lib/thumb/v8-m.base/nofp\libc-size-musl.a(strncpy.o)
 .debug_abbrev  0x0000000000001850       0xac d:/programs/mplab/xc32/v4.60/bin/bin/../../lib/gcc/pic32c/8.3.1/../../../../pic32c/lib/thumb/v8-m.base/nofp\libc-size-musl.a(strtok.o)
 .debug_abbrev  0x00000000000018fc       0xa5 d:/programs/mplab/xc32/v4.60/bin/bin/../../lib/gcc/pic32c/8.3.1/../../../../pic32c/lib/thumb/v8-m.base/nofp\libc-size-musl.a(stpncpy.o)
 .debug_abbrev  0x00000000000019a1       0xe1 d:/programs/mplab/xc32/v4.60/bin/bin/../../lib/gcc/pic32c/8.3.1/../../../../pic32c/lib/thumb/v8-m.base/nofp\libc-size-musl.a(strcspn.o)
 .debug_abbrev  0x0000000000001a82       0xd2 d:/programs/mplab/xc32/v4.60/bin/bin/../../lib/gcc/pic32c/8.3.1/../../../../pic32c/lib/thumb/v8-m.base/nofp\libc-size-musl.a(strspn.o)
 .debug_abbrev  0x0000000000001b54       0xa2 d:/programs/mplab/xc32/v4.60/bin/bin/../../lib/gcc/pic32c/8.3.1/../../../../pic32c/lib/thumb/v8-m.base/nofp\libc-size-musl.a(memset.o)
 .debug_abbrev  0x0000000000001bf6       0xbc d:/programs/mplab/xc32/v4.60/bin/bin/../../lib/gcc/pic32c/8.3.1/../../../../pic32c/lib/thumb/v8-m.base/nofp\libc-size-musl.a(strchrnul.o)
 .debug_abbrev  0x0000000000001cb2      0x133 d:/programs/mplab/xc32/v4.60/bin/bin/../../lib/gcc/pic32c/8.3.1/../../../../pic32c/lib/thumb/v8-m.base/nofp\libc-musl.a(__libc_start_main.o)
 .debug_abbrev  0x0000000000001de5       0x39 d:/programs/mplab/xc32/v4.60/bin/bin/../../lib/gcc/pic32c/8.3.1/../../../../pic32c/lib/thumb/v8-m.base/nofp\libc-musl.a(__errno_location.o)
 .debug_abbrev  0x0000000000001e1e       0xd4 d:/programs/mplab/xc32/v4.60/bin/bin/../../lib/gcc/pic32c/8.3.1/../../../../pic32c/lib/thumb/v8-m.base/nofp\libc-musl.a(libc.o)
 .debug_abbrev  0x0000000000001ef2      0x12b d:/programs/mplab/xc32/v4.60/bin/bin/../../lib/gcc/pic32c/8.3.1/../../../../pic32c/lib/thumb/v8-m.base/nofp\libc-musl.a(__sio_snprintf_cdeEfFgGnpsuxX.o)
 .debug_abbrev  0x000000000000201d      0x12b d:/programs/mplab/xc32/v4.60/bin/bin/../../lib/gcc/pic32c/8.3.1/../../../../pic32c/lib/thumb/v8-m.base/nofp\libc-musl.a(__sio_sprintf_cdeEfFgGnpsuxX.o)
 .debug_abbrev  0x0000000000002148      0x161 d:/programs/mplab/xc32/v4.60/bin/bin/../../lib/gcc/pic32c/8.3.1/../../../../pic32c/lib/thumb/v8-m.base/nofp\libc-musl.a(__fmt_d.o)
 .debug_abbrev  0x00000000000022a9      0x1e3 d:/programs/mplab/xc32/v4.60/bin/bin/../../lib/gcc/pic32c/8.3.1/../../../../pic32c/lib/thumb/v8-m.base/nofp\libc-musl.a(__fmt_fp.o)
 .debug_abbrev  0x000000000000248c      0x15e d:/programs/mplab/xc32/v4.60/bin/bin/../../lib/gcc/pic32c/8.3.1/../../../../pic32c/lib/thumb/v8-m.base/nofp\libc-musl.a(__fmt_s.o)
 .debug_abbrev  0x00000000000025ea      0x161 d:/programs/mplab/xc32/v4.60/bin/bin/../../lib/gcc/pic32c/8.3.1/../../../../pic32c/lib/thumb/v8-m.base/nofp\libc-musl.a(__fmt_u.o)
 .debug_abbrev  0x000000000000274b      0x150 d:/programs/mplab/xc32/v4.60/bin/bin/../../lib/gcc/pic32c/8.3.1/../../../../pic32c/lib/thumb/v8-m.base/nofp\libc-musl.a(__fmt_x.o)
 .debug_abbrev  0x000000000000289b       0xdc d:/programs/mplab/xc32/v4.60/bin/bin/../../lib/gcc/pic32c/8.3.1/../../../../pic32c/lib/thumb/v8-m.base/nofp\libc-musl.a(__pop_float.o)
 .debug_abbrev  0x0000000000002977       0xdc d:/programs/mplab/xc32/v4.60/bin/bin/../../lib/gcc/pic32c/8.3.1/../../../../pic32c/lib/thumb/v8-m.base/nofp\libc-musl.a(__pop_int.o)
 .debug_abbrev  0x0000000000002a53       0xdc d:/programs/mplab/xc32/v4.60/bin/bin/../../lib/gcc/pic32c/8.3.1/../../../../pic32c/lib/thumb/v8-m.base/nofp\libc-musl.a(__pop_ptr.o)
 .debug_abbrev  0x0000000000002b2f      0x317 d:/programs/mplab/xc32/v4.60/bin/bin/../../lib/gcc/pic32c/8.3.1/../../../../pic32c/lib/thumb/v8-m.base/nofp\libc-musl.a(__printf_core.o)
 .debug_abbrev  0x0000000000002e46       0xc6 d:/programs/mplab/xc32/v4.60/bin/bin/../../lib/gcc/pic32c/8.3.1/../../../../pic32c/lib/thumb/v8-m.base/nofp\libc-musl.a(atoi.o)
 .debug_abbrev  0x0000000000002f0c       0xf4 d:/programs/mplab/xc32/v4.60/bin/bin/../../lib/gcc/pic32c/8.3.1/../../../../pic32c/lib/thumb/v8-m.base/nofp\libc-musl.a(tolower.o)
 .debug_abbrev  0x0000000000003000       0xf4 d:/programs/mplab/xc32/v4.60/bin/bin/../../lib/gcc/pic32c/8.3.1/../../../../pic32c/lib/thumb/v8-m.base/nofp\libc-musl.a(toupper.o)
 .debug_abbrev  0x00000000000030f4       0x62 d:/programs/mplab/xc32/v4.60/bin/bin/../../lib/gcc/pic32c/8.3.1/../../../../pic32c/lib/thumb/v8-m.base/nofp\libc-musl.a(__environ.o)
 .debug_abbrev  0x0000000000003156      0x154 d:/programs/mplab/xc32/v4.60/bin/bin/../../lib/gcc/pic32c/8.3.1/../../../../pic32c/lib/thumb/v8-m.base/nofp\libc-musl.a(__int_vsnprintf.o)
 .debug_abbrev  0x00000000000032aa       0xcb d:/programs/mplab/xc32/v4.60/bin/bin/../../lib/gcc/pic32c/8.3.1/../../../../pic32c/lib/thumb/v8-m.base/nofp\libc-musl.a(__int_vsprintf.o)
 .debug_abbrev  0x0000000000003375       0xf3 d:/programs/mplab/xc32/v4.60/bin/bin/../../lib/gcc/pic32c/8.3.1/../../../../pic32c/lib/thumb/v8-m.base/nofp\libc-musl.a(__cvt_u.o)
 .debug_abbrev  0x0000000000003468      0x132 d:/programs/mplab/xc32/v4.60/bin/bin/../../lib/gcc/pic32c/8.3.1/../../../../pic32c/lib/thumb/v8-m.base/nofp\libc-musl.a(__int_vfprintf.o)
 .debug_abbrev  0x000000000000359a       0x14 d:/programs/mplab/xc32/v4.60/bin/bin/../../lib/gcc/pic32c/8.3.1/thumb/v8-m.base/nofp\libgcc.a(_aeabi_ldivmod.o)
 .debug_abbrev  0x00000000000035ae       0x14 d:/programs/mplab/xc32/v4.60/bin/bin/../../lib/gcc/pic32c/8.3.1/thumb/v8-m.base/nofp\libgcc.a(_aeabi_uldivmod.o)
 .debug_abbrev  0x00000000000035c2      0x10b d:/programs/mplab/xc32/v4.60/bin/bin/../../lib/gcc/pic32c/8.3.1/thumb/v8-m.base/nofp\libgcc.a(_muldi3.o)
 .debug_abbrev  0x00000000000036cd      0x158 d:/programs/mplab/xc32/v4.60/bin/bin/../../lib/gcc/pic32c/8.3.1/thumb/v8-m.base/nofp\libgcc.a(_udivmoddi4.o)
 .debug_abbrev  0x0000000000003825       0xaa d:/programs/mplab/xc32/v4.60/bin/bin/../../lib/gcc/pic32c/8.3.1/thumb/v8-m.base/nofp\libgcc.a(bpabi.o)
 .debug_abbrev  0x00000000000038cf       0x14 d:/programs/mplab/xc32/v4.60/bin/bin/../../lib/gcc/pic32c/8.3.1/thumb/v8-m.base/nofp\libgcc.a(_dvmd_tls.o)
 .debug_abbrev  0x00000000000038e3       0x14 d:/programs/mplab/xc32/v4.60/bin/bin/../../lib/gcc/pic32c/8.3.1/thumb/v8-m.base/nofp\libgcc.a(_clzsi2.o)
 .debug_abbrev  0x00000000000038f7      0x1a8 d:/programs/mplab/xc32/v4.60/bin/bin/../../lib/gcc/pic32c/8.3.1/thumb/v8-m.base/nofp\libgcc.a(_divdi3.o)
 .debug_abbrev  0x0000000000003a9f       0xbb d:/programs/mplab/xc32/v4.60/bin/bin/../../lib/gcc/pic32c/8.3.1/../../../../pic32c/lib/thumb/v8-m.base/nofp\libc-size-musl.a(memcpy.o)
 .debug_abbrev  0x0000000000003b5a       0xa2 d:/programs/mplab/xc32/v4.60/bin/bin/../../lib/gcc/pic32c/8.3.1/../../../../pic32c/lib/thumb/v8-m.base/nofp\libc-size-musl.a(strcpy.o)
 .debug_abbrev  0x0000000000003bfc       0x6e d:/programs/mplab/xc32/v4.60/bin/bin/../../lib/gcc/pic32c/8.3.1/../../../../pic32c/lib/thumb/v8-m.base/nofp\libc-size-musl.a(stpcpy.o)
 .debug_abbrev  0x0000000000003c6a       0x2e d:/programs/mplab/xc32/v4.60/bin/bin/../../lib/gcc/pic32c/8.3.1/../../../../pic32c/lib/thumb/v8-m.base/nofp\libpic32c.a(pic32_data_init_clear.o)
 .debug_abbrev  0x0000000000003c98       0x2e d:/programs/mplab/xc32/v4.60/bin/bin/../../lib/gcc/pic32c/8.3.1/../../../../pic32c/lib/thumb/v8-m.base/nofp\libpic32c.a(pic32_data_init_copy.o)

.debug_loc      0x0000000000000000     0x66ab
 .debug_loc     0x0000000000000000      0x280 build/default/production/src/bme_280/bme280.o
 .debug_loc     0x0000000000000280      0x300 build/default/production/src/bme_280/sercom2_spi.o
 .debug_loc     0x0000000000000580      0x114 build/default/production/src/clock/clock.o
 .debug_loc     0x0000000000000694      0x170 build/default/production/src/delay_timer/delay_timer.o
 .debug_loc     0x0000000000000804      0x2a0 build/default/production/src/dmac/dmac_transmit.o
 .debug_loc     0x0000000000000aa4       0x9c build/default/production/src/hc12/hc12.o
 .debug_loc     0x0000000000000b40      0x644 build/default/production/src/hc12/sercom5_usart.o
 .debug_loc     0x0000000000001184      0x186 build/default/production/src/pms7003/pms7003.o
 .debug_loc     0x000000000000130a       0x38 build/default/production/src/pms7003/sercom1_usart.o
 .debug_loc     0x0000000000001342       0x38 build/default/production/src/usb_serial/sercom3_usart.o
 .debug_loc     0x000000000000137a      0x170 build/default/production/src/usb_serial/usb_serial.o
 .debug_loc     0x00000000000014ea       0x3a build/default/production/src/main.o
 .debug_loc     0x0000000000001524      0x104 build/default/production/src/neo6m/neo6m.o
 .debug_loc     0x0000000000001628       0x38 build/default/production/src/neo6m/sercom0_usart.o
 .debug_loc     0x0000000000001660       0x14 d:/programs/mplab/xc32/v4.60/bin/bin/../../lib/gcc/pic32c/8.3.1/../../../../pic32c/lib/thumb/v8-m.base/nofp\libpic32c.a(data_init.o)
 .debug_loc     0x0000000000001674       0x81 d:/programs/mplab/xc32/v4.60/bin/bin/../../lib/gcc/pic32c/8.3.1/../../../../pic32c/lib/thumb/v8-m.base/nofp\libc-size-musl.a(strlen.o)
 .debug_loc     0x00000000000016f5       0x99 d:/programs/mplab/xc32/v4.60/bin/bin/../../lib/gcc/pic32c/8.3.1/../../../../pic32c/lib/thumb/v8-m.base/nofp\libc-size-musl.a(strncpy.o)
 .debug_loc     0x000000000000178e       0x8e d:/programs/mplab/xc32/v4.60/bin/bin/../../lib/gcc/pic32c/8.3.1/../../../../pic32c/lib/thumb/v8-m.base/nofp\libc-size-musl.a(strtok.o)
 .debug_loc     0x000000000000181c      0x1fe d:/programs/mplab/xc32/v4.60/bin/bin/../../lib/gcc/pic32c/8.3.1/../../../../pic32c/lib/thumb/v8-m.base/nofp\libc-size-musl.a(stpncpy.o)
 .debug_loc     0x0000000000001a1a      0x126 d:/programs/mplab/xc32/v4.60/bin/bin/../../lib/gcc/pic32c/8.3.1/../../../../pic32c/lib/thumb/v8-m.base/nofp\libc-size-musl.a(strcspn.o)
 .debug_loc     0x0000000000001b40      0x119 d:/programs/mplab/xc32/v4.60/bin/bin/../../lib/gcc/pic32c/8.3.1/../../../../pic32c/lib/thumb/v8-m.base/nofp\libc-size-musl.a(strspn.o)
 .debug_loc     0x0000000000001c59       0xcd d:/programs/mplab/xc32/v4.60/bin/bin/../../lib/gcc/pic32c/8.3.1/../../../../pic32c/lib/thumb/v8-m.base/nofp\libc-size-musl.a(memset.o)
 .debug_loc     0x0000000000001d26       0xd5 d:/programs/mplab/xc32/v4.60/bin/bin/../../lib/gcc/pic32c/8.3.1/../../../../pic32c/lib/thumb/v8-m.base/nofp\libc-size-musl.a(strchrnul.o)
 .debug_loc     0x0000000000001dfb       0x5e d:/programs/mplab/xc32/v4.60/bin/bin/../../lib/gcc/pic32c/8.3.1/../../../../pic32c/lib/thumb/v8-m.base/nofp\libc-musl.a(__libc_start_main.o)
 .debug_loc     0x0000000000001e59       0xab d:/programs/mplab/xc32/v4.60/bin/bin/../../lib/gcc/pic32c/8.3.1/../../../../pic32c/lib/thumb/v8-m.base/nofp\libc-musl.a(__sio_snprintf_cdeEfFgGnpsuxX.o)
 .debug_loc     0x0000000000001f04       0x86 d:/programs/mplab/xc32/v4.60/bin/bin/../../lib/gcc/pic32c/8.3.1/../../../../pic32c/lib/thumb/v8-m.base/nofp\libc-musl.a(__sio_sprintf_cdeEfFgGnpsuxX.o)
 .debug_loc     0x0000000000001f8a      0x2a6 d:/programs/mplab/xc32/v4.60/bin/bin/../../lib/gcc/pic32c/8.3.1/../../../../pic32c/lib/thumb/v8-m.base/nofp\libc-musl.a(__fmt_d.o)
 .debug_loc     0x0000000000002230      0xd45 d:/programs/mplab/xc32/v4.60/bin/bin/../../lib/gcc/pic32c/8.3.1/../../../../pic32c/lib/thumb/v8-m.base/nofp\libc-musl.a(__fmt_fp.o)
 .debug_loc     0x0000000000002f75      0x144 d:/programs/mplab/xc32/v4.60/bin/bin/../../lib/gcc/pic32c/8.3.1/../../../../pic32c/lib/thumb/v8-m.base/nofp\libc-musl.a(__fmt_s.o)
 .debug_loc     0x00000000000030b9      0x12d d:/programs/mplab/xc32/v4.60/bin/bin/../../lib/gcc/pic32c/8.3.1/../../../../pic32c/lib/thumb/v8-m.base/nofp\libc-musl.a(__fmt_u.o)
 .debug_loc     0x00000000000031e6      0x3be d:/programs/mplab/xc32/v4.60/bin/bin/../../lib/gcc/pic32c/8.3.1/../../../../pic32c/lib/thumb/v8-m.base/nofp\libc-musl.a(__fmt_x.o)
 .debug_loc     0x00000000000035a4       0x6f d:/programs/mplab/xc32/v4.60/bin/bin/../../lib/gcc/pic32c/8.3.1/../../../../pic32c/lib/thumb/v8-m.base/nofp\libc-musl.a(__pop_float.o)
 .debug_loc     0x0000000000003613      0x34c d:/programs/mplab/xc32/v4.60/bin/bin/../../lib/gcc/pic32c/8.3.1/../../../../pic32c/lib/thumb/v8-m.base/nofp\libc-musl.a(__pop_int.o)
 .debug_loc     0x000000000000395f      0x1fe d:/programs/mplab/xc32/v4.60/bin/bin/../../lib/gcc/pic32c/8.3.1/../../../../pic32c/lib/thumb/v8-m.base/nofp\libc-musl.a(__pop_ptr.o)
 .debug_loc     0x0000000000003b5d      0x6bd d:/programs/mplab/xc32/v4.60/bin/bin/../../lib/gcc/pic32c/8.3.1/../../../../pic32c/lib/thumb/v8-m.base/nofp\libc-musl.a(__printf_core.o)
 .debug_loc     0x000000000000421a       0xdc d:/programs/mplab/xc32/v4.60/bin/bin/../../lib/gcc/pic32c/8.3.1/../../../../pic32c/lib/thumb/v8-m.base/nofp\libc-musl.a(atoi.o)
 .debug_loc     0x00000000000042f6       0x8f d:/programs/mplab/xc32/v4.60/bin/bin/../../lib/gcc/pic32c/8.3.1/../../../../pic32c/lib/thumb/v8-m.base/nofp\libc-musl.a(tolower.o)
 .debug_loc     0x0000000000004385       0x8f d:/programs/mplab/xc32/v4.60/bin/bin/../../lib/gcc/pic32c/8.3.1/../../../../pic32c/lib/thumb/v8-m.base/nofp\libc-musl.a(toupper.o)
 .debug_loc     0x0000000000004414      0x102 d:/programs/mplab/xc32/v4.60/bin/bin/../../lib/gcc/pic32c/8.3.1/../../../../pic32c/lib/thumb/v8-m.base/nofp\libc-musl.a(__int_vsnprintf.o)
 .debug_loc     0x0000000000004516       0x8c d:/programs/mplab/xc32/v4.60/bin/bin/../../lib/gcc/pic32c/8.3.1/../../../../pic32c/lib/thumb/v8-m.base/nofp\libc-musl.a(__int_vsprintf.o)
 .debug_loc     0x00000000000045a2      0x1d3 d:/programs/mplab/xc32/v4.60/bin/bin/../../lib/gcc/pic32c/8.3.1/../../../../pic32c/lib/thumb/v8-m.base/nofp\libc-musl.a(__cvt_u.o)
 .debug_loc     0x0000000000004775       0xb0 d:/programs/mplab/xc32/v4.60/bin/bin/../../lib/gcc/pic32c/8.3.1/../../../../pic32c/lib/thumb/v8-m.base/nofp\libc-musl.a(__int_vfprintf.o)
 .debug_loc     0x0000000000004825      0x176 d:/programs/mplab/xc32/v4.60/bin/bin/../../lib/gcc/pic32c/8.3.1/thumb/v8-m.base/nofp\libgcc.a(_muldi3.o)
 .debug_loc     0x000000000000499b      0xe0a d:/programs/mplab/xc32/v4.60/bin/bin/../../lib/gcc/pic32c/8.3.1/thumb/v8-m.base/nofp\libgcc.a(_udivmoddi4.o)
 .debug_loc     0x00000000000057a5       0x9c d:/programs/mplab/xc32/v4.60/bin/bin/../../lib/gcc/pic32c/8.3.1/thumb/v8-m.base/nofp\libgcc.a(bpabi.o)
 .debug_loc     0x0000000000005841      0xc25 d:/programs/mplab/xc32/v4.60/bin/bin/../../lib/gcc/pic32c/8.3.1/thumb/v8-m.base/nofp\libgcc.a(_divdi3.o)
 .debug_loc     0x0000000000006466      0x12d d:/programs/mplab/xc32/v4.60/bin/bin/../../lib/gcc/pic32c/8.3.1/../../../../pic32c/lib/thumb/v8-m.base/nofp\libc-size-musl.a(memcpy.o)
 .debug_loc     0x0000000000006593       0x74 d:/programs/mplab/xc32/v4.60/bin/bin/../../lib/gcc/pic32c/8.3.1/../../../../pic32c/lib/thumb/v8-m.base/nofp\libc-size-musl.a(strcpy.o)
 .debug_loc     0x0000000000006607       0x90 d:/programs/mplab/xc32/v4.60/bin/bin/../../lib/gcc/pic32c/8.3.1/../../../../pic32c/lib/thumb/v8-m.base/nofp\libc-size-musl.a(stpcpy.o)
 .debug_loc     0x0000000000006697       0x14 d:/programs/mplab/xc32/v4.60/bin/bin/../../lib/gcc/pic32c/8.3.1/../../../../pic32c/lib/thumb/v8-m.base/nofp\libpic32c.a(pic32_data_init_copy.o)

.debug_aranges  0x0000000000000000      0x790
 .debug_aranges
                0x0000000000000000       0x20 build/default/production/src/bme_280/bme280.o
 .debug_aranges
                0x0000000000000020       0x20 build/default/production/src/bme_280/sercom2_spi.o
 .debug_aranges
                0x0000000000000040       0x20 build/default/production/src/clock/clock.o
 .debug_aranges
                0x0000000000000060       0x20 build/default/production/src/delay_timer/delay_timer.o
 .debug_aranges
                0x0000000000000080       0x20 build/default/production/src/dmac/dmac_transmit.o
 .debug_aranges
                0x00000000000000a0       0x20 build/default/production/src/hc12/hc12.o
 .debug_aranges
                0x00000000000000c0       0x20 build/default/production/src/hc12/sercom5_usart.o
 .debug_aranges
                0x00000000000000e0       0x20 build/default/production/src/pms7003/pms7003.o
 .debug_aranges
                0x0000000000000100       0x20 build/default/production/src/pms7003/sercom1_usart.o
 .debug_aranges
                0x0000000000000120       0x20 build/default/production/src/usb_serial/sercom3_usart.o
 .debug_aranges
                0x0000000000000140       0x20 build/default/production/src/usb_serial/usb_serial.o
 .debug_aranges
                0x0000000000000160       0x20 build/default/production/src/main.o
 .debug_aranges
                0x0000000000000180       0x20 build/default/production/src/neo6m/neo6m.o
 .debug_aranges
                0x00000000000001a0       0x20 build/default/production/src/neo6m/sercom0_usart.o
 .debug_aranges
                0x00000000000001c0       0x30 d:/programs/mplab/xc32/v4.60/bin/bin/../../lib/gcc/pic32c/8.3.1/../../../../pic32c/lib/thumb/v8-m.base/nofp\libpic32c.a(data_init.o)
 .debug_aranges
                0x00000000000001f0       0x20 d:/programs/mplab/xc32/v4.60/bin/bin/../../lib/gcc/pic32c/8.3.1/../../../../pic32c/lib/thumb/v8-m.base/nofp\libc-size-musl.a(strlen.o)
 .debug_aranges
                0x0000000000000210       0x20 d:/programs/mplab/xc32/v4.60/bin/bin/../../lib/gcc/pic32c/8.3.1/../../../../pic32c/lib/thumb/v8-m.base/nofp\libc-size-musl.a(strncpy.o)
 .debug_aranges
                0x0000000000000230       0x20 d:/programs/mplab/xc32/v4.60/bin/bin/../../lib/gcc/pic32c/8.3.1/../../../../pic32c/lib/thumb/v8-m.base/nofp\libc-size-musl.a(strtok.o)
 .debug_aranges
                0x0000000000000250       0x20 d:/programs/mplab/xc32/v4.60/bin/bin/../../lib/gcc/pic32c/8.3.1/../../../../pic32c/lib/thumb/v8-m.base/nofp\libc-size-musl.a(stpncpy.o)
 .debug_aranges
                0x0000000000000270       0x20 d:/programs/mplab/xc32/v4.60/bin/bin/../../lib/gcc/pic32c/8.3.1/../../../../pic32c/lib/thumb/v8-m.base/nofp\libc-size-musl.a(strcspn.o)
 .debug_aranges
                0x0000000000000290       0x20 d:/programs/mplab/xc32/v4.60/bin/bin/../../lib/gcc/pic32c/8.3.1/../../../../pic32c/lib/thumb/v8-m.base/nofp\libc-size-musl.a(strspn.o)
 .debug_aranges
                0x00000000000002b0       0x20 d:/programs/mplab/xc32/v4.60/bin/bin/../../lib/gcc/pic32c/8.3.1/../../../../pic32c/lib/thumb/v8-m.base/nofp\libc-size-musl.a(memset.o)
 .debug_aranges
                0x00000000000002d0       0x20 d:/programs/mplab/xc32/v4.60/bin/bin/../../lib/gcc/pic32c/8.3.1/../../../../pic32c/lib/thumb/v8-m.base/nofp\libc-size-musl.a(strchrnul.o)
 .debug_aranges
                0x00000000000002f0       0x28 d:/programs/mplab/xc32/v4.60/bin/bin/../../lib/gcc/pic32c/8.3.1/../../../../pic32c/lib/thumb/v8-m.base/nofp\libc-musl.a(__libc_start_main.o)
 .debug_aranges
                0x0000000000000318       0x18 d:/programs/mplab/xc32/v4.60/bin/bin/../../lib/gcc/pic32c/8.3.1/../../../../pic32c/lib/thumb/v8-m.base/nofp\libc-musl.a(__errno_location.o)
 .debug_aranges
                0x0000000000000330       0x18 d:/programs/mplab/xc32/v4.60/bin/bin/../../lib/gcc/pic32c/8.3.1/../../../../pic32c/lib/thumb/v8-m.base/nofp\libc-musl.a(libc.o)
 .debug_aranges
                0x0000000000000348       0x28 d:/programs/mplab/xc32/v4.60/bin/bin/../../lib/gcc/pic32c/8.3.1/../../../../pic32c/lib/thumb/v8-m.base/nofp\libc-musl.a(__sio_snprintf_cdeEfFgGnpsuxX.o)
 .debug_aranges
                0x0000000000000370       0x28 d:/programs/mplab/xc32/v4.60/bin/bin/../../lib/gcc/pic32c/8.3.1/../../../../pic32c/lib/thumb/v8-m.base/nofp\libc-musl.a(__sio_sprintf_cdeEfFgGnpsuxX.o)
 .debug_aranges
                0x0000000000000398       0x20 d:/programs/mplab/xc32/v4.60/bin/bin/../../lib/gcc/pic32c/8.3.1/../../../../pic32c/lib/thumb/v8-m.base/nofp\libc-musl.a(__fmt_d.o)
 .debug_aranges
                0x00000000000003b8       0x20 d:/programs/mplab/xc32/v4.60/bin/bin/../../lib/gcc/pic32c/8.3.1/../../../../pic32c/lib/thumb/v8-m.base/nofp\libc-musl.a(__fmt_fp.o)
 .debug_aranges
                0x00000000000003d8       0x20 d:/programs/mplab/xc32/v4.60/bin/bin/../../lib/gcc/pic32c/8.3.1/../../../../pic32c/lib/thumb/v8-m.base/nofp\libc-musl.a(__fmt_s.o)
 .debug_aranges
                0x00000000000003f8       0x20 d:/programs/mplab/xc32/v4.60/bin/bin/../../lib/gcc/pic32c/8.3.1/../../../../pic32c/lib/thumb/v8-m.base/nofp\libc-musl.a(__fmt_u.o)
 .debug_aranges
                0x0000000000000418       0x20 d:/programs/mplab/xc32/v4.60/bin/bin/../../lib/gcc/pic32c/8.3.1/../../../../pic32c/lib/thumb/v8-m.base/nofp\libc-musl.a(__fmt_x.o)
 .debug_aranges
                0x0000000000000438       0x20 d:/programs/mplab/xc32/v4.60/bin/bin/../../lib/gcc/pic32c/8.3.1/../../../../pic32c/lib/thumb/v8-m.base/nofp\libc-musl.a(__pop_float.o)
 .debug_aranges
                0x0000000000000458       0x20 d:/programs/mplab/xc32/v4.60/bin/bin/../../lib/gcc/pic32c/8.3.1/../../../../pic32c/lib/thumb/v8-m.base/nofp\libc-musl.a(__pop_int.o)
 .debug_aranges
                0x0000000000000478       0x20 d:/programs/mplab/xc32/v4.60/bin/bin/../../lib/gcc/pic32c/8.3.1/../../../../pic32c/lib/thumb/v8-m.base/nofp\libc-musl.a(__pop_ptr.o)
 .debug_aranges
                0x0000000000000498       0x50 d:/programs/mplab/xc32/v4.60/bin/bin/../../lib/gcc/pic32c/8.3.1/../../../../pic32c/lib/thumb/v8-m.base/nofp\libc-musl.a(__printf_core.o)
 .debug_aranges
                0x00000000000004e8       0x20 d:/programs/mplab/xc32/v4.60/bin/bin/../../lib/gcc/pic32c/8.3.1/../../../../pic32c/lib/thumb/v8-m.base/nofp\libc-musl.a(atoi.o)
 .debug_aranges
                0x0000000000000508       0x28 d:/programs/mplab/xc32/v4.60/bin/bin/../../lib/gcc/pic32c/8.3.1/../../../../pic32c/lib/thumb/v8-m.base/nofp\libc-musl.a(tolower.o)
 .debug_aranges
                0x0000000000000530       0x28 d:/programs/mplab/xc32/v4.60/bin/bin/../../lib/gcc/pic32c/8.3.1/../../../../pic32c/lib/thumb/v8-m.base/nofp\libc-musl.a(toupper.o)
 .debug_aranges
                0x0000000000000558       0x18 d:/programs/mplab/xc32/v4.60/bin/bin/../../lib/gcc/pic32c/8.3.1/../../../../pic32c/lib/thumb/v8-m.base/nofp\libc-musl.a(__environ.o)
 .debug_aranges
                0x0000000000000570       0x20 d:/programs/mplab/xc32/v4.60/bin/bin/../../lib/gcc/pic32c/8.3.1/../../../../pic32c/lib/thumb/v8-m.base/nofp\libc-musl.a(__int_vsnprintf.o)
 .debug_aranges
                0x0000000000000590       0x20 d:/programs/mplab/xc32/v4.60/bin/bin/../../lib/gcc/pic32c/8.3.1/../../../../pic32c/lib/thumb/v8-m.base/nofp\libc-musl.a(__int_vsprintf.o)
 .debug_aranges
                0x00000000000005b0       0x20 d:/programs/mplab/xc32/v4.60/bin/bin/../../lib/gcc/pic32c/8.3.1/../../../../pic32c/lib/thumb/v8-m.base/nofp\libc-musl.a(__cvt_u.o)
 .debug_aranges
                0x00000000000005d0       0x20 d:/programs/mplab/xc32/v4.60/bin/bin/../../lib/gcc/pic32c/8.3.1/../../../../pic32c/lib/thumb/v8-m.base/nofp\libc-musl.a(__int_vfprintf.o)
 .debug_aranges
                0x00000000000005f0       0x20 d:/programs/mplab/xc32/v4.60/bin/bin/../../lib/gcc/pic32c/8.3.1/thumb/v8-m.base/nofp\libgcc.a(_aeabi_ldivmod.o)
 .debug_aranges
                0x0000000000000610       0x20 d:/programs/mplab/xc32/v4.60/bin/bin/../../lib/gcc/pic32c/8.3.1/thumb/v8-m.base/nofp\libgcc.a(_aeabi_uldivmod.o)
 .debug_aranges
                0x0000000000000630       0x20 d:/programs/mplab/xc32/v4.60/bin/bin/../../lib/gcc/pic32c/8.3.1/thumb/v8-m.base/nofp\libgcc.a(_muldi3.o)
 .debug_aranges
                0x0000000000000650       0x20 d:/programs/mplab/xc32/v4.60/bin/bin/../../lib/gcc/pic32c/8.3.1/thumb/v8-m.base/nofp\libgcc.a(_udivmoddi4.o)
 .debug_aranges
                0x0000000000000670       0x20 d:/programs/mplab/xc32/v4.60/bin/bin/../../lib/gcc/pic32c/8.3.1/thumb/v8-m.base/nofp\libgcc.a(bpabi.o)
 .debug_aranges
                0x0000000000000690       0x20 d:/programs/mplab/xc32/v4.60/bin/bin/../../lib/gcc/pic32c/8.3.1/thumb/v8-m.base/nofp\libgcc.a(_dvmd_tls.o)
 .debug_aranges
                0x00000000000006b0       0x20 d:/programs/mplab/xc32/v4.60/bin/bin/../../lib/gcc/pic32c/8.3.1/thumb/v8-m.base/nofp\libgcc.a(_clzsi2.o)
 .debug_aranges
                0x00000000000006d0       0x20 d:/programs/mplab/xc32/v4.60/bin/bin/../../lib/gcc/pic32c/8.3.1/thumb/v8-m.base/nofp\libgcc.a(_divdi3.o)
 .debug_aranges
                0x00000000000006f0       0x20 d:/programs/mplab/xc32/v4.60/bin/bin/../../lib/gcc/pic32c/8.3.1/../../../../pic32c/lib/thumb/v8-m.base/nofp\libc-size-musl.a(memcpy.o)
 .debug_aranges
                0x0000000000000710       0x20 d:/programs/mplab/xc32/v4.60/bin/bin/../../lib/gcc/pic32c/8.3.1/../../../../pic32c/lib/thumb/v8-m.base/nofp\libc-size-musl.a(strcpy.o)
 .debug_aranges
                0x0000000000000730       0x20 d:/programs/mplab/xc32/v4.60/bin/bin/../../lib/gcc/pic32c/8.3.1/../../../../pic32c/lib/thumb/v8-m.base/nofp\libc-size-musl.a(stpcpy.o)
 .debug_aranges
                0x0000000000000750       0x20 d:/programs/mplab/xc32/v4.60/bin/bin/../../lib/gcc/pic32c/8.3.1/../../../../pic32c/lib/thumb/v8-m.base/nofp\libpic32c.a(pic32_data_init_clear.o)
 .debug_aranges
                0x0000000000000770       0x20 d:/programs/mplab/xc32/v4.60/bin/bin/../../lib/gcc/pic32c/8.3.1/../../../../pic32c/lib/thumb/v8-m.base/nofp\libpic32c.a(pic32_data_init_copy.o)

.debug_line     0x0000000000000000     0x7020
 .debug_line    0x0000000000000000      0x552 build/default/production/src/bme_280/bme280.o
 .debug_line    0x0000000000000552      0x5ab build/default/production/src/bme_280/sercom2_spi.o
 .debug_line    0x0000000000000afd      0x26e build/default/production/src/clock/clock.o
 .debug_line    0x0000000000000d6b      0x369 build/default/production/src/delay_timer/delay_timer.o
 .debug_line    0x00000000000010d4      0x601 build/default/production/src/dmac/dmac_transmit.o
 .debug_line    0x00000000000016d5      0x13a build/default/production/src/hc12/hc12.o
 .debug_line    0x000000000000180f      0x716 build/default/production/src/hc12/sercom5_usart.o
 .debug_line    0x0000000000001f25      0x250 build/default/production/src/pms7003/pms7003.o
 .debug_line    0x0000000000002175      0x123 build/default/production/src/pms7003/sercom1_usart.o
 .debug_line    0x0000000000002298      0x135 build/default/production/src/usb_serial/sercom3_usart.o
 .debug_line    0x00000000000023cd      0x231 build/default/production/src/usb_serial/usb_serial.o
 .debug_line    0x00000000000025fe      0x11c build/default/production/src/main.o
 .debug_line    0x000000000000271a      0x224 build/default/production/src/neo6m/neo6m.o
 .debug_line    0x000000000000293e      0x121 build/default/production/src/neo6m/sercom0_usart.o
 .debug_line    0x0000000000002a5f       0xa5 d:/programs/mplab/xc32/v4.60/bin/bin/../../lib/gcc/pic32c/8.3.1/../../../../pic32c/lib/thumb/v8-m.base/nofp\libpic32c.a(data_init.o)
 .debug_line    0x0000000000002b04       0xee d:/programs/mplab/xc32/v4.60/bin/bin/../../lib/gcc/pic32c/8.3.1/../../../../pic32c/lib/thumb/v8-m.base/nofp\libc-size-musl.a(strlen.o)
 .debug_line    0x0000000000002bf2       0xce d:/programs/mplab/xc32/v4.60/bin/bin/../../lib/gcc/pic32c/8.3.1/../../../../pic32c/lib/thumb/v8-m.base/nofp\libc-size-musl.a(strncpy.o)
 .debug_line    0x0000000000002cc0      0x166 d:/programs/mplab/xc32/v4.60/bin/bin/../../lib/gcc/pic32c/8.3.1/../../../../pic32c/lib/thumb/v8-m.base/nofp\libc-size-musl.a(strtok.o)
 .debug_line    0x0000000000002e26      0x13f d:/programs/mplab/xc32/v4.60/bin/bin/../../lib/gcc/pic32c/8.3.1/../../../../pic32c/lib/thumb/v8-m.base/nofp\libc-size-musl.a(stpncpy.o)
 .debug_line    0x0000000000002f65      0x18e d:/programs/mplab/xc32/v4.60/bin/bin/../../lib/gcc/pic32c/8.3.1/../../../../pic32c/lib/thumb/v8-m.base/nofp\libc-size-musl.a(strcspn.o)
 .debug_line    0x00000000000030f3      0x139 d:/programs/mplab/xc32/v4.60/bin/bin/../../lib/gcc/pic32c/8.3.1/../../../../pic32c/lib/thumb/v8-m.base/nofp\libc-size-musl.a(strspn.o)
 .debug_line    0x000000000000322c       0xe3 d:/programs/mplab/xc32/v4.60/bin/bin/../../lib/gcc/pic32c/8.3.1/../../../../pic32c/lib/thumb/v8-m.base/nofp\libc-size-musl.a(memset.o)
 .debug_line    0x000000000000330f      0x19c d:/programs/mplab/xc32/v4.60/bin/bin/../../lib/gcc/pic32c/8.3.1/../../../../pic32c/lib/thumb/v8-m.base/nofp\libc-size-musl.a(strchrnul.o)
 .debug_line    0x00000000000034ab      0x1bf d:/programs/mplab/xc32/v4.60/bin/bin/../../lib/gcc/pic32c/8.3.1/../../../../pic32c/lib/thumb/v8-m.base/nofp\libc-musl.a(__libc_start_main.o)
 .debug_line    0x000000000000366a       0x9a d:/programs/mplab/xc32/v4.60/bin/bin/../../lib/gcc/pic32c/8.3.1/../../../../pic32c/lib/thumb/v8-m.base/nofp\libc-musl.a(__errno_location.o)
 .debug_line    0x0000000000003704       0xb5 d:/programs/mplab/xc32/v4.60/bin/bin/../../lib/gcc/pic32c/8.3.1/../../../../pic32c/lib/thumb/v8-m.base/nofp\libc-musl.a(libc.o)
 .debug_line    0x00000000000037b9      0x1b5 d:/programs/mplab/xc32/v4.60/bin/bin/../../lib/gcc/pic32c/8.3.1/../../../../pic32c/lib/thumb/v8-m.base/nofp\libc-musl.a(__sio_snprintf_cdeEfFgGnpsuxX.o)
 .debug_line    0x000000000000396e      0x1b3 d:/programs/mplab/xc32/v4.60/bin/bin/../../lib/gcc/pic32c/8.3.1/../../../../pic32c/lib/thumb/v8-m.base/nofp\libc-musl.a(__sio_sprintf_cdeEfFgGnpsuxX.o)
 .debug_line    0x0000000000003b21      0x201 d:/programs/mplab/xc32/v4.60/bin/bin/../../lib/gcc/pic32c/8.3.1/../../../../pic32c/lib/thumb/v8-m.base/nofp\libc-musl.a(__fmt_d.o)
 .debug_line    0x0000000000003d22      0x65f d:/programs/mplab/xc32/v4.60/bin/bin/../../lib/gcc/pic32c/8.3.1/../../../../pic32c/lib/thumb/v8-m.base/nofp\libc-musl.a(__fmt_fp.o)
 .debug_line    0x0000000000004381      0x204 d:/programs/mplab/xc32/v4.60/bin/bin/../../lib/gcc/pic32c/8.3.1/../../../../pic32c/lib/thumb/v8-m.base/nofp\libc-musl.a(__fmt_s.o)
 .debug_line    0x0000000000004585      0x187 d:/programs/mplab/xc32/v4.60/bin/bin/../../lib/gcc/pic32c/8.3.1/../../../../pic32c/lib/thumb/v8-m.base/nofp\libc-musl.a(__fmt_u.o)
 .debug_line    0x000000000000470c      0x2ec d:/programs/mplab/xc32/v4.60/bin/bin/../../lib/gcc/pic32c/8.3.1/../../../../pic32c/lib/thumb/v8-m.base/nofp\libc-musl.a(__fmt_x.o)
 .debug_line    0x00000000000049f8      0x166 d:/programs/mplab/xc32/v4.60/bin/bin/../../lib/gcc/pic32c/8.3.1/../../../../pic32c/lib/thumb/v8-m.base/nofp\libc-musl.a(__pop_float.o)
 .debug_line    0x0000000000004b5e      0x211 d:/programs/mplab/xc32/v4.60/bin/bin/../../lib/gcc/pic32c/8.3.1/../../../../pic32c/lib/thumb/v8-m.base/nofp\libc-musl.a(__pop_int.o)
 .debug_line    0x0000000000004d6f      0x1c8 d:/programs/mplab/xc32/v4.60/bin/bin/../../lib/gcc/pic32c/8.3.1/../../../../pic32c/lib/thumb/v8-m.base/nofp\libc-musl.a(__pop_ptr.o)
 .debug_line    0x0000000000004f37      0x6c5 d:/programs/mplab/xc32/v4.60/bin/bin/../../lib/gcc/pic32c/8.3.1/../../../../pic32c/lib/thumb/v8-m.base/nofp\libc-musl.a(__printf_core.o)
 .debug_line    0x00000000000055fc      0x173 d:/programs/mplab/xc32/v4.60/bin/bin/../../lib/gcc/pic32c/8.3.1/../../../../pic32c/lib/thumb/v8-m.base/nofp\libc-musl.a(atoi.o)
 .debug_line    0x000000000000576f      0x15c d:/programs/mplab/xc32/v4.60/bin/bin/../../lib/gcc/pic32c/8.3.1/../../../../pic32c/lib/thumb/v8-m.base/nofp\libc-musl.a(tolower.o)
 .debug_line    0x00000000000058cb      0x15c d:/programs/mplab/xc32/v4.60/bin/bin/../../lib/gcc/pic32c/8.3.1/../../../../pic32c/lib/thumb/v8-m.base/nofp\libc-musl.a(toupper.o)
 .debug_line    0x0000000000005a27       0xfb d:/programs/mplab/xc32/v4.60/bin/bin/../../lib/gcc/pic32c/8.3.1/../../../../pic32c/lib/thumb/v8-m.base/nofp\libc-musl.a(__environ.o)
 .debug_line    0x0000000000005b22      0x1c4 d:/programs/mplab/xc32/v4.60/bin/bin/../../lib/gcc/pic32c/8.3.1/../../../../pic32c/lib/thumb/v8-m.base/nofp\libc-musl.a(__int_vsnprintf.o)
 .debug_line    0x0000000000005ce6      0x153 d:/programs/mplab/xc32/v4.60/bin/bin/../../lib/gcc/pic32c/8.3.1/../../../../pic32c/lib/thumb/v8-m.base/nofp\libc-musl.a(__int_vsprintf.o)
 .debug_line    0x0000000000005e39      0x1d7 d:/programs/mplab/xc32/v4.60/bin/bin/../../lib/gcc/pic32c/8.3.1/../../../../pic32c/lib/thumb/v8-m.base/nofp\libc-musl.a(__cvt_u.o)
 .debug_line    0x0000000000006010      0x172 d:/programs/mplab/xc32/v4.60/bin/bin/../../lib/gcc/pic32c/8.3.1/../../../../pic32c/lib/thumb/v8-m.base/nofp\libc-musl.a(__int_vfprintf.o)
 .debug_line    0x0000000000006182       0x9c d:/programs/mplab/xc32/v4.60/bin/bin/../../lib/gcc/pic32c/8.3.1/thumb/v8-m.base/nofp\libgcc.a(_aeabi_ldivmod.o)
 .debug_line    0x000000000000621e       0x9c d:/programs/mplab/xc32/v4.60/bin/bin/../../lib/gcc/pic32c/8.3.1/thumb/v8-m.base/nofp\libgcc.a(_aeabi_uldivmod.o)
 .debug_line    0x00000000000062ba       0xe7 d:/programs/mplab/xc32/v4.60/bin/bin/../../lib/gcc/pic32c/8.3.1/thumb/v8-m.base/nofp\libgcc.a(_muldi3.o)
 .debug_line    0x00000000000063a1      0x3dd d:/programs/mplab/xc32/v4.60/bin/bin/../../lib/gcc/pic32c/8.3.1/thumb/v8-m.base/nofp\libgcc.a(_udivmoddi4.o)
 .debug_line    0x000000000000677e       0xb9 d:/programs/mplab/xc32/v4.60/bin/bin/../../lib/gcc/pic32c/8.3.1/thumb/v8-m.base/nofp\libgcc.a(bpabi.o)
 .debug_line    0x0000000000006837       0x91 d:/programs/mplab/xc32/v4.60/bin/bin/../../lib/gcc/pic32c/8.3.1/thumb/v8-m.base/nofp\libgcc.a(_dvmd_tls.o)
 .debug_line    0x00000000000068c8       0xa5 d:/programs/mplab/xc32/v4.60/bin/bin/../../lib/gcc/pic32c/8.3.1/thumb/v8-m.base/nofp\libgcc.a(_clzsi2.o)
 .debug_line    0x000000000000696d      0x35b d:/programs/mplab/xc32/v4.60/bin/bin/../../lib/gcc/pic32c/8.3.1/thumb/v8-m.base/nofp\libgcc.a(_divdi3.o)
 .debug_line    0x0000000000006cc8       0xee d:/programs/mplab/xc32/v4.60/bin/bin/../../lib/gcc/pic32c/8.3.1/../../../../pic32c/lib/thumb/v8-m.base/nofp\libc-size-musl.a(memcpy.o)
 .debug_line    0x0000000000006db6       0xb2 d:/programs/mplab/xc32/v4.60/bin/bin/../../lib/gcc/pic32c/8.3.1/../../../../pic32c/lib/thumb/v8-m.base/nofp\libc-size-musl.a(strcpy.o)
 .debug_line    0x0000000000006e68       0xc1 d:/programs/mplab/xc32/v4.60/bin/bin/../../lib/gcc/pic32c/8.3.1/../../../../pic32c/lib/thumb/v8-m.base/nofp\libc-size-musl.a(stpcpy.o)
 .debug_line    0x0000000000006f29       0x6f d:/programs/mplab/xc32/v4.60/bin/bin/../../lib/gcc/pic32c/8.3.1/../../../../pic32c/lib/thumb/v8-m.base/nofp\libpic32c.a(pic32_data_init_clear.o)
 .debug_line    0x0000000000006f98       0x88 d:/programs/mplab/xc32/v4.60/bin/bin/../../lib/gcc/pic32c/8.3.1/../../../../pic32c/lib/thumb/v8-m.base/nofp\libpic32c.a(pic32_data_init_copy.o)

.debug_str      0x0000000000000000     0xdab8
 .debug_str     0x0000000000000000      0x5fd build/default/production/src/bme_280/bme280.o
 .debug_str     0x00000000000005fd      0xd8e build/default/production/src/bme_280/sercom2_spi.o
 .debug_str     0x000000000000138b      0x804 build/default/production/src/clock/clock.o
 .debug_str     0x0000000000001b8f      0x9ea build/default/production/src/delay_timer/delay_timer.o
 .debug_str     0x0000000000002579      0xc8e build/default/production/src/dmac/dmac_transmit.o
 .debug_str     0x0000000000003207      0x3bd build/default/production/src/hc12/hc12.o
 .debug_str     0x00000000000035c4     0x10c7 build/default/production/src/hc12/sercom5_usart.o
 .debug_str     0x000000000000468b      0x72e build/default/production/src/pms7003/pms7003.o
 .debug_str     0x0000000000004db9      0x4a1 build/default/production/src/pms7003/sercom1_usart.o
 .debug_str     0x000000000000525a      0x4a4 build/default/production/src/usb_serial/sercom3_usart.o
 .debug_str     0x00000000000056fe      0x765 build/default/production/src/usb_serial/usb_serial.o
 .debug_str     0x0000000000005e63      0x3b5 build/default/production/src/main.o
 .debug_str     0x0000000000006218      0x76c build/default/production/src/neo6m/neo6m.o
 .debug_str     0x0000000000006984      0x49f build/default/production/src/neo6m/sercom0_usart.o
 .debug_str     0x0000000000006e23      0x209 d:/programs/mplab/xc32/v4.60/bin/bin/../../lib/gcc/pic32c/8.3.1/../../../../pic32c/lib/thumb/v8-m.base/nofp\libpic32c.a(data_init.o)
 .debug_str     0x000000000000702c      0x224 d:/programs/mplab/xc32/v4.60/bin/bin/../../lib/gcc/pic32c/8.3.1/../../../../pic32c/lib/thumb/v8-m.base/nofp\libc-size-musl.a(strlen.o)
 .debug_str     0x0000000000007250      0x21f d:/programs/mplab/xc32/v4.60/bin/bin/../../lib/gcc/pic32c/8.3.1/../../../../pic32c/lib/thumb/v8-m.base/nofp\libc-size-musl.a(strncpy.o)
 .debug_str     0x000000000000746f      0x21b d:/programs/mplab/xc32/v4.60/bin/bin/../../lib/gcc/pic32c/8.3.1/../../../../pic32c/lib/thumb/v8-m.base/nofp\libc-size-musl.a(strtok.o)
 .debug_str     0x000000000000768a      0x23d d:/programs/mplab/xc32/v4.60/bin/bin/../../lib/gcc/pic32c/8.3.1/../../../../pic32c/lib/thumb/v8-m.base/nofp\libc-size-musl.a(stpncpy.o)
 .debug_str     0x00000000000078c7      0x230 d:/programs/mplab/xc32/v4.60/bin/bin/../../lib/gcc/pic32c/8.3.1/../../../../pic32c/lib/thumb/v8-m.base/nofp\libc-size-musl.a(strcspn.o)
 .debug_str     0x0000000000007af7      0x233 d:/programs/mplab/xc32/v4.60/bin/bin/../../lib/gcc/pic32c/8.3.1/../../../../pic32c/lib/thumb/v8-m.base/nofp\libc-size-musl.a(strspn.o)
 .debug_str     0x0000000000007d2a      0x21e d:/programs/mplab/xc32/v4.60/bin/bin/../../lib/gcc/pic32c/8.3.1/../../../../pic32c/lib/thumb/v8-m.base/nofp\libc-size-musl.a(memset.o)
 .debug_str     0x0000000000007f48      0x2a3 d:/programs/mplab/xc32/v4.60/bin/bin/../../lib/gcc/pic32c/8.3.1/../../../../pic32c/lib/thumb/v8-m.base/nofp\libc-size-musl.a(strchrnul.o)
 .debug_str     0x00000000000081eb      0x3d7 d:/programs/mplab/xc32/v4.60/bin/bin/../../lib/gcc/pic32c/8.3.1/../../../../pic32c/lib/thumb/v8-m.base/nofp\libc-musl.a(__libc_start_main.o)
 .debug_str     0x00000000000085c2      0x236 d:/programs/mplab/xc32/v4.60/bin/bin/../../lib/gcc/pic32c/8.3.1/../../../../pic32c/lib/thumb/v8-m.base/nofp\libc-musl.a(__errno_location.o)
 .debug_str     0x00000000000087f8      0x342 d:/programs/mplab/xc32/v4.60/bin/bin/../../lib/gcc/pic32c/8.3.1/../../../../pic32c/lib/thumb/v8-m.base/nofp\libc-musl.a(libc.o)
 .debug_str     0x0000000000008b3a      0x36c d:/programs/mplab/xc32/v4.60/bin/bin/../../lib/gcc/pic32c/8.3.1/../../../../pic32c/lib/thumb/v8-m.base/nofp\libc-musl.a(__sio_snprintf_cdeEfFgGnpsuxX.o)
 .debug_str     0x0000000000008ea6      0x361 d:/programs/mplab/xc32/v4.60/bin/bin/../../lib/gcc/pic32c/8.3.1/../../../../pic32c/lib/thumb/v8-m.base/nofp\libc-musl.a(__sio_sprintf_cdeEfFgGnpsuxX.o)
 .debug_str     0x0000000000009207      0x302 d:/programs/mplab/xc32/v4.60/bin/bin/../../lib/gcc/pic32c/8.3.1/../../../../pic32c/lib/thumb/v8-m.base/nofp\libc-musl.a(__fmt_d.o)
 .debug_str     0x0000000000009509      0x361 d:/programs/mplab/xc32/v4.60/bin/bin/../../lib/gcc/pic32c/8.3.1/../../../../pic32c/lib/thumb/v8-m.base/nofp\libc-musl.a(__fmt_fp.o)
 .debug_str     0x000000000000986a      0x306 d:/programs/mplab/xc32/v4.60/bin/bin/../../lib/gcc/pic32c/8.3.1/../../../../pic32c/lib/thumb/v8-m.base/nofp\libc-musl.a(__fmt_s.o)
 .debug_str     0x0000000000009b70      0x302 d:/programs/mplab/xc32/v4.60/bin/bin/../../lib/gcc/pic32c/8.3.1/../../../../pic32c/lib/thumb/v8-m.base/nofp\libc-musl.a(__fmt_u.o)
 .debug_str     0x0000000000009e72      0x302 d:/programs/mplab/xc32/v4.60/bin/bin/../../lib/gcc/pic32c/8.3.1/../../../../pic32c/lib/thumb/v8-m.base/nofp\libc-musl.a(__fmt_x.o)
 .debug_str     0x000000000000a174      0x2cd d:/programs/mplab/xc32/v4.60/bin/bin/../../lib/gcc/pic32c/8.3.1/../../../../pic32c/lib/thumb/v8-m.base/nofp\libc-musl.a(__pop_float.o)
 .debug_str     0x000000000000a441      0x2d8 d:/programs/mplab/xc32/v4.60/bin/bin/../../lib/gcc/pic32c/8.3.1/../../../../pic32c/lib/thumb/v8-m.base/nofp\libc-musl.a(__pop_int.o)
 .debug_str     0x000000000000a719      0x2da d:/programs/mplab/xc32/v4.60/bin/bin/../../lib/gcc/pic32c/8.3.1/../../../../pic32c/lib/thumb/v8-m.base/nofp\libc-musl.a(__pop_ptr.o)
 .debug_str     0x000000000000a9f3      0x3f4 d:/programs/mplab/xc32/v4.60/bin/bin/../../lib/gcc/pic32c/8.3.1/../../../../pic32c/lib/thumb/v8-m.base/nofp\libc-musl.a(__printf_core.o)
 .debug_str     0x000000000000ade7      0x229 d:/programs/mplab/xc32/v4.60/bin/bin/../../lib/gcc/pic32c/8.3.1/../../../../pic32c/lib/thumb/v8-m.base/nofp\libc-musl.a(atoi.o)
 .debug_str     0x000000000000b010      0x256 d:/programs/mplab/xc32/v4.60/bin/bin/../../lib/gcc/pic32c/8.3.1/../../../../pic32c/lib/thumb/v8-m.base/nofp\libc-musl.a(tolower.o)
 .debug_str     0x000000000000b266      0x256 d:/programs/mplab/xc32/v4.60/bin/bin/../../lib/gcc/pic32c/8.3.1/../../../../pic32c/lib/thumb/v8-m.base/nofp\libc-musl.a(toupper.o)
 .debug_str     0x000000000000b4bc      0x242 d:/programs/mplab/xc32/v4.60/bin/bin/../../lib/gcc/pic32c/8.3.1/../../../../pic32c/lib/thumb/v8-m.base/nofp\libc-musl.a(__environ.o)
 .debug_str     0x000000000000b6fe      0x301 d:/programs/mplab/xc32/v4.60/bin/bin/../../lib/gcc/pic32c/8.3.1/../../../../pic32c/lib/thumb/v8-m.base/nofp\libc-musl.a(__int_vsnprintf.o)
 .debug_str     0x000000000000b9ff      0x2b3 d:/programs/mplab/xc32/v4.60/bin/bin/../../lib/gcc/pic32c/8.3.1/../../../../pic32c/lib/thumb/v8-m.base/nofp\libc-musl.a(__int_vsprintf.o)
 .debug_str     0x000000000000bcb2      0x2be d:/programs/mplab/xc32/v4.60/bin/bin/../../lib/gcc/pic32c/8.3.1/../../../../pic32c/lib/thumb/v8-m.base/nofp\libc-musl.a(__cvt_u.o)
 .debug_str     0x000000000000bf70      0x2f6 d:/programs/mplab/xc32/v4.60/bin/bin/../../lib/gcc/pic32c/8.3.1/../../../../pic32c/lib/thumb/v8-m.base/nofp\libc-musl.a(__int_vfprintf.o)
 .debug_str     0x000000000000c266       0xdb d:/programs/mplab/xc32/v4.60/bin/bin/../../lib/gcc/pic32c/8.3.1/thumb/v8-m.base/nofp\libgcc.a(_aeabi_ldivmod.o)
 .debug_str     0x000000000000c341       0xdb d:/programs/mplab/xc32/v4.60/bin/bin/../../lib/gcc/pic32c/8.3.1/thumb/v8-m.base/nofp\libgcc.a(_aeabi_uldivmod.o)
 .debug_str     0x000000000000c41c      0x2bc d:/programs/mplab/xc32/v4.60/bin/bin/../../lib/gcc/pic32c/8.3.1/thumb/v8-m.base/nofp\libgcc.a(_muldi3.o)
 .debug_str     0x000000000000c6d8      0x2f3 d:/programs/mplab/xc32/v4.60/bin/bin/../../lib/gcc/pic32c/8.3.1/thumb/v8-m.base/nofp\libgcc.a(_udivmoddi4.o)
 .debug_str     0x000000000000c9cb      0x1ff d:/programs/mplab/xc32/v4.60/bin/bin/../../lib/gcc/pic32c/8.3.1/thumb/v8-m.base/nofp\libgcc.a(bpabi.o)
 .debug_str     0x000000000000cbca       0xdb d:/programs/mplab/xc32/v4.60/bin/bin/../../lib/gcc/pic32c/8.3.1/thumb/v8-m.base/nofp\libgcc.a(_dvmd_tls.o)
 .debug_str     0x000000000000cca5       0xdb d:/programs/mplab/xc32/v4.60/bin/bin/../../lib/gcc/pic32c/8.3.1/thumb/v8-m.base/nofp\libgcc.a(_clzsi2.o)
 .debug_str     0x000000000000cd80      0x2fc d:/programs/mplab/xc32/v4.60/bin/bin/../../lib/gcc/pic32c/8.3.1/thumb/v8-m.base/nofp\libgcc.a(_divdi3.o)
 .debug_str     0x000000000000d07c      0x232 d:/programs/mplab/xc32/v4.60/bin/bin/../../lib/gcc/pic32c/8.3.1/../../../../pic32c/lib/thumb/v8-m.base/nofp\libc-size-musl.a(memcpy.o)
 .debug_str     0x000000000000d2ae      0x21a d:/programs/mplab/xc32/v4.60/bin/bin/../../lib/gcc/pic32c/8.3.1/../../../../pic32c/lib/thumb/v8-m.base/nofp\libc-size-musl.a(strcpy.o)
 .debug_str     0x000000000000d4c8      0x22e d:/programs/mplab/xc32/v4.60/bin/bin/../../lib/gcc/pic32c/8.3.1/../../../../pic32c/lib/thumb/v8-m.base/nofp\libc-size-musl.a(stpcpy.o)
 .debug_str     0x000000000000d6f6      0x1e2 d:/programs/mplab/xc32/v4.60/bin/bin/../../lib/gcc/pic32c/8.3.1/../../../../pic32c/lib/thumb/v8-m.base/nofp\libpic32c.a(pic32_data_init_clear.o)
 .debug_str     0x000000000000d8d8      0x1e0 d:/programs/mplab/xc32/v4.60/bin/bin/../../lib/gcc/pic32c/8.3.1/../../../../pic32c/lib/thumb/v8-m.base/nofp\libpic32c.a(pic32_data_init_copy.o)

.debug_frame    0x0000000000000000     0x1578
 .debug_frame   0x0000000000000000      0x190 build/default/production/src/bme_280/bme280.o
 .debug_frame   0x0000000000000190      0x1d8 build/default/production/src/bme_280/sercom2_spi.o
 .debug_frame   0x0000000000000368       0xbc build/default/production/src/clock/clock.o
 .debug_frame   0x0000000000000424       0xe8 build/default/production/src/delay_timer/delay_timer.o
 .debug_frame   0x000000000000050c      0x19c build/default/production/src/dmac/dmac_transmit.o
 .debug_frame   0x00000000000006a8       0x6c build/default/production/src/hc12/hc12.o
 .debug_frame   0x0000000000000714      0x3cc build/default/production/src/hc12/sercom5_usart.o
 .debug_frame   0x0000000000000ae0       0xfc build/default/production/src/pms7003/pms7003.o
 .debug_frame   0x0000000000000bdc       0x30 build/default/production/src/pms7003/sercom1_usart.o
 .debug_frame   0x0000000000000c0c       0x30 build/default/production/src/usb_serial/sercom3_usart.o
 .debug_frame   0x0000000000000c3c       0xe8 build/default/production/src/usb_serial/usb_serial.o
 .debug_frame   0x0000000000000d24       0x38 build/default/production/src/main.o
 .debug_frame   0x0000000000000d5c       0xa8 build/default/production/src/neo6m/neo6m.o
 .debug_frame   0x0000000000000e04       0x30 build/default/production/src/neo6m/sercom0_usart.o
 .debug_frame   0x0000000000000e34       0x48 d:/programs/mplab/xc32/v4.60/bin/bin/../../lib/gcc/pic32c/8.3.1/../../../../pic32c/lib/thumb/v8-m.base/nofp\libpic32c.a(data_init.o)
 .debug_frame   0x0000000000000e7c       0x20 d:/programs/mplab/xc32/v4.60/bin/bin/../../lib/gcc/pic32c/8.3.1/../../../../pic32c/lib/thumb/v8-m.base/nofp\libc-size-musl.a(strlen.o)
 .debug_frame   0x0000000000000e9c       0x28 d:/programs/mplab/xc32/v4.60/bin/bin/../../lib/gcc/pic32c/8.3.1/../../../../pic32c/lib/thumb/v8-m.base/nofp\libc-size-musl.a(strncpy.o)
 .debug_frame   0x0000000000000ec4       0x2c d:/programs/mplab/xc32/v4.60/bin/bin/../../lib/gcc/pic32c/8.3.1/../../../../pic32c/lib/thumb/v8-m.base/nofp\libc-size-musl.a(strtok.o)
 .debug_frame   0x0000000000000ef0       0x2c d:/programs/mplab/xc32/v4.60/bin/bin/../../lib/gcc/pic32c/8.3.1/../../../../pic32c/lib/thumb/v8-m.base/nofp\libc-size-musl.a(stpncpy.o)
 .debug_frame   0x0000000000000f1c       0x30 d:/programs/mplab/xc32/v4.60/bin/bin/../../lib/gcc/pic32c/8.3.1/../../../../pic32c/lib/thumb/v8-m.base/nofp\libc-size-musl.a(strcspn.o)
 .debug_frame   0x0000000000000f4c       0x30 d:/programs/mplab/xc32/v4.60/bin/bin/../../lib/gcc/pic32c/8.3.1/../../../../pic32c/lib/thumb/v8-m.base/nofp\libc-size-musl.a(strspn.o)
 .debug_frame   0x0000000000000f7c       0x20 d:/programs/mplab/xc32/v4.60/bin/bin/../../lib/gcc/pic32c/8.3.1/../../../../pic32c/lib/thumb/v8-m.base/nofp\libc-size-musl.a(memset.o)
 .debug_frame   0x0000000000000f9c       0x2c d:/programs/mplab/xc32/v4.60/bin/bin/../../lib/gcc/pic32c/8.3.1/../../../../pic32c/lib/thumb/v8-m.base/nofp\libc-size-musl.a(strchrnul.o)
 .debug_frame   0x0000000000000fc8       0x38 d:/programs/mplab/xc32/v4.60/bin/bin/../../lib/gcc/pic32c/8.3.1/../../../../pic32c/lib/thumb/v8-m.base/nofp\libc-musl.a(__libc_start_main.o)
 .debug_frame   0x0000000000001000       0x48 d:/programs/mplab/xc32/v4.60/bin/bin/../../lib/gcc/pic32c/8.3.1/../../../../pic32c/lib/thumb/v8-m.base/nofp\libc-musl.a(__sio_snprintf_cdeEfFgGnpsuxX.o)
 .debug_frame   0x0000000000001048       0x44 d:/programs/mplab/xc32/v4.60/bin/bin/../../lib/gcc/pic32c/8.3.1/../../../../pic32c/lib/thumb/v8-m.base/nofp\libc-musl.a(__sio_sprintf_cdeEfFgGnpsuxX.o)
 .debug_frame   0x000000000000108c       0x30 d:/programs/mplab/xc32/v4.60/bin/bin/../../lib/gcc/pic32c/8.3.1/../../../../pic32c/lib/thumb/v8-m.base/nofp\libc-musl.a(__fmt_d.o)
 .debug_frame   0x00000000000010bc       0x34 d:/programs/mplab/xc32/v4.60/bin/bin/../../lib/gcc/pic32c/8.3.1/../../../../pic32c/lib/thumb/v8-m.base/nofp\libc-musl.a(__fmt_fp.o)