Archive member included to satisfy reference by file (symbol)

c:/program files/microchip/xc32/v4.45/bin/bin/../../lib/gcc/pic32c/8.3.1/../../../../pic32c/lib/thumb/v8-m.base/nofp\libpic32c.a(data_init.o)
                              build/default/production/_ext/1171490990/startup_xc32.o (__pic32c_data_initialization)
c:/program files/microchip/xc32/v4.45/bin/bin/../../lib/gcc/pic32c/8.3.1/../../../../pic32c/lib/thumb/v8-m.base/nofp\libc-musl.a(__libc_start_main.o)
                              build/default/production/_ext/1171490990/startup_xc32.o (__libc_init_array)
c:/program files/microchip/xc32/v4.45/bin/bin/../../lib/gcc/pic32c/8.3.1/../../../../pic32c/lib/thumb/v8-m.base/nofp\libc-musl.a(libc.o)
                              c:/program files/microchip/xc32/v4.45/bin/bin/../../lib/gcc/pic32c/8.3.1/../../../../pic32c/lib/thumb/v8-m.base/nofp\libc-musl.a(__libc_start_main.o) (__progname_full)
c:/program files/microchip/xc32/v4.45/bin/bin/../../lib/gcc/pic32c/8.3.1/../../../../pic32c/lib/thumb/v8-m.base/nofp\libc-musl.a(__environ.o)
                              c:/program files/microchip/xc32/v4.45/bin/bin/../../lib/gcc/pic32c/8.3.1/../../../../pic32c/lib/thumb/v8-m.base/nofp\libc-musl.a(__libc_start_main.o) (__environ)
c:/program files/microchip/xc32/v4.45/bin/bin/../../lib/gcc/pic32c/8.3.1/../../../../pic32c/lib/thumb/v8-m.base/nofp\libpic32c.a(pic32_data_init_clear.o)
                              (__dinit_clear_needed)
c:/program files/microchip/xc32/v4.45/bin/bin/../../lib/gcc/pic32c/8.3.1/../../../../pic32c/lib/thumb/v8-m.base/nofp\libpic32c.a(pic32_data_init_copy.o)
                              (__dinit_copy_needed)

Microchip PIC32 Memory-Usage Report

ROM Program-Memory Usage
section                    address  length [bytes]      (dec)  Description
-------                 ----------  -------------------------  -----------
.vectors                   0x40000          0x15c         348   
.text                      0x4015c           0x20          32  App's exec code 
.text.__libc_start_init    0x4017c           0x5c          92   
.text.Reset_Handler        0x401d8           0x54          84   
.text                      0x4022c           0x40          64  App's exec code 
.text.__pic32c_data_ini    0x4026c           0x30          48   
.dinit                     0x4029c           0x30          48   
.text.__dinit_copy         0x402cc           0x1e          30   
.text.Dummy_Handler        0x402ea            0x2           2   
.rodata                    0x402ec           0x14          20  Read-only const 
.text.__dinit_clear        0x40300           0x12          18   
.text.main                 0x40312            0xa          10   
.text.SYS_Initialize       0x4031c            0x8           8   
.text.__dummy_decompres    0x40324            0x4           4   
.text.Dummy_App_Func       0x40328            0x2           2   
.text.NonMaskableInt_Ha    0x4032a            0x2           2   
.text.HardFault_Handler    0x4032c            0x2           2   
.text.NVIC_Initialize      0x4032e            0x2           2   
.text.__dummy              0x40330            0x2           2   
      Total ROM used  :       0x332         818  0.3% of 0x40000
        --------------------------------------------------------------------------
         Total Program Memory used  :       0x332         818  0.3% of 0x40000
        --------------------------------------------------------------------------


RAM Data-Memory Usage
section                    address  length [bytes]      (dec)  Description
-------                 ----------  -------------------------  -----------
.bss                    0x20008000           0x50          80  Uninitialized data 
.bss                    0x20008050           0x1c          28  Uninitialized data 
.bss                    0x2000806c            0x4           4  Uninitialized data 
.bss                    0x20008070            0x4           4  Uninitialized data 
         Total RAM used  :        0x74         116  0.4% of 0x8000
        --------------------------------------------------------------------------
            Total Data Memory used  :        0x74         116  0.4% of 0x8000
        --------------------------------------------------------------------------


Dynamic Data-Memory Reservation
section                    address  length [bytes]      (dec)  Description
-------                 ----------  -------------------------  -----------
heap                    0x20008078          0x200         512  Reserved for heap 
stack                   0x20008290         0x7d60       32096  Reserved for stack 

        --------------------------------------------------------------------------

Microchip PIC32 Memory-Usage Report By Module

        text        data         bss         dec         hex    basename                        filename
--------------------------------------------------------------------------------
         350           0           0         350         15e    interrupts.o                build/default/production/_ext/1171490990/interrupts.o
          72           0          28         100          64    crtbegin.o                  c:/program files/microchip/xc32/v4.45/bin/bin/../../lib/gcc/pic32c/8.3.1/thumb/v8-m.base/nofp/crtbegin.o
          94           0           0          94          5e    __libc_start_main.o         libc-musl.a
          86           0           0          86          56    startup_xc32.o              build/default/production/_ext/1171490990/startup_xc32.o
           0           0          80          80          50    libc.o                      libc-musl.a
          72           0           4          76          4c    data_init.o                 libpic32c.a
          48           0           0          48          30    data_init                   data_init
          30           0           0          30          1e    pic32_data_init_copy.o      libpic32c.a
          18           0           0          18          12    pic32_data_init_clear.o     libpic32c.a
          16           0           0          16          10    crtn.o                      c:/program files/microchip/xc32/v4.45/bin/bin/../../lib/gcc/pic32c/8.3.1/thumb/v8-m.base/nofp/crtn.o
          10           0           0          10           a    main.o                      build/default/production/_ext/1360937237/main.o
           8           0           0           8           8    crti.o                      c:/program files/microchip/xc32/v4.45/bin/bin/../../lib/gcc/pic32c/8.3.1/thumb/v8-m.base/nofp/crti.o
           8           0           0           8           8    initialization.o            build/default/production/_ext/1171490990/initialization.o
           0           0           4           4           4    __environ.o                 libc-musl.a
           4           0           0           4           4    exceptions.o                build/default/production/_ext/1171490990/exceptions.o
           2           0           0           2           2    plib_nvic.o                 build/default/production/_ext/1865468468/plib_nvic.o
--------------------------------------------------------------------------------
         818           0         116         934         3a6    dist/default/production/PMS7003.X.production.elf


Discarded input sections

 .text          0x0000000000000000        0x0 c:/program files/microchip/xc32/v4.45/bin/bin/../../lib/gcc/pic32c/8.3.1/thumb/v8-m.base/nofp/crti.o
 .data          0x0000000000000000        0x0 c:/program files/microchip/xc32/v4.45/bin/bin/../../lib/gcc/pic32c/8.3.1/thumb/v8-m.base/nofp/crti.o
 .bss           0x0000000000000000        0x0 c:/program files/microchip/xc32/v4.45/bin/bin/../../lib/gcc/pic32c/8.3.1/thumb/v8-m.base/nofp/crti.o
 .xc_stack_usage.hdr
                0x0000000000000000        0xe c:/program files/microchip/xc32/v4.45/bin/bin/../../lib/gcc/pic32c/8.3.1/thumb/v8-m.base/nofp/crti.o
 .xc_stack_usage
                0x0000000000000000       0x26 c:/program files/microchip/xc32/v4.45/bin/bin/../../lib/gcc/pic32c/8.3.1/thumb/v8-m.base/nofp/crti.o
 .data          0x0000000000000000        0x4 c:/program files/microchip/xc32/v4.45/bin/bin/../../lib/gcc/pic32c/8.3.1/thumb/v8-m.base/nofp/crtbegin.o
 .xc_stack_usage
                0x0000000000000000       0x3c c:/program files/microchip/xc32/v4.45/bin/bin/../../lib/gcc/pic32c/8.3.1/thumb/v8-m.base/nofp/crtbegin.o
 .xc_stack_usage.hdr
                0x0000000000000000        0xe c:/program files/microchip/xc32/v4.45/bin/bin/../../lib/gcc/pic32c/8.3.1/thumb/v8-m.base/nofp/crtbegin.o
 .text          0x0000000000000000        0x0 build/default/production/_ext/1171490990/initialization.o
 .data          0x0000000000000000        0x0 build/default/production/_ext/1171490990/initialization.o
 .bss           0x0000000000000000        0x0 build/default/production/_ext/1171490990/initialization.o
 .text          0x0000000000000000        0x0 build/default/production/_ext/1171490990/libc_syscalls.o
 .data          0x0000000000000000        0x0 build/default/production/_ext/1171490990/libc_syscalls.o
 .bss           0x0000000000000000        0x0 build/default/production/_ext/1171490990/libc_syscalls.o
 .text._exit    0x0000000000000000        0x2 build/default/production/_ext/1171490990/libc_syscalls.o
 .debug_info    0x0000000000000000       0xaa build/default/production/_ext/1171490990/libc_syscalls.o
 .debug_abbrev  0x0000000000000000       0x5d build/default/production/_ext/1171490990/libc_syscalls.o
 .debug_loc     0x0000000000000000       0x15 build/default/production/_ext/1171490990/libc_syscalls.o
 .debug_aranges
                0x0000000000000000       0x20 build/default/production/_ext/1171490990/libc_syscalls.o
 .debug_ranges  0x0000000000000000       0x10 build/default/production/_ext/1171490990/libc_syscalls.o
 .debug_line    0x0000000000000000       0x5b build/default/production/_ext/1171490990/libc_syscalls.o
 .debug_str     0x0000000000000000      0x2d4 build/default/production/_ext/1171490990/libc_syscalls.o
 .comment       0x0000000000000000       0x2c build/default/production/_ext/1171490990/libc_syscalls.o
 .debug_frame   0x0000000000000000       0x20 build/default/production/_ext/1171490990/libc_syscalls.o
 .ARM.attributes
                0x0000000000000000       0x30 build/default/production/_ext/1171490990/libc_syscalls.o
 .text          0x0000000000000000        0x0 build/default/production/_ext/1865521619/plib_port.o
 .data          0x0000000000000000        0x0 build/default/production/_ext/1865521619/plib_port.o
 .bss           0x0000000000000000        0x0 build/default/production/_ext/1865521619/plib_port.o
 .text.PORT_GroupRead
                0x0000000000000000        0x4 build/default/production/_ext/1865521619/plib_port.o
 .text.PORT_GroupWrite
                0x0000000000000000        0xc build/default/production/_ext/1865521619/plib_port.o
 .text.PORT_GroupLatchRead
                0x0000000000000000        0x4 build/default/production/_ext/1865521619/plib_port.o
 .text.PORT_GroupSet
                0x0000000000000000        0x4 build/default/production/_ext/1865521619/plib_port.o
 .text.PORT_GroupClear
                0x0000000000000000        0x4 build/default/production/_ext/1865521619/plib_port.o
 .text.PORT_GroupToggle
                0x0000000000000000        0x4 build/default/production/_ext/1865521619/plib_port.o
 .text.PORT_GroupInputEnable
                0x0000000000000000        0x4 build/default/production/_ext/1865521619/plib_port.o
 .text.PORT_GroupOutputEnable
                0x0000000000000000        0x4 build/default/production/_ext/1865521619/plib_port.o
 .debug_info    0x0000000000000000      0x446 build/default/production/_ext/1865521619/plib_port.o
 .debug_abbrev  0x0000000000000000      0x121 build/default/production/_ext/1865521619/plib_port.o
 .debug_loc     0x0000000000000000       0x94 build/default/production/_ext/1865521619/plib_port.o
 .debug_aranges
                0x0000000000000000       0x58 build/default/production/_ext/1865521619/plib_port.o
 .debug_ranges  0x0000000000000000       0x48 build/default/production/_ext/1865521619/plib_port.o
 .debug_line    0x0000000000000000      0x1ce build/default/production/_ext/1865521619/plib_port.o
 .debug_str     0x0000000000000000      0x4b2 build/default/production/_ext/1865521619/plib_port.o
 .comment       0x0000000000000000       0x2c build/default/production/_ext/1865521619/plib_port.o
 .debug_frame   0x0000000000000000       0x90 build/default/production/_ext/1865521619/plib_port.o
 .ARM.attributes
                0x0000000000000000       0x30 build/default/production/_ext/1865521619/plib_port.o
 .text          0x0000000000000000        0x0 build/default/production/_ext/1171490990/interrupts.o
 .data          0x0000000000000000        0x0 build/default/production/_ext/1171490990/interrupts.o
 .bss           0x0000000000000000        0x0 build/default/production/_ext/1171490990/interrupts.o
 .text          0x0000000000000000        0x0 build/default/production/_ext/1171490990/startup_xc32.o
 .data          0x0000000000000000        0x0 build/default/production/_ext/1171490990/startup_xc32.o
 .bss           0x0000000000000000        0x0 build/default/production/_ext/1171490990/startup_xc32.o
 .text          0x0000000000000000        0x0 build/default/production/_ext/163028504/xc32_monitor.o
 .data          0x0000000000000000        0x0 build/default/production/_ext/163028504/xc32_monitor.o
 .bss           0x0000000000000000        0x0 build/default/production/_ext/163028504/xc32_monitor.o
 .text.read     0x0000000000000000        0x6 build/default/production/_ext/163028504/xc32_monitor.o
 .text.write    0x0000000000000000        0x6 build/default/production/_ext/163028504/xc32_monitor.o
 .debug_info    0x0000000000000000       0xf5 build/default/production/_ext/163028504/xc32_monitor.o
 .debug_abbrev  0x0000000000000000       0xb2 build/default/production/_ext/163028504/xc32_monitor.o
 .debug_loc     0x0000000000000000       0x4a build/default/production/_ext/163028504/xc32_monitor.o
 .debug_aranges
                0x0000000000000000       0x28 build/default/production/_ext/163028504/xc32_monitor.o
 .debug_ranges  0x0000000000000000       0x18 build/default/production/_ext/163028504/xc32_monitor.o
 .debug_line    0x0000000000000000       0xce build/default/production/_ext/163028504/xc32_monitor.o
 .debug_str     0x0000000000000000      0x290 build/default/production/_ext/163028504/xc32_monitor.o
 .comment       0x0000000000000000       0x2c build/default/production/_ext/163028504/xc32_monitor.o
 .debug_frame   0x0000000000000000       0x30 build/default/production/_ext/163028504/xc32_monitor.o
 .ARM.attributes
                0x0000000000000000       0x30 build/default/production/_ext/163028504/xc32_monitor.o
 .text          0x0000000000000000        0x0 build/default/production/_ext/1171490990/exceptions.o
 .data          0x0000000000000000        0x0 build/default/production/_ext/1171490990/exceptions.o
 .bss           0x0000000000000000        0x0 build/default/production/_ext/1171490990/exceptions.o
 .text          0x0000000000000000        0x0 build/default/production/_ext/1360937237/main.o
 .data          0x0000000000000000        0x0 build/default/production/_ext/1360937237/main.o
 .bss           0x0000000000000000        0x0 build/default/production/_ext/1360937237/main.o
 .text          0x0000000000000000        0x0 build/default/production/_ext/1865468468/plib_nvic.o
 .data          0x0000000000000000        0x0 build/default/production/_ext/1865468468/plib_nvic.o
 .bss           0x0000000000000000        0x0 build/default/production/_ext/1865468468/plib_nvic.o
 .text.NVIC_INT_Enable
                0x0000000000000000        0x8 build/default/production/_ext/1865468468/plib_nvic.o
 .text.NVIC_INT_Disable
                0x0000000000000000       0x12 build/default/production/_ext/1865468468/plib_nvic.o
 .text.NVIC_INT_Restore
                0x0000000000000000       0x12 build/default/production/_ext/1865468468/plib_nvic.o
 .text          0x0000000000000000        0x0 c:/program files/microchip/xc32/v4.45/bin/bin/../../lib/gcc/pic32c/8.3.1/../../../../pic32c/lib/thumb/v8-m.base/nofp\libpic32c.a(data_init.o)
 .data          0x0000000000000000        0x0 c:/program files/microchip/xc32/v4.45/bin/bin/../../lib/gcc/pic32c/8.3.1/../../../../pic32c/lib/thumb/v8-m.base/nofp\libpic32c.a(data_init.o)
 .xc_stack_usage
                0x0000000000000000       0x4a c:/program files/microchip/xc32/v4.45/bin/bin/../../lib/gcc/pic32c/8.3.1/../../../../pic32c/lib/thumb/v8-m.base/nofp\libpic32c.a(data_init.o)
 .xc_stack_usage.hdr
                0x0000000000000000        0xe c:/program files/microchip/xc32/v4.45/bin/bin/../../lib/gcc/pic32c/8.3.1/../../../../pic32c/lib/thumb/v8-m.base/nofp\libpic32c.a(data_init.o)
 .text          0x0000000000000000        0x0 c:/program files/microchip/xc32/v4.45/bin/bin/../../lib/gcc/pic32c/8.3.1/../../../../pic32c/lib/thumb/v8-m.base/nofp\libc-musl.a(__libc_start_main.o)
 .data          0x0000000000000000        0x0 c:/program files/microchip/xc32/v4.45/bin/bin/../../lib/gcc/pic32c/8.3.1/../../../../pic32c/lib/thumb/v8-m.base/nofp\libc-musl.a(__libc_start_main.o)
 .bss           0x0000000000000000        0x0 c:/program files/microchip/xc32/v4.45/bin/bin/../../lib/gcc/pic32c/8.3.1/../../../../pic32c/lib/thumb/v8-m.base/nofp\libc-musl.a(__libc_start_main.o)
 .xc_stack_usage
                0x0000000000000000       0x34 c:/program files/microchip/xc32/v4.45/bin/bin/../../lib/gcc/pic32c/8.3.1/../../../../pic32c/lib/thumb/v8-m.base/nofp\libc-musl.a(__libc_start_main.o)
 .xc_stack_usage.hdr
                0x0000000000000000        0xe c:/program files/microchip/xc32/v4.45/bin/bin/../../lib/gcc/pic32c/8.3.1/../../../../pic32c/lib/thumb/v8-m.base/nofp\libc-musl.a(__libc_start_main.o)
 .text          0x0000000000000000        0x0 c:/program files/microchip/xc32/v4.45/bin/bin/../../lib/gcc/pic32c/8.3.1/../../../../pic32c/lib/thumb/v8-m.base/nofp\libc-musl.a(libc.o)
 .data          0x0000000000000000        0x0 c:/program files/microchip/xc32/v4.45/bin/bin/../../lib/gcc/pic32c/8.3.1/../../../../pic32c/lib/thumb/v8-m.base/nofp\libc-musl.a(libc.o)
 .xc_stack_usage.hdr
                0x0000000000000000        0xe c:/program files/microchip/xc32/v4.45/bin/bin/../../lib/gcc/pic32c/8.3.1/../../../../pic32c/lib/thumb/v8-m.base/nofp\libc-musl.a(libc.o)
 .text          0x0000000000000000        0x0 c:/program files/microchip/xc32/v4.45/bin/bin/../../lib/gcc/pic32c/8.3.1/../../../../pic32c/lib/thumb/v8-m.base/nofp\libc-musl.a(__environ.o)
 .data          0x0000000000000000        0x0 c:/program files/microchip/xc32/v4.45/bin/bin/../../lib/gcc/pic32c/8.3.1/../../../../pic32c/lib/thumb/v8-m.base/nofp\libc-musl.a(__environ.o)
 .xc_stack_usage.hdr
                0x0000000000000000        0xe c:/program files/microchip/xc32/v4.45/bin/bin/../../lib/gcc/pic32c/8.3.1/../../../../pic32c/lib/thumb/v8-m.base/nofp\libc-musl.a(__environ.o)
 .text          0x0000000000000000        0x0 c:/program files/microchip/xc32/v4.45/bin/bin/../../lib/gcc/pic32c/8.3.1/thumb/v8-m.base/nofp/crtend.o
 .data          0x0000000000000000        0x0 c:/program files/microchip/xc32/v4.45/bin/bin/../../lib/gcc/pic32c/8.3.1/thumb/v8-m.base/nofp/crtend.o
 .bss           0x0000000000000000        0x0 c:/program files/microchip/xc32/v4.45/bin/bin/../../lib/gcc/pic32c/8.3.1/thumb/v8-m.base/nofp/crtend.o
 .eh_frame      0x0000000000000000        0x4 c:/program files/microchip/xc32/v4.45/bin/bin/../../lib/gcc/pic32c/8.3.1/thumb/v8-m.base/nofp/crtend.o
 .xc_stack_usage.hdr
                0x0000000000000000        0xe c:/program files/microchip/xc32/v4.45/bin/bin/../../lib/gcc/pic32c/8.3.1/thumb/v8-m.base/nofp/crtend.o
 .comment       0x0000000000000000       0x2c c:/program files/microchip/xc32/v4.45/bin/bin/../../lib/gcc/pic32c/8.3.1/thumb/v8-m.base/nofp/crtend.o
 .ARM.attributes
                0x0000000000000000       0x30 c:/program files/microchip/xc32/v4.45/bin/bin/../../lib/gcc/pic32c/8.3.1/thumb/v8-m.base/nofp/crtend.o
 .text          0x0000000000000000        0x0 c:/program files/microchip/xc32/v4.45/bin/bin/../../lib/gcc/pic32c/8.3.1/thumb/v8-m.base/nofp/crtn.o
 .data          0x0000000000000000        0x0 c:/program files/microchip/xc32/v4.45/bin/bin/../../lib/gcc/pic32c/8.3.1/thumb/v8-m.base/nofp/crtn.o
 .bss           0x0000000000000000        0x0 c:/program files/microchip/xc32/v4.45/bin/bin/../../lib/gcc/pic32c/8.3.1/thumb/v8-m.base/nofp/crtn.o
 .xc_stack_usage.hdr
                0x0000000000000000        0xe c:/program files/microchip/xc32/v4.45/bin/bin/../../lib/gcc/pic32c/8.3.1/thumb/v8-m.base/nofp/crtn.o
 .text          0x0000000000000000        0x0 c:/program files/microchip/xc32/v4.45/bin/bin/../../lib/gcc/pic32c/8.3.1/../../../../pic32c/lib/thumb/v8-m.base/nofp\libpic32c.a(pic32_data_init_clear.o)
 .data          0x0000000000000000        0x0 c:/program files/microchip/xc32/v4.45/bin/bin/../../lib/gcc/pic32c/8.3.1/../../../../pic32c/lib/thumb/v8-m.base/nofp\libpic32c.a(pic32_data_init_clear.o)
 .bss           0x0000000000000000        0x0 c:/program files/microchip/xc32/v4.45/bin/bin/../../lib/gcc/pic32c/8.3.1/../../../../pic32c/lib/thumb/v8-m.base/nofp\libpic32c.a(pic32_data_init_clear.o)
 .xc_stack_usage
                0x0000000000000000       0x1b c:/program files/microchip/xc32/v4.45/bin/bin/../../lib/gcc/pic32c/8.3.1/../../../../pic32c/lib/thumb/v8-m.base/nofp\libpic32c.a(pic32_data_init_clear.o)
 .xc_stack_usage.hdr
                0x0000000000000000        0xe c:/program files/microchip/xc32/v4.45/bin/bin/../../lib/gcc/pic32c/8.3.1/../../../../pic32c/lib/thumb/v8-m.base/nofp\libpic32c.a(pic32_data_init_clear.o)
 .text          0x0000000000000000        0x0 c:/program files/microchip/xc32/v4.45/bin/bin/../../lib/gcc/pic32c/8.3.1/../../../../pic32c/lib/thumb/v8-m.base/nofp\libpic32c.a(pic32_data_init_copy.o)
 .data          0x0000000000000000        0x0 c:/program files/microchip/xc32/v4.45/bin/bin/../../lib/gcc/pic32c/8.3.1/../../../../pic32c/lib/thumb/v8-m.base/nofp\libpic32c.a(pic32_data_init_copy.o)
 .bss           0x0000000000000000        0x0 c:/program files/microchip/xc32/v4.45/bin/bin/../../lib/gcc/pic32c/8.3.1/../../../../pic32c/lib/thumb/v8-m.base/nofp\libpic32c.a(pic32_data_init_copy.o)
 .xc_stack_usage
                0x0000000000000000       0x1a c:/program files/microchip/xc32/v4.45/bin/bin/../../lib/gcc/pic32c/8.3.1/../../../../pic32c/lib/thumb/v8-m.base/nofp\libpic32c.a(pic32_data_init_copy.o)
 .xc_stack_usage.hdr
                0x0000000000000000        0xe c:/program files/microchip/xc32/v4.45/bin/bin/../../lib/gcc/pic32c/8.3.1/../../../../pic32c/lib/thumb/v8-m.base/nofp\libpic32c.a(pic32_data_init_copy.o)

Memory Configuration

Name             Origin             Length             Attributes
rom              0x0000000000040000 0x0000000000040000 xrl
ram              0x0000000020008000 0x0000000000008000 xw !r
config_00804000  0x0000000000804000 0x0000000000000004
config_00804004  0x0000000000804004 0x0000000000000004
config_00804008  0x0000000000804008 0x0000000000000004
config_0080400C  0x000000000080400c 0x0000000000000004
config_00804010  0x0000000000804010 0x0000000000000004
config_00804014  0x0000000000804014 0x0000000000000004
config_00804018  0x0000000000804018 0x0000000000000004
config_0080401C  0x000000000080401c 0x0000000000000004
config_00804020  0x0000000000804020 0x0000000000000004
*default*        0x0000000000000000 0xffffffffffffffff

Linker script and memory map

LOAD c:/program files/microchip/xc32/v4.45/bin/bin/../../lib/gcc/pic32c/8.3.1/thumb/v8-m.base/nofp/crti.o
LOAD c:/program files/microchip/xc32/v4.45/bin/bin/../../lib/gcc/pic32c/8.3.1/thumb/v8-m.base/nofp/crtbegin.o
LOAD build/default/production/_ext/1171490990/initialization.o
LOAD build/default/production/_ext/1171490990/libc_syscalls.o
LOAD build/default/production/_ext/1865521619/plib_port.o
LOAD build/default/production/_ext/1171490990/interrupts.o
LOAD build/default/production/_ext/1171490990/startup_xc32.o
LOAD build/default/production/_ext/163028504/xc32_monitor.o
LOAD build/default/production/_ext/1171490990/exceptions.o
LOAD build/default/production/_ext/1360937237/main.o
LOAD build/default/production/_ext/1865468468/plib_nvic.o
                0x0000000000000001                __MPLAB_BUILD = 0x1
                0x0000000000080000                __rom_end = (ORIGIN (rom) + LENGTH (rom))
                0x0000000020010000                __ram_end = (ORIGIN (ram) + LENGTH (ram))

.config_00804000
 *(.config_00804000)

.config_00804004
 *(.config_00804004)

.config_00804008
 *(.config_00804008)

.config_0080400C
 *(.config_0080400C)

.config_00804010
 *(.config_00804010)

.config_00804014
 *(.config_00804014)

.config_00804018
 *(.config_00804018)

.config_0080401C
 *(.config_0080401C)

.config_00804020
 *(.config_00804020)

.vectors        0x0000000000040000      0x15c
                0x0000000000040000                . = ALIGN (0x4)
                0x0000000000040000                _sfixed = .
 *(.vectors .vectors.* .vectors_default .vectors_default.*)
 .vectors.exception_table
                0x0000000000040000      0x15c build/default/production/_ext/1171490990/interrupts.o
                0x0000000000040000                exception_table
 *(.isr_vector)
 *(.reset*)
 *(.after_vectors)

.text           0x000000000004015c       0x20
                0x000000000004015c                . = ALIGN (0x4)
 *(.glue_7t)
 .glue_7t       0x000000000004015c        0x0 linker stubs
 *(.glue_7)
 .glue_7        0x000000000004015c        0x0 linker stubs
 *veneer.o(.text.*)
 *nonsecure_entry.o(.text.*)
 *(.gnu.linkonce.r.*)
 *(.ARM.extab* .gnu.linkonce.armextab.*)
                0x000000000004015c                . = ALIGN (0x4)
 *(.init)
 .init          0x000000000004015c        0x4 c:/program files/microchip/xc32/v4.45/bin/bin/../../lib/gcc/pic32c/8.3.1/thumb/v8-m.base/nofp/crti.o
                0x000000000004015c                _init
 .init          0x0000000000040160        0x8 c:/program files/microchip/xc32/v4.45/bin/bin/../../lib/gcc/pic32c/8.3.1/thumb/v8-m.base/nofp/crtn.o
                0x0000000000040168                . = ALIGN (0x4)
                0x0000000000040168                __preinit_array_start = .
 *(.preinit_array)
                0x0000000000040168                __preinit_array_end = .
                0x0000000000040168                . = ALIGN (0x4)
                0x0000000000040168                __init_array_start = .
 *(SORT_BY_NAME(.init_array.*))
 *(.init_array)
 .init_array    0x0000000000040168        0x4 c:/program files/microchip/xc32/v4.45/bin/bin/../../lib/gcc/pic32c/8.3.1/thumb/v8-m.base/nofp/crtbegin.o
                0x000000000004016c                __init_array_end = .
                0x000000000004016c                . = ALIGN (0x4)
 *crtbegin.o(.ctors)
 *(EXCLUDE_FILE(*crtend.o) .ctors)
 *(SORT_BY_NAME(.ctors.*))
 *crtend.o(.ctors)
                0x000000000004016c                . = ALIGN (0x4)
 *(.fini)
 .fini          0x000000000004016c        0x4 c:/program files/microchip/xc32/v4.45/bin/bin/../../lib/gcc/pic32c/8.3.1/thumb/v8-m.base/nofp/crti.o
                0x000000000004016c                _fini
 .fini          0x0000000000040170        0x8 c:/program files/microchip/xc32/v4.45/bin/bin/../../lib/gcc/pic32c/8.3.1/thumb/v8-m.base/nofp/crtn.o
                0x0000000000040178                . = ALIGN (0x4)
                0x0000000000040178                __fini_array_start = .
 *(.fini_array)
 .fini_array    0x0000000000040178        0x4 c:/program files/microchip/xc32/v4.45/bin/bin/../../lib/gcc/pic32c/8.3.1/thumb/v8-m.base/nofp/crtbegin.o
 *(SORT_BY_NAME(.fini_array.*))
                0x000000000004017c                __fini_array_end = .
 *crtbegin.o(.dtors)
 *(EXCLUDE_FILE(*crtend.o) .dtors)
 *(SORT_BY_NAME(.dtors.*))
 *crtend.o(.dtors)
                0x000000000004017c                . = ALIGN (0x4)
                0x000000000004017c                _efixed = .
                [!provide]                        PROVIDE (__exidx_start = .)

.ARM.exidx
 *(.ARM.exidx* .gnu.linkonce.armexidx.*)
                [!provide]                        PROVIDE (__exidx_end = .)
                0x000000000004017c                . = ALIGN (0x4)
                0x000000000004017c                _etext = .

.bss            0x0000000020008000        0x0
                0x0000000020008000                . = ALIGN (0x4)
                0x0000000020008000                __bss_start__ = .
                0x0000000020008000                _sbss = .
                0x0000000020008000                _szero = .
 *(COMMON)
                0x0000000020008000                . = ALIGN (0x4)
                0x0000000020008000                __bss_end__ = .
                0x0000000020008000                _ebss = .
                0x0000000020008000                _ezero = .
                0x0000000020008000                . = ALIGN (0x4)
                0x0000000020008000                _end = .
                0x000000002000ffff                _ram_end_ = ((ORIGIN (ram) + LENGTH (ram)) - 0x1)
                0x0000000000000200                _min_heap_size = 0x200
LOAD ./PMS7003_secure_sg_veneer.lib
START GROUP
LOAD c:/program files/microchip/xc32/v4.45/bin/bin/../../lib/gcc/pic32c/8.3.1/../../../../pic32c/lib/thumb/v8-m.base/nofp\libpic32c.a
LOAD c:/program files/microchip/xc32/v4.45/bin/bin/../../lib/gcc/pic32c/8.3.1/../../../../pic32c/lib/thumb/v8-m.base/nofp\libc-size-musl.a
LOAD c:/program files/microchip/xc32/v4.45/bin/bin/../../lib/gcc/pic32c/8.3.1/../../../../pic32c/lib/thumb/v8-m.base/nofp\liblmalloc-musl.a
LOAD c:/program files/microchip/xc32/v4.45/bin/bin/../../lib/gcc/pic32c/8.3.1/../../../../pic32c/lib/thumb/v8-m.base/nofp\libm-fast-emfloat.a
LOAD c:/program files/microchip/xc32/v4.45/bin/bin/../../lib/gcc/pic32c/8.3.1/../../../../pic32c/lib/thumb/v8-m.base/nofp\libm-musl.a
LOAD c:/program files/microchip/xc32/v4.45/bin/bin/../../lib/gcc/pic32c/8.3.1/../../../../pic32c/lib/thumb/v8-m.base/nofp\libc-musl.a
LOAD c:/program files/microchip/xc32/v4.45/bin/bin/../../lib/gcc/pic32c/8.3.1/../../../../pic32c/lib/thumb/v8-m.base/nofp\libm-fast-emfloat.a
LOAD c:/program files/microchip/xc32/v4.45/bin/bin/../../lib/gcc/pic32c/8.3.1/../../../../pic32c/lib/thumb/v8-m.base/nofp\libm-musl.a
LOAD c:/program files/microchip/xc32/v4.45/bin/bin/../../lib/gcc/pic32c/8.3.1/thumb/v8-m.base/nofp\libgcc.a
END GROUP
LOAD c:/program files/microchip/xc32/v4.45/bin/bin/../../lib/gcc/pic32c/8.3.1/thumb/v8-m.base/nofp/crtend.o
LOAD c:/program files/microchip/xc32/v4.45/bin/bin/../../lib/gcc/pic32c/8.3.1/thumb/v8-m.base/nofp/crtn.o
OUTPUT(dist/default/production/PMS7003.X.production.elf elf32-littlearm)
LOAD data_init
LOAD stack

.ARM.attributes
                0x0000000000000000       0x30
 .ARM.attributes
                0x0000000000000000       0x22 c:/program files/microchip/xc32/v4.45/bin/bin/../../lib/gcc/pic32c/8.3.1/thumb/v8-m.base/nofp/crti.o
 .ARM.attributes
                0x0000000000000022       0x30 c:/program files/microchip/xc32/v4.45/bin/bin/../../lib/gcc/pic32c/8.3.1/thumb/v8-m.base/nofp/crtbegin.o
 .ARM.attributes
                0x0000000000000052       0x30 build/default/production/_ext/1171490990/initialization.o
 .ARM.attributes
                0x0000000000000082       0x30 build/default/production/_ext/1171490990/interrupts.o
 .ARM.attributes
                0x00000000000000b2       0x30 build/default/production/_ext/1171490990/startup_xc32.o
 .ARM.attributes
                0x00000000000000e2       0x30 build/default/production/_ext/1171490990/exceptions.o
 .ARM.attributes
                0x0000000000000112       0x30 build/default/production/_ext/1360937237/main.o
 .ARM.attributes
                0x0000000000000142       0x30 build/default/production/_ext/1865468468/plib_nvic.o
 .ARM.attributes
                0x0000000000000172       0x30 c:/program files/microchip/xc32/v4.45/bin/bin/../../lib/gcc/pic32c/8.3.1/../../../../pic32c/lib/thumb/v8-m.base/nofp\libpic32c.a(data_init.o)
 .ARM.attributes
                0x00000000000001a2       0x32 c:/program files/microchip/xc32/v4.45/bin/bin/../../lib/gcc/pic32c/8.3.1/../../../../pic32c/lib/thumb/v8-m.base/nofp\libc-musl.a(__libc_start_main.o)
 .ARM.attributes
                0x00000000000001d4       0x32 c:/program files/microchip/xc32/v4.45/bin/bin/../../lib/gcc/pic32c/8.3.1/../../../../pic32c/lib/thumb/v8-m.base/nofp\libc-musl.a(libc.o)
 .ARM.attributes
                0x0000000000000206       0x32 c:/program files/microchip/xc32/v4.45/bin/bin/../../lib/gcc/pic32c/8.3.1/../../../../pic32c/lib/thumb/v8-m.base/nofp\libc-musl.a(__environ.o)
 .ARM.attributes
                0x0000000000000238       0x22 c:/program files/microchip/xc32/v4.45/bin/bin/../../lib/gcc/pic32c/8.3.1/thumb/v8-m.base/nofp/crtn.o
 .ARM.attributes
                0x000000000000025a       0x30 c:/program files/microchip/xc32/v4.45/bin/bin/../../lib/gcc/pic32c/8.3.1/../../../../pic32c/lib/thumb/v8-m.base/nofp\libpic32c.a(pic32_data_init_clear.o)
 .ARM.attributes
                0x000000000000028a       0x30 c:/program files/microchip/xc32/v4.45/bin/bin/../../lib/gcc/pic32c/8.3.1/../../../../pic32c/lib/thumb/v8-m.base/nofp\libpic32c.a(pic32_data_init_copy.o)

.comment        0x0000000000000000       0x2b
 .comment       0x0000000000000000       0x2b c:/program files/microchip/xc32/v4.45/bin/bin/../../lib/gcc/pic32c/8.3.1/thumb/v8-m.base/nofp/crtbegin.o
                                         0x2c (size before relaxing)
 .comment       0x000000000000002b       0x2c build/default/production/_ext/1171490990/initialization.o
 .comment       0x000000000000002b       0x2c build/default/production/_ext/1171490990/interrupts.o
 .comment       0x000000000000002b       0x2c build/default/production/_ext/1171490990/startup_xc32.o
 .comment       0x000000000000002b       0x2c build/default/production/_ext/1171490990/exceptions.o
 .comment       0x000000000000002b       0x2c build/default/production/_ext/1360937237/main.o
 .comment       0x000000000000002b       0x2c build/default/production/_ext/1865468468/plib_nvic.o
 .comment       0x000000000000002b       0x2c c:/program files/microchip/xc32/v4.45/bin/bin/../../lib/gcc/pic32c/8.3.1/../../../../pic32c/lib/thumb/v8-m.base/nofp\libpic32c.a(data_init.o)
 .comment       0x000000000000002b       0x2c c:/program files/microchip/xc32/v4.45/bin/bin/../../lib/gcc/pic32c/8.3.1/../../../../pic32c/lib/thumb/v8-m.base/nofp\libc-musl.a(__libc_start_main.o)
 .comment       0x000000000000002b       0x2c c:/program files/microchip/xc32/v4.45/bin/bin/../../lib/gcc/pic32c/8.3.1/../../../../pic32c/lib/thumb/v8-m.base/nofp\libc-musl.a(libc.o)
 .comment       0x000000000000002b       0x2c c:/program files/microchip/xc32/v4.45/bin/bin/../../lib/gcc/pic32c/8.3.1/../../../../pic32c/lib/thumb/v8-m.base/nofp\libc-musl.a(__environ.o)
 .comment       0x000000000000002b       0x2c c:/program files/microchip/xc32/v4.45/bin/bin/../../lib/gcc/pic32c/8.3.1/../../../../pic32c/lib/thumb/v8-m.base/nofp\libpic32c.a(pic32_data_init_clear.o)
 .comment       0x000000000000002b       0x2c c:/program files/microchip/xc32/v4.45/bin/bin/../../lib/gcc/pic32c/8.3.1/../../../../pic32c/lib/thumb/v8-m.base/nofp\libpic32c.a(pic32_data_init_copy.o)

.debug_info     0x0000000000000000     0x13c0
 .debug_info    0x0000000000000000       0xce build/default/production/_ext/1171490990/initialization.o
 .debug_info    0x00000000000000ce      0x65c build/default/production/_ext/1171490990/interrupts.o
 .debug_info    0x000000000000072a      0x205 build/default/production/_ext/1171490990/startup_xc32.o
 .debug_info    0x000000000000092f       0xb3 build/default/production/_ext/1171490990/exceptions.o
 .debug_info    0x00000000000009e2       0xc2 build/default/production/_ext/1360937237/main.o
 .debug_info    0x0000000000000aa4      0x241 build/default/production/_ext/1865468468/plib_nvic.o
 .debug_info    0x0000000000000ce5       0x54 c:/program files/microchip/xc32/v4.45/bin/bin/../../lib/gcc/pic32c/8.3.1/../../../../pic32c/lib/thumb/v8-m.base/nofp\libpic32c.a(data_init.o)
 .debug_info    0x0000000000000d39      0x2fb c:/program files/microchip/xc32/v4.45/bin/bin/../../lib/gcc/pic32c/8.3.1/../../../../pic32c/lib/thumb/v8-m.base/nofp\libc-musl.a(__libc_start_main.o)
 .debug_info    0x0000000000001034      0x276 c:/program files/microchip/xc32/v4.45/bin/bin/../../lib/gcc/pic32c/8.3.1/../../../../pic32c/lib/thumb/v8-m.base/nofp\libc-musl.a(libc.o)
 .debug_info    0x00000000000012aa       0x97 c:/program files/microchip/xc32/v4.45/bin/bin/../../lib/gcc/pic32c/8.3.1/../../../../pic32c/lib/thumb/v8-m.base/nofp\libc-musl.a(__environ.o)
 .debug_info    0x0000000000001341       0x3f c:/program files/microchip/xc32/v4.45/bin/bin/../../lib/gcc/pic32c/8.3.1/../../../../pic32c/lib/thumb/v8-m.base/nofp\libpic32c.a(pic32_data_init_clear.o)
 .debug_info    0x0000000000001380       0x40 c:/program files/microchip/xc32/v4.45/bin/bin/../../lib/gcc/pic32c/8.3.1/../../../../pic32c/lib/thumb/v8-m.base/nofp\libpic32c.a(pic32_data_init_copy.o)

.debug_abbrev   0x0000000000000000      0x74d
 .debug_abbrev  0x0000000000000000       0x82 build/default/production/_ext/1171490990/initialization.o
 .debug_abbrev  0x0000000000000082       0xc0 build/default/production/_ext/1171490990/interrupts.o
 .debug_abbrev  0x0000000000000142      0x118 build/default/production/_ext/1171490990/startup_xc32.o
 .debug_abbrev  0x000000000000025a       0x49 build/default/production/_ext/1171490990/exceptions.o
 .debug_abbrev  0x00000000000002a3       0x75 build/default/production/_ext/1360937237/main.o
 .debug_abbrev  0x0000000000000318      0x12c build/default/production/_ext/1865468468/plib_nvic.o
 .debug_abbrev  0x0000000000000444       0x44 c:/program files/microchip/xc32/v4.45/bin/bin/../../lib/gcc/pic32c/8.3.1/../../../../pic32c/lib/thumb/v8-m.base/nofp\libpic32c.a(data_init.o)
 .debug_abbrev  0x0000000000000488      0x133 c:/program files/microchip/xc32/v4.45/bin/bin/../../lib/gcc/pic32c/8.3.1/../../../../pic32c/lib/thumb/v8-m.base/nofp\libc-musl.a(__libc_start_main.o)
 .debug_abbrev  0x00000000000005bb       0xd4 c:/program files/microchip/xc32/v4.45/bin/bin/../../lib/gcc/pic32c/8.3.1/../../../../pic32c/lib/thumb/v8-m.base/nofp\libc-musl.a(libc.o)
 .debug_abbrev  0x000000000000068f       0x62 c:/program files/microchip/xc32/v4.45/bin/bin/../../lib/gcc/pic32c/8.3.1/../../../../pic32c/lib/thumb/v8-m.base/nofp\libc-musl.a(__environ.o)
 .debug_abbrev  0x00000000000006f1       0x2e c:/program files/microchip/xc32/v4.45/bin/bin/../../lib/gcc/pic32c/8.3.1/../../../../pic32c/lib/thumb/v8-m.base/nofp\libpic32c.a(pic32_data_init_clear.o)
 .debug_abbrev  0x000000000000071f       0x2e c:/program files/microchip/xc32/v4.45/bin/bin/../../lib/gcc/pic32c/8.3.1/../../../../pic32c/lib/thumb/v8-m.base/nofp\libpic32c.a(pic32_data_init_copy.o)

.debug_loc      0x0000000000000000      0x139
 .debug_loc     0x0000000000000000       0x45 build/default/production/_ext/1171490990/initialization.o
 .debug_loc     0x0000000000000045       0x20 build/default/production/_ext/1171490990/startup_xc32.o
 .debug_loc     0x0000000000000065       0x20 build/default/production/_ext/1360937237/main.o
 .debug_loc     0x0000000000000085       0x2e build/default/production/_ext/1865468468/plib_nvic.o
 .debug_loc     0x00000000000000b3       0x14 c:/program files/microchip/xc32/v4.45/bin/bin/../../lib/gcc/pic32c/8.3.1/../../../../pic32c/lib/thumb/v8-m.base/nofp\libpic32c.a(data_init.o)
 .debug_loc     0x00000000000000c7       0x5e c:/program files/microchip/xc32/v4.45/bin/bin/../../lib/gcc/pic32c/8.3.1/../../../../pic32c/lib/thumb/v8-m.base/nofp\libc-musl.a(__libc_start_main.o)
 .debug_loc     0x0000000000000125       0x14 c:/program files/microchip/xc32/v4.45/bin/bin/../../lib/gcc/pic32c/8.3.1/../../../../pic32c/lib/thumb/v8-m.base/nofp\libpic32c.a(pic32_data_init_copy.o)

.debug_aranges  0x0000000000000000      0x1a8
 .debug_aranges
                0x0000000000000000       0x20 build/default/production/_ext/1171490990/initialization.o
 .debug_aranges
                0x0000000000000020       0x20 build/default/production/_ext/1171490990/interrupts.o
 .debug_aranges
                0x0000000000000040       0x28 build/default/production/_ext/1171490990/startup_xc32.o
 .debug_aranges
                0x0000000000000068       0x28 build/default/production/_ext/1171490990/exceptions.o
 .debug_aranges
                0x0000000000000090       0x20 build/default/production/_ext/1360937237/main.o
 .debug_aranges
                0x00000000000000b0       0x38 build/default/production/_ext/1865468468/plib_nvic.o
 .debug_aranges
                0x00000000000000e8       0x28 c:/program files/microchip/xc32/v4.45/bin/bin/../../lib/gcc/pic32c/8.3.1/../../../../pic32c/lib/thumb/v8-m.base/nofp\libpic32c.a(data_init.o)
 .debug_aranges
                0x0000000000000110       0x28 c:/program files/microchip/xc32/v4.45/bin/bin/../../lib/gcc/pic32c/8.3.1/../../../../pic32c/lib/thumb/v8-m.base/nofp\libc-musl.a(__libc_start_main.o)
 .debug_aranges
                0x0000000000000138       0x18 c:/program files/microchip/xc32/v4.45/bin/bin/../../lib/gcc/pic32c/8.3.1/../../../../pic32c/lib/thumb/v8-m.base/nofp\libc-musl.a(libc.o)
 .debug_aranges
                0x0000000000000150       0x18 c:/program files/microchip/xc32/v4.45/bin/bin/../../lib/gcc/pic32c/8.3.1/../../../../pic32c/lib/thumb/v8-m.base/nofp\libc-musl.a(__environ.o)
 .debug_aranges
                0x0000000000000168       0x20 c:/program files/microchip/xc32/v4.45/bin/bin/../../lib/gcc/pic32c/8.3.1/../../../../pic32c/lib/thumb/v8-m.base/nofp\libpic32c.a(pic32_data_init_clear.o)
 .debug_aranges
                0x0000000000000188       0x20 c:/program files/microchip/xc32/v4.45/bin/bin/../../lib/gcc/pic32c/8.3.1/../../../../pic32c/lib/thumb/v8-m.base/nofp\libpic32c.a(pic32_data_init_copy.o)

.debug_ranges   0x0000000000000000       0xf8
 .debug_ranges  0x0000000000000000       0x10 build/default/production/_ext/1171490990/initialization.o
 .debug_ranges  0x0000000000000010       0x10 build/default/production/_ext/1171490990/interrupts.o
 .debug_ranges  0x0000000000000020       0x18 build/default/production/_ext/1171490990/startup_xc32.o
 .debug_ranges  0x0000000000000038       0x18 build/default/production/_ext/1171490990/exceptions.o
 .debug_ranges  0x0000000000000050       0x10 build/default/production/_ext/1360937237/main.o
 .debug_ranges  0x0000000000000060       0x28 build/default/production/_ext/1865468468/plib_nvic.o
 .debug_ranges  0x0000000000000088       0x18 c:/program files/microchip/xc32/v4.45/bin/bin/../../lib/gcc/pic32c/8.3.1/../../../../pic32c/lib/thumb/v8-m.base/nofp\libpic32c.a(data_init.o)
 .debug_ranges  0x00000000000000a0       0x38 c:/program files/microchip/xc32/v4.45/bin/bin/../../lib/gcc/pic32c/8.3.1/../../../../pic32c/lib/thumb/v8-m.base/nofp\libc-musl.a(__libc_start_main.o)
 .debug_ranges  0x00000000000000d8       0x10 c:/program files/microchip/xc32/v4.45/bin/bin/../../lib/gcc/pic32c/8.3.1/../../../../pic32c/lib/thumb/v8-m.base/nofp\libpic32c.a(pic32_data_init_clear.o)
 .debug_ranges  0x00000000000000e8       0x10 c:/program files/microchip/xc32/v4.45/bin/bin/../../lib/gcc/pic32c/8.3.1/../../../../pic32c/lib/thumb/v8-m.base/nofp\libpic32c.a(pic32_data_init_copy.o)

.debug_line     0x0000000000000000      0xa68
 .debug_line    0x0000000000000000       0x9a build/default/production/_ext/1171490990/initialization.o
 .debug_line    0x000000000000009a       0xba build/default/production/_ext/1171490990/interrupts.o
 .debug_line    0x0000000000000154      0x157 build/default/production/_ext/1171490990/startup_xc32.o
 .debug_line    0x00000000000002ab       0x6f build/default/production/_ext/1171490990/exceptions.o
 .debug_line    0x000000000000031a       0x6d build/default/production/_ext/1360937237/main.o
 .debug_line    0x0000000000000387      0x1ed build/default/production/_ext/1865468468/plib_nvic.o
 .debug_line    0x0000000000000574       0x8e c:/program files/microchip/xc32/v4.45/bin/bin/../../lib/gcc/pic32c/8.3.1/../../../../pic32c/lib/thumb/v8-m.base/nofp\libpic32c.a(data_init.o)
 .debug_line    0x0000000000000602      0x1bf c:/program files/microchip/xc32/v4.45/bin/bin/../../lib/gcc/pic32c/8.3.1/../../../../pic32c/lib/thumb/v8-m.base/nofp\libc-musl.a(__libc_start_main.o)
 .debug_line    0x00000000000007c1       0xb5 c:/program files/microchip/xc32/v4.45/bin/bin/../../lib/gcc/pic32c/8.3.1/../../../../pic32c/lib/thumb/v8-m.base/nofp\libc-musl.a(libc.o)
 .debug_line    0x0000000000000876       0xfb c:/program files/microchip/xc32/v4.45/bin/bin/../../lib/gcc/pic32c/8.3.1/../../../../pic32c/lib/thumb/v8-m.base/nofp\libc-musl.a(__environ.o)
 .debug_line    0x0000000000000971       0x6f c:/program files/microchip/xc32/v4.45/bin/bin/../../lib/gcc/pic32c/8.3.1/../../../../pic32c/lib/thumb/v8-m.base/nofp\libpic32c.a(pic32_data_init_clear.o)
 .debug_line    0x00000000000009e0       0x88 c:/program files/microchip/xc32/v4.45/bin/bin/../../lib/gcc/pic32c/8.3.1/../../../../pic32c/lib/thumb/v8-m.base/nofp\libpic32c.a(pic32_data_init_copy.o)

.debug_str      0x0000000000000000     0x2875
 .debug_str     0x0000000000000000      0x2f8 build/default/production/_ext/1171490990/initialization.o
 .debug_str     0x00000000000002f8      0x9b4 build/default/production/_ext/1171490990/interrupts.o
 .debug_str     0x0000000000000cac      0x370 build/default/production/_ext/1171490990/startup_xc32.o
 .debug_str     0x000000000000101c      0x2f9 build/default/production/_ext/1171490990/exceptions.o
 .debug_str     0x0000000000001315      0x2cf build/default/production/_ext/1360937237/main.o
 .debug_str     0x00000000000015e4      0x37c build/default/production/_ext/1865468468/plib_nvic.o
 .debug_str     0x0000000000001960      0x1f8 c:/program files/microchip/xc32/v4.45/bin/bin/../../lib/gcc/pic32c/8.3.1/../../../../pic32c/lib/thumb/v8-m.base/nofp\libpic32c.a(data_init.o)
 .debug_str     0x0000000000001b58      0x3d7 c:/program files/microchip/xc32/v4.45/bin/bin/../../lib/gcc/pic32c/8.3.1/../../../../pic32c/lib/thumb/v8-m.base/nofp\libc-musl.a(__libc_start_main.o)
 .debug_str     0x0000000000001f2f      0x342 c:/program files/microchip/xc32/v4.45/bin/bin/../../lib/gcc/pic32c/8.3.1/../../../../pic32c/lib/thumb/v8-m.base/nofp\libc-musl.a(libc.o)
 .debug_str     0x0000000000002271      0x242 c:/program files/microchip/xc32/v4.45/bin/bin/../../lib/gcc/pic32c/8.3.1/../../../../pic32c/lib/thumb/v8-m.base/nofp\libc-musl.a(__environ.o)
 .debug_str     0x00000000000024b3      0x1e2 c:/program files/microchip/xc32/v4.45/bin/bin/../../lib/gcc/pic32c/8.3.1/../../../../pic32c/lib/thumb/v8-m.base/nofp\libpic32c.a(pic32_data_init_clear.o)
 .debug_str     0x0000000000002695      0x1e0 c:/program files/microchip/xc32/v4.45/bin/bin/../../lib/gcc/pic32c/8.3.1/../../../../pic32c/lib/thumb/v8-m.base/nofp\libpic32c.a(pic32_data_init_copy.o)

.debug_frame    0x0000000000000000      0x1e0
 .debug_frame   0x0000000000000000       0x28 build/default/production/_ext/1171490990/initialization.o
 .debug_frame   0x0000000000000028       0x20 build/default/production/_ext/1171490990/interrupts.o
 .debug_frame   0x0000000000000048       0x38 build/default/production/_ext/1171490990/startup_xc32.o
 .debug_frame   0x0000000000000080       0x30 build/default/production/_ext/1171490990/exceptions.o
 .debug_frame   0x00000000000000b0       0x28 build/default/production/_ext/1360937237/main.o
 .debug_frame   0x00000000000000d8       0x50 build/default/production/_ext/1865468468/plib_nvic.o
 .debug_frame   0x0000000000000128       0x38 c:/program files/microchip/xc32/v4.45/bin/bin/../../lib/gcc/pic32c/8.3.1/../../../../pic32c/lib/thumb/v8-m.base/nofp\libpic32c.a(data_init.o)
 .debug_frame   0x0000000000000160       0x38 c:/program files/microchip/xc32/v4.45/bin/bin/../../lib/gcc/pic32c/8.3.1/../../../../pic32c/lib/thumb/v8-m.base/nofp\libc-musl.a(__libc_start_main.o)
 .debug_frame   0x0000000000000198       0x20 c:/program files/microchip/xc32/v4.45/bin/bin/../../lib/gcc/pic32c/8.3.1/../../../../pic32c/lib/thumb/v8-m.base/nofp\libpic32c.a(pic32_data_init_clear.o)
 .debug_frame   0x00000000000001b8       0x28 c:/program files/microchip/xc32/v4.45/bin/bin/../../lib/gcc/pic32c/8.3.1/../../../../pic32c/lib/thumb/v8-m.base/nofp\libpic32c.a(pic32_data_init_copy.o)

.note.GNU-stack
                0x0000000000000000        0x0
 .note.GNU-stack
                0x0000000000000000        0x0 c:/program files/microchip/xc32/v4.45/bin/bin/../../lib/gcc/pic32c/8.3.1/../../../../pic32c/lib/thumb/v8-m.base/nofp\libc-musl.a(__libc_start_main.o)
 .note.GNU-stack
                0x0000000000000000        0x0 c:/program files/microchip/xc32/v4.45/bin/bin/../../lib/gcc/pic32c/8.3.1/../../../../pic32c/lib/thumb/v8-m.base/nofp\libc-musl.a(libc.o)
 .note.GNU-stack
                0x0000000000000000        0x0 c:/program files/microchip/xc32/v4.45/bin/bin/../../lib/gcc/pic32c/8.3.1/../../../../pic32c/lib/thumb/v8-m.base/nofp\libc-musl.a(__environ.o)

.stack          0x0000000020008290      0x100
 .stack         0x0000000020008290      0x100 stack

.bss%1          0x0000000020008000       0x50
 .bss           0x0000000020008000       0x50 c:/program files/microchip/xc32/v4.45/bin/bin/../../lib/gcc/pic32c/8.3.1/../../../../pic32c/lib/thumb/v8-m.base/nofp\libc-musl.a(libc.o)
                0x0000000020008000                __progname_full
                0x0000000020008000                program_invocation_name
                0x0000000020008004                program_invocation_short_name
                0x0000000020008004                __progname
                0x0000000020008008                __sysinfo
                0x000000002000800c                __hwcap
                0x0000000020008010                __libc

.bss%2          0x0000000020008050       0x1c
 .bss           0x0000000020008050       0x1c c:/program files/microchip/xc32/v4.45/bin/bin/../../lib/gcc/pic32c/8.3.1/thumb/v8-m.base/nofp/crtbegin.o

.bss%3          0x000000002000806c        0x4
 .bss           0x000000002000806c        0x4 c:/program files/microchip/xc32/v4.45/bin/bin/../../lib/gcc/pic32c/8.3.1/../../../../pic32c/lib/thumb/v8-m.base/nofp\libpic32c.a(data_init.o)

.bss%4          0x0000000020008070        0x4
 .bss           0x0000000020008070        0x4 c:/program files/microchip/xc32/v4.45/bin/bin/../../lib/gcc/pic32c/8.3.1/../../../../pic32c/lib/thumb/v8-m.base/nofp\libc-musl.a(__environ.o)
                0x0000000020008070                __environ
                0x0000000020008070                environ
                0x0000000020008070                ___environ
                0x0000000020008070                _environ

.eh_frame%z1    0x0000000000000000        0x0
 .eh_frame      0x0000000000000000        0x0 c:/program files/microchip/xc32/v4.45/bin/bin/../../lib/gcc/pic32c/8.3.1/thumb/v8-m.base/nofp/crtbegin.o

.text.__libc_start_init%5
                0x000000000004017c       0x5c
 .text.__libc_start_init
                0x000000000004017c       0x5c c:/program files/microchip/xc32/v4.45/bin/bin/../../lib/gcc/pic32c/8.3.1/../../../../pic32c/lib/thumb/v8-m.base/nofp\libc-musl.a(__libc_start_main.o)
                0x000000000004017c                __libc_init_array

.text.Reset_Handler%6
                0x00000000000401d8       0x54
 .text.Reset_Handler
                0x00000000000401d8       0x54 build/default/production/_ext/1171490990/startup_xc32.o
                0x00000000000401d8                Reset_Handler

.text%7         0x000000000004022c       0x40
 .text          0x000000000004022c       0x40 c:/program files/microchip/xc32/v4.45/bin/bin/../../lib/gcc/pic32c/8.3.1/thumb/v8-m.base/nofp/crtbegin.o

.text.__pic32c_data_initialization%8
                0x000000000004026c       0x30
 .text.__pic32c_data_initialization
                0x000000000004026c       0x30 c:/program files/microchip/xc32/v4.45/bin/bin/../../lib/gcc/pic32c/8.3.1/../../../../pic32c/lib/thumb/v8-m.base/nofp\libpic32c.a(data_init.o)
                0x000000000004026c                __pic32c_data_initialization

.dinit%9        0x000000000004029c       0x30
 .dinit         0x000000000004029c       0x30 data_init

.text.__dinit_copy%10
                0x00000000000402cc       0x1e
 .text.__dinit_copy
                0x00000000000402cc       0x1e c:/program files/microchip/xc32/v4.45/bin/bin/../../lib/gcc/pic32c/8.3.1/../../../../pic32c/lib/thumb/v8-m.base/nofp\libpic32c.a(pic32_data_init_copy.o)
                0x00000000000402cc                __dinit_copy_needed
                0x00000000000402cc                __dinit_copy

.rodata%11      0x00000000000402ec       0x14
 .rodata        0x00000000000402ec       0x14 c:/program files/microchip/xc32/v4.45/bin/bin/../../lib/gcc/pic32c/8.3.1/../../../../pic32c/lib/thumb/v8-m.base/nofp\libpic32c.a(data_init.o)

.text.__dinit_clear%12
                0x0000000000040300       0x12
 .text.__dinit_clear
                0x0000000000040300       0x12 c:/program files/microchip/xc32/v4.45/bin/bin/../../lib/gcc/pic32c/8.3.1/../../../../pic32c/lib/thumb/v8-m.base/nofp\libpic32c.a(pic32_data_init_clear.o)
                0x0000000000040300                __dinit_clear
                0x0000000000040300                __dinit_clear_needed

.text.main%13   0x0000000000040312        0xa
 .text.main     0x0000000000040312        0xa build/default/production/_ext/1360937237/main.o
                0x0000000000040312                main

.text.SYS_Initialize%14
                0x000000000004031c        0x8
 .text.SYS_Initialize
                0x000000000004031c        0x8 build/default/production/_ext/1171490990/initialization.o
                0x000000000004031c                SYS_Initialize

.text.__dummy_decompress%15
                0x0000000000040324        0x4
 .text.__dummy_decompress
                0x0000000000040324        0x4 c:/program files/microchip/xc32/v4.45/bin/bin/../../lib/gcc/pic32c/8.3.1/../../../../pic32c/lib/thumb/v8-m.base/nofp\libpic32c.a(data_init.o)
                0x0000000000040324                __dinit_decompress
                0x0000000000040324                __dinit_copy_val_data
                0x0000000000040324                __dinit_copy_emb

.text.Dummy_Handler%16
                0x00000000000402ea        0x2
 .text.Dummy_Handler
                0x00000000000402ea        0x2 build/default/production/_ext/1171490990/interrupts.o
                0x00000000000402ea                SysTick_Handler
                0x00000000000402ea                PendSV_Handler
                0x00000000000402ea                Dummy_Handler
                0x00000000000402ea                SVCall_Handler

.text.Dummy_App_Func%17
                0x0000000000040328        0x2
 .text.Dummy_App_Func
                0x0000000000040328        0x2 build/default/production/_ext/1171490990/startup_xc32.o
                0x0000000000040328                _on_reset
                0x0000000000040328                _on_bootstrap
                0x0000000000040328                __xc32_on_reset
                0x0000000000040328                Dummy_App_Func
                0x0000000000040328                __xc32_on_bootstrap

.text.NonMaskableInt_Handler%18
                0x000000000004032a        0x2
 .text.NonMaskableInt_Handler
                0x000000000004032a        0x2 build/default/production/_ext/1171490990/exceptions.o
                0x000000000004032a                NonMaskableInt_Handler

.text.HardFault_Handler%19
                0x000000000004032c        0x2
 .text.HardFault_Handler
                0x000000000004032c        0x2 build/default/production/_ext/1171490990/exceptions.o
                0x000000000004032c                HardFault_Handler

.text.NVIC_Initialize%20
                0x000000000004032e        0x2
 .text.NVIC_Initialize
                0x000000000004032e        0x2 build/default/production/_ext/1865468468/plib_nvic.o
                0x000000000004032e                NVIC_Initialize

.text.__dummy%21
                0x0000000000040330        0x2
 .text.__dummy  0x0000000000040330        0x2 c:/program files/microchip/xc32/v4.45/bin/bin/../../lib/gcc/pic32c/8.3.1/../../../../pic32c/lib/thumb/v8-m.base/nofp\libc-musl.a(__libc_start_main.o)
                0x0000000000040330                __init_stdio
                0x0000000000040330                __init_host
