Archive member included to satisfy reference by file (symbol)

c:/program files/microchip/xc32/v4.45/bin/bin/../../lib/gcc/pic32c/8.3.1/../../../../pic32c/lib/thumb/v8-m.base/nofp\libpic32c.a(data_init.o)
                              build/default/production/_ext/1171490990/startup_xc32.o (__pic32c_data_initialization)
c:/program files/microchip/xc32/v4.45/bin/bin/../../lib/gcc/pic32c/8.3.1/../../../../pic32c/lib/thumb/v8-m.base/nofp\libc-size-musl.a(memcpy.o)
                              build/default/production/_ext/1593096446/plib_nvmctrl.o (memcpy)
c:/program files/microchip/xc32/v4.45/bin/bin/../../lib/gcc/pic32c/8.3.1/../../../../pic32c/lib/thumb/v8-m.base/nofp\libc-size-musl.a(memmove.o)
                              build/default/production/_ext/1360937237/main.o (memmove)
c:/program files/microchip/xc32/v4.45/bin/bin/../../lib/gcc/pic32c/8.3.1/../../../../pic32c/lib/thumb/v8-m.base/nofp\libc-size-musl.a(strncmp.o)
                              build/default/production/_ext/1360937237/main.o (strncmp)
c:/program files/microchip/xc32/v4.45/bin/bin/../../lib/gcc/pic32c/8.3.1/../../../../pic32c/lib/thumb/v8-m.base/nofp\libm-fast-emfloat.a(__aeabi_dmul_aux.o)
                              build/default/production/_ext/1360937237/main.o (__aeabi_dmul)
c:/program files/microchip/xc32/v4.45/bin/bin/../../lib/gcc/pic32c/8.3.1/../../../../pic32c/lib/thumb/v8-m.base/nofp\libm-fast-emfloat.a(__aeabi_d2uiz.o)
                              build/default/production/_ext/1360937237/main.o (__aeabi_d2uiz)
c:/program files/microchip/xc32/v4.45/bin/bin/../../lib/gcc/pic32c/8.3.1/../../../../pic32c/lib/thumb/v8-m.base/nofp\libm-fast-emfloat.a(__aeabi_ui2d.o)
                              build/default/production/_ext/1360937237/main.o (__aeabi_ui2d)
c:/program files/microchip/xc32/v4.45/bin/bin/../../lib/gcc/pic32c/8.3.1/../../../../pic32c/lib/thumb/v8-m.base/nofp\libc-musl.a(isxdigit.o)
                              build/default/production/_ext/1360937237/main.o (isxdigit)
c:/program files/microchip/xc32/v4.45/bin/bin/../../lib/gcc/pic32c/8.3.1/../../../../pic32c/lib/thumb/v8-m.base/nofp\libc-musl.a(__libc_start_main.o)
                              build/default/production/_ext/1171490990/startup_xc32.o (__libc_init_array)
c:/program files/microchip/xc32/v4.45/bin/bin/../../lib/gcc/pic32c/8.3.1/../../../../pic32c/lib/thumb/v8-m.base/nofp\libc-musl.a(libc.o)
                              c:/program files/microchip/xc32/v4.45/bin/bin/../../lib/gcc/pic32c/8.3.1/../../../../pic32c/lib/thumb/v8-m.base/nofp\libc-musl.a(__libc_start_main.o) (__progname_full)
c:/program files/microchip/xc32/v4.45/bin/bin/../../lib/gcc/pic32c/8.3.1/../../../../pic32c/lib/thumb/v8-m.base/nofp\libc-musl.a(strtol.o)
                              build/default/production/_ext/1360937237/main.o (strtoul)
c:/program files/microchip/xc32/v4.45/bin/bin/../../lib/gcc/pic32c/8.3.1/../../../../pic32c/lib/thumb/v8-m.base/nofp\libc-musl.a(__environ.o)
                              c:/program files/microchip/xc32/v4.45/bin/bin/../../lib/gcc/pic32c/8.3.1/../../../../pic32c/lib/thumb/v8-m.base/nofp\libc-musl.a(__libc_start_main.o) (__environ)
c:/program files/microchip/xc32/v4.45/bin/bin/../../lib/gcc/pic32c/8.3.1/../../../../pic32c/lib/thumb/v8-m.base/nofp\libc-musl.a(intscan.o)
                              c:/program files/microchip/xc32/v4.45/bin/bin/../../lib/gcc/pic32c/8.3.1/../../../../pic32c/lib/thumb/v8-m.base/nofp\libc-musl.a(strtol.o) (__intscan)
c:/program files/microchip/xc32/v4.45/bin/bin/../../lib/gcc/pic32c/8.3.1/../../../../pic32c/lib/thumb/v8-m.base/nofp\libc-musl.a(shgetc.o)
                              c:/program files/microchip/xc32/v4.45/bin/bin/../../lib/gcc/pic32c/8.3.1/../../../../pic32c/lib/thumb/v8-m.base/nofp\libc-musl.a(strtol.o) (__shlim)
c:/program files/microchip/xc32/v4.45/bin/bin/../../lib/gcc/pic32c/8.3.1/../../../../pic32c/lib/thumb/v8-m.base/nofp\libc-musl.a(__uflow.o)
                              c:/program files/microchip/xc32/v4.45/bin/bin/../../lib/gcc/pic32c/8.3.1/../../../../pic32c/lib/thumb/v8-m.base/nofp\libc-musl.a(shgetc.o) (__uflow)
c:/program files/microchip/xc32/v4.45/bin/bin/../../lib/gcc/pic32c/8.3.1/../../../../pic32c/lib/thumb/v8-m.base/nofp\libc-musl.a(__errno_location.o)
                              c:/program files/microchip/xc32/v4.45/bin/bin/../../lib/gcc/pic32c/8.3.1/../../../../pic32c/lib/thumb/v8-m.base/nofp\libc-musl.a(intscan.o) (__errno_val)
c:/program files/microchip/xc32/v4.45/bin/bin/../../lib/gcc/pic32c/8.3.1/../../../../pic32c/lib/thumb/v8-m.base/nofp\libc-musl.a(__toread.o)
                              c:/program files/microchip/xc32/v4.45/bin/bin/../../lib/gcc/pic32c/8.3.1/../../../../pic32c/lib/thumb/v8-m.base/nofp\libc-musl.a(__uflow.o) (__toread)
c:/program files/microchip/xc32/v4.45/bin/bin/../../lib/gcc/pic32c/8.3.1/../../../../pic32c/lib/thumb/v8-m.base/nofp\libc-musl.a(__stdio_exit.o)
[...]
Memory Configuration

Name             Origin             Length             Attributes
rom              0x0000000000000000 0x0000000000040000 xrl
rom_nsc          0x000000000003fe00 0x0000000000000200 xrl
ram              0x0000000020000000 0x0000000000008000 xw !r
config_00804000  0x0000000000804000 0x0000000000000004
config_00804004  0x0000000000804004 0x0000000000000004
config_00804008  0x0000000000804008 0x0000000000000004
config_0080400C  0x000000000080400c 0x0000000000000004
config_00804010  0x0000000000804010 0x0000000000000004
config_00804014  0x0000000000804014 0x0000000000000004
config_00804018  0x0000000000804018 0x0000000000000004
config_0080401C  0x000000000080401c 0x0000000000000004
config_00804020  0x0000000000804020 0x0000000000000004
*default*        0x0000000000000000 0xffffffffffffffff

Linker script and memory map

LOAD c:/program files/microchip/xc32/v4.45/bin/bin/../../lib/gcc/pic32c/8.3.1/thumb/v8-m.base/nofp/crti.o
LOAD c:/program files/microchip/xc32/v4.45/bin/bin/../../lib/gcc/pic32c/8.3.1/thumb/v8-m.base/nofp/crtbegin.o
LOAD build/default/production/_ext/1171490990/interrupts.o
LOAD build/default/production/_ext/1984496892/plib_clock.o
LOAD build/default/production/_ext/1903470166/nonsecure_entry.o
LOAD build/default/production/_ext/163028504/xc32_monitor.o
LOAD build/default/production/_ext/829342769/plib_pm.o
LOAD build/default/production/_ext/1171490990/exceptions.o
LOAD build/default/production/_ext/504274921/plib_sercom0_usart.o
LOAD build/default/production/_ext/1171490990/initialization.o
LOAD build/default/production/_ext/1360937237/main.o
LOAD build/default/production/_ext/1171490990/libc_syscalls.o
LOAD build/default/production/_ext/1865468468/plib_nvic.o
LOAD build/default/production/_ext/1171490990/startup_xc32.o
LOAD build/default/production/_ext/504274921/plib_sercom3_usart.o
LOAD build/default/production/_ext/1593096446/plib_nvmctrl.o
LOAD build/default/production/_ext/1986646378/plib_evsys.o
LOAD build/default/production/_ext/1865521619/plib_port.o
                0x0000000000000001                __MPLAB_BUILD = 0x1
                0x0000000000040000                __rom_end = (ORIGIN (rom) + LENGTH (rom))
                0x0000000000040000                __rom_nsc_end = (ORIGIN (rom_nsc) + LENGTH (rom_nsc))
                0x0000000020008000                __ram_end = (ORIGIN (ram) + LENGTH (ram))

.config_00804000
 *(.config_00804000)

.config_00804004
 *(.config_00804004)

.config_00804008
 *(.config_00804008)

.config_0080400C
 *(.config_0080400C)

.config_00804010
 *(.config_00804010)

.config_00804014
 *(.config_00804014)

.config_00804018
 *(.config_00804018)

.config_0080401C
 *(.config_0080401C)

.config_00804020
 *(.config_00804020)

.vectors        0x0000000000000000      0x2b8
                0x0000000000000000                . = ALIGN (0x4)
                0x0000000000000000                _sfixed = .
 *(.vectors .vectors.* .vectors_default .vectors_default.*)
 .vectors.exception_table
                0x0000000000000000      0x15c build/default/production/_ext/1171490990/interrupts.o
                0x0000000000000000                exception_table
 .vectors.default
                0x000000000000015c      0x15c C:\Users\Shaquil\AppData\Local\Temp\cczc5oKb.o
 *(.isr_vector)
 *(.reset*)
 *(.after_vectors)

.text           0x00000000000002b8       0x30
                0x00000000000002b8                . = ALIGN (0x4)
 *(.glue_7t)
 .glue_7t       0x00000000000002b8        0x0 linker stubs
 *(.glue_7)
 .glue_7        0x00000000000002b8        0x0 linker stubs
 *veneer.o(.text.*)
 *nonsecure_entry.o(.text.*)
 .text.secure_add
                0x00000000000002b8       0x10 build/default/production/_ext/1903470166/nonsecure_entry.o
                0x00000000000002b8                __acle_se_secure_add
 *(.gnu.linkonce.r.*)
 *(.ARM.extab* .gnu.linkonce.armextab.*)
                0x00000000000002c8                . = ALIGN (0x4)
 *(.init)
 .init          0x00000000000002c8        0x4 c:/program files/microchip/xc32/v4.45/bin/bin/../../lib/gcc/pic32c/8.3.1/thumb/v8-m.base/nofp/crti.o
                0x00000000000002c8                _init
 .init          0x00000000000002cc        0x8 c:/program files/microchip/xc32/v4.45/bin/bin/../../lib/gcc/pic32c/8.3.1/thumb/v8-m.base/nofp/crtn.o
                0x00000000000002d4                . = ALIGN (0x4)
                0x00000000000002d4                __preinit_array_start = .
 *(.preinit_array)
                0x00000000000002d4                __preinit_array_end = .
                0x00000000000002d4                . = ALIGN (0x4)
                0x00000000000002d4                __init_array_start = .
 *(SORT_BY_NAME(.init_array.*))
 *(.init_array)
 .init_array    0x00000000000002d4        0x4 c:/program files/microchip/xc32/v4.45/bin/bin/../../lib/gcc/pic32c/8.3.1/thumb/v8-m.base/nofp/crtbegin.o
                0x00000000000002d8                __init_array_end = .
                0x00000000000002d8                . = ALIGN (0x4)
 *crtbegin.o(.ctors)
 *(EXCLUDE_FILE(*crtend.o) .ctors)
 *(SORT_BY_NAME(.ctors.*))
 *crtend.o(.ctors)
                0x00000000000002d8                . = ALIGN (0x4)
 *(.fini)
 .fini          0x00000000000002d8        0x4 c:/program files/microchip/xc32/v4.45/bin/bin/../../lib/gcc/pic32c/8.3.1/thumb/v8-m.base/nofp/crti.o
                0x00000000000002d8                _fini
 .fini          0x00000000000002dc        0x8 c:/program files/microchip/xc32/v4.45/bin/bin/../../lib/gcc/pic32c/8.3.1/thumb/v8-m.base/nofp/crtn.o
                0x00000000000002e4                . = ALIGN (0x4)
                0x00000000000002e4                __fini_array_start = .
 *(.fini_array)
 .fini_array    0x00000000000002e4        0x4 c:/program files/microchip/xc32/v4.45/bin/bin/../../lib/gcc/pic32c/8.3.1/thumb/v8-m.base/nofp/crtbegin.o
 *(SORT_BY_NAME(.fini_array.*))
                0x00000000000002e8                __fini_array_end = .
 *crtbegin.o(.dtors)
 *(EXCLUDE_FILE(*crtend.o) .dtors)
 *(SORT_BY_NAME(.dtors.*))
 *crtend.o(.dtors)
                0x00000000000002e8                . = ALIGN (0x4)
                0x00000000000002e8                _efixed = .
                [!provide]                        PROVIDE (__exidx_start = .)

.ARM.exidx
 *(.ARM.exidx* .gnu.linkonce.armexidx.*)
                [!provide]                        PROVIDE (__exidx_end = .)
                0x00000000000002e8                . = ALIGN (0x4)
                0x00000000000002e8                _etext = .
                0x00000000000002e8                . = ALIGN (0x4)

.gnu.sgstubs    0x000000000003fe00        0x8
                0x000000000003fe00                _ssgstubs = .
 .gnu.sgstubs.__stub
                0x000000000003fe00        0x8 linker stubs
                0x000000000003fe00                secure_add

.bss            0x0000000020000000        0x0
                0x0000000020000000                . = ALIGN (0x4)
                0x0000000020000000                __bss_start__ = .
                0x0000000020000000                _sbss = .
                0x0000000020000000                _szero = .
 *(COMMON)
                0x0000000020000000                . = ALIGN (0x4)
                0x0000000020000000                __bss_end__ = .
                0x0000000020000000                _ebss = .
                0x0000000020000000                _ezero = .
                0x0000000020000000                . = ALIGN (0x4)
                0x0000000020000000                _end = .
                0x0000000020007fff                _ram_end_ = ((ORIGIN (ram) + LENGTH (ram)) - 0x1)
                0x0000000000000200                _min_heap_size = 0x200
LOAD C:\Users\Shaquil\AppData\Local\Temp\cczc5oKb.o
START GROUP
LOAD c:/program files/microchip/xc32/v4.45/bin/bin/../../lib/gcc/pic32c/8.3.1/../../../../pic32c/lib/thumb/v8-m.base/nofp\libpic32c.a
LOAD c:/program files/microchip/xc32/v4.45/bin/bin/../../lib/gcc/pic32c/8.3.1/../../../../pic32c/lib/thumb/v8-m.base/nofp\libc-size-musl.a
LOAD c:/program files/microchip/xc32/v4.45/bin/bin/../../lib/gcc/pic32c/8.3.1/../../../../pic32c/lib/thumb/v8-m.base/nofp\liblmalloc-musl.a
LOAD c:/program files/microchip/xc32/v4.45/bin/bin/../../lib/gcc/pic32c/8.3.1/../../../../pic32c/lib/thumb/v8-m.base/nofp\libm-fast-emfloat.a
LOAD c:/program files/microchip/xc32/v4.45/bin/bin/../../lib/gcc/pic32c/8.3.1/../../../../pic32c/lib/thumb/v8-m.base/nofp\libm-musl.a
LOAD c:/program files/microchip/xc32/v4.45/bin/bin/../../lib/gcc/pic32c/8.3.1/../../../../pic32c/lib/thumb/v8-m.base/nofp\libc-musl.a
LOAD c:/program files/microchip/xc32/v4.45/bin/bin/../../lib/gcc/pic32c/8.3.1/../../../../pic32c/lib/thumb/v8-m.base/nofp\libm-fast-emfloat.a
LOAD c:/program files/microchip/xc32/v4.45/bin/bin/../../lib/gcc/pic32c/8.3.1/../../../../pic32c/lib/thumb/v8-m.base/nofp\libm-musl.a
LOAD c:/program files/microchip/xc32/v4.45/bin/bin/../../lib/gcc/pic32c/8.3.1/thumb/v8-m.base/nofp\libgcc.a
END GROUP
LOAD c:/program files/microchip/xc32/v4.45/bin/bin/../../lib/gcc/pic32c/8.3.1/thumb/v8-m.base/nofp/crtend.o
LOAD c:/program files/microchip/xc32/v4.45/bin/bin/../../lib/gcc/pic32c/8.3.1/thumb/v8-m.base/nofp/crtn.o
OUTPUT(dist/default/production/NEO6MV2_secure.X.production.elf elf32-littlearm)
LOAD data_init
LOAD stack

.ARM.attributes
                0x0000000000000000       0x2e
 .ARM.attributes
                0x0000000000000000       0x22 c:/program files/microchip/xc32/v4.45/bin/bin/../../lib/gcc/pic32c/8.3.1/thumb/v8-m.base/nofp/crti.o
 .ARM.attributes
                0x0000000000000022       0x30 c:/program files/microchip/xc32/v4.45/bin/bin/../../lib/gcc/pic32c/8.3.1/thumb/v8-m.base/nofp/crtbegin.o
 .ARM.attributes
                0x0000000000000052       0x30 build/default/production/_ext/1171490990/interrupts.o
 .ARM.attributes
                0x0000000000000082       0x30 build/default/production/_ext/1984496892/plib_clock.o
 .ARM.attributes
                0x00000000000000b2       0x30 build/default/production/_ext/1903470166/nonsecure_entry.o
 .ARM.attributes
                0x00000000000000e2       0x30 build/default/production/_ext/829342769/plib_pm.o
 .ARM.attributes
                0x0000000000000112       0x30 build/default/production/_ext/1171490990/exceptions.o
 .ARM.attributes
                0x0000000000000142       0x30 build/default/production/_ext/504274921/plib_sercom0_usart.o
 .ARM.attributes
                0x0000000000000172       0x30 build/default/production/_ext/1171490990/initialization.o
 .ARM.attributes
                0x00000000000001a2       0x30 build/default/production/_ext/1360937237/main.o
 .ARM.attributes
                0x00000000000001d2       0x30 build/default/production/_ext/1865468468/plib_nvic.o
 .ARM.attributes
                0x0000000000000202       0x30 build/default/production/_ext/1171490990/startup_xc32.o
 .ARM.attributes
                0x0000000000000232       0x30 build/default/production/_ext/504274921/plib_sercom3_usart.o
 .ARM.attributes
                0x0000000000000262       0x30 build/default/production/_ext/1593096446/plib_nvmctrl.o
 .ARM.attributes
                0x0000000000000292       0x30 build/default/production/_ext/1986646378/plib_evsys.o
 .ARM.attributes
                0x00000000000002c2       0x30 build/default/production/_ext/1865521619/plib_port.o
 .ARM.attributes
                0x00000000000002f2       0x30 C:\Users\Shaquil\AppData\Local\Temp\cczc5oKb.o
 .ARM.attributes
                0x0000000000000322       0x30 c:/program files/microchip/xc32/v4.45/bin/bin/../../lib/gcc/pic32c/8.3.1/../../../../pic32c/lib/thumb/v8-m.base/nofp\libpic32c.a(data_init.o)
 .ARM.attributes
                0x0000000000000352       0x32 c:/program files/microchip/xc32/v4.45/bin/bin/../../lib/gcc/pic32c/8.3.1/../../../../pic32c/lib/thumb/v8-m.base/nofp\libc-size-musl.a(memmove.o)
 .ARM.attributes
                0x0000000000000384       0x32 c:/program files/microchip/xc32/v4.45/bin/bin/../../lib/gcc/pic32c/8.3.1/../../../../pic32c/lib/thumb/v8-m.base/nofp\libc-size-musl.a(strncmp.o)
 .ARM.attributes
                0x00000000000003b6       0x32 c:/program files/microchip/xc32/v4.45/bin/bin/../../lib/gcc/pic32c/8.3.1/../../../../pic32c/lib/thumb/v8-m.base/nofp\libc-musl.a(isxdigit.o)
 .ARM.attributes
                0x00000000000003e8       0x32 c:/program files/microchip/xc32/v4.45/bin/bin/../../lib/gcc/pic32c/8.3.1/../../../../pic32c/lib/thumb/v8-m.base/nofp\libc-musl.a(__libc_start_main.o)
 .ARM.attributes
                0x000000000000041a       0x32 c:/program files/microchip/xc32/v4.45/bin/bin/../../lib/gcc/pic32c/8.3.1/../../../../pic32c/lib/thumb/v8-m.base/nofp\libc-musl.a(libc.o)
 .ARM.attributes
                0x000000000000044c       0x32 c:/program files/microchip/xc32/v4.45/bin/bin/../../lib/gcc/pic32c/8.3.1/../../../../pic32c/lib/thumb/v8-m.base/nofp\libc-musl.a(strtol.o)
 .ARM.attributes
                0x000000000000047e       0x32 c:/program files/microchip/xc32/v4.45/bin/bin/../../lib/gcc/pic32c/8.3.1/../../../../pic32c/lib/thumb/v8-m.base/nofp\libc-musl.a(__environ.o)
 .ARM.attributes
                0x00000000000004b0       0x32 c:/program files/microchip/xc32/v4.45/bin/bin/../../lib/gcc/pic32c/8.3.1/../../../../pic32c/lib/thumb/v8-m.base/nofp\libc-musl.a(intscan.o)
 .ARM.attributes
                0x00000000000004e2       0x32 c:/program files/microchip/xc32/v4.45/bin/bin/../../lib/gcc/pic32c/8.3.1/../../../../pic32c/lib/thumb/v8-m.base/nofp\libc-musl.a(shgetc.o)
 .ARM.attributes
                0x0000000000000514       0x32 c:/program files/microchip/xc32/v4.45/bin/bin/../../lib/gcc/pic32c/8.3.1/../../../../pic32c/lib/thumb/v8-m.base/nofp\libc-musl.a(__uflow.o)
 .ARM.attributes
                0x0000000000000546       0x32 c:/program files/microchip/xc32/v4.45/bin/bin/../../lib/gcc/pic32c/8.3.1/../../../../pic32c/lib/thumb/v8-m.base/nofp\libc-musl.a(__errno_location.o)
 .ARM.attributes
                0x0000000000000578       0x32 c:/program files/microchip/xc32/v4.45/bin/bin/../../lib/gcc/pic32c/8.3.1/../../../../pic32c/lib/thumb/v8-m.base/nofp\libc-musl.a(__toread.o)
 .ARM.attributes
                0x00000000000005aa       0x22 c:/program files/microchip/xc32/v4.45/bin/bin/../../lib/gcc/pic32c/8.3.1/thumb/v8-m.base/nofp\libgcc.a(_lshrdi3.o)
 .ARM.attributes
                0x00000000000005cc       0x22 c:/program files/microchip/xc32/v4.45/bin/bin/../../lib/gcc/pic32c/8.3.1/thumb/v8-m.base/nofp\libgcc.a(_ashldi3.o)
 .ARM.attributes
                0x00000000000005ee       0x30 c:/program files/microchip/xc32/v4.45/bin/bin/../../lib/gcc/pic32c/8.3.1/thumb/v8-m.base/nofp\libgcc.a(_muldi3.o)
 .ARM.attributes
                0x000000000000061e       0x22 c:/program files/microchip/xc32/v4.45/bin/bin/../../lib/gcc/pic32c/8.3.1/thumb/v8-m.base/nofp/crtn.o
 .ARM.attributes
                0x0000000000000640       0x30 c:/program files/microchip/xc32/v4.45/bin/bin/../../lib/gcc/pic32c/8.3.1/../../../../pic32c/lib/thumb/v8-m.base/nofp\libpic32c.a(pic32_data_init_clear.o)
 .ARM.attributes
                0x0000000000000670       0x30 c:/program files/microchip/xc32/v4.45/bin/bin/../../lib/gcc/pic32c/8.3.1/../../../../pic32c/lib/thumb/v8-m.base/nofp\libpic32c.a(pic32_data_init_copy.o)

.comment        0x0000000000000000       0x2b
 .comment       0x0000000000000000       0x2b c:/program files/microchip/xc32/v4.45/bin/bin/../../lib/gcc/pic32c/8.3.1/thumb/v8-m.base/nofp/crtbegin.o
                                         0x2c (size before relaxing)
 .comment       0x000000000000002b       0x2c build/default/production/_ext/1171490990/interrupts.o
 .comment       0x000000000000002b       0x2c build/default/production/_ext/1984496892/plib_clock.o
 .comment       0x000000000000002b       0x2c build/default/production/_ext/1903470166/nonsecure_entry.o
 .comment       0x000000000000002b       0x2c build/default/production/_ext/829342769/plib_pm.o
 .comment       0x000000000000002b       0x2c build/default/production/_ext/1171490990/exceptions.o
 .comment       0x000000000000002b       0x2c build/default/production/_ext/504274921/plib_sercom0_usart.o
 .comment       0x000000000000002b       0x2c build/default/production/_ext/1171490990/initialization.o
 .comment       0x000000000000002b       0x2c build/default/production/_ext/1360937237/main.o
 .comment       0x000000000000002b       0x2c build/default/production/_ext/1865468468/plib_nvic.o
 .comment       0x000000000000002b       0x2c build/default/production/_ext/1171490990/startup_xc32.o
 .comment       0x000000000000002b       0x2c build/default/production/_ext/504274921/plib_sercom3_usart.o
 .comment       0x000000000000002b       0x2c build/default/production/_ext/1593096446/plib_nvmctrl.o
 .comment       0x000000000000002b       0x2c build/default/production/_ext/1986646378/plib_evsys.o
 .comment       0x000000000000002b       0x2c build/default/production/_ext/1865521619/plib_port.o
 .comment       0x000000000000002b       0x2c C:\Users\Shaquil\AppData\Local\Temp\cczc5oKb.o
 .comment       0x000000000000002b       0x2c c:/program files/microchip/xc32/v4.45/bin/bin/../../lib/gcc/pic32c/8.3.1/../../../../pic32c/lib/thumb/v8-m.base/nofp\libpic32c.a(data_init.o)
 .comment       0x000000000000002b       0x2c c:/program files/microchip/xc32/v4.45/bin/bin/../../lib/gcc/pic32c/8.3.1/../../../../pic32c/lib/thumb/v8-m.base/nofp\libc-size-musl.a(memmove.o)
 .comment       0x000000000000002b       0x2c c:/program files/microchip/xc32/v4.45/bin/bin/../../lib/gcc/pic32c/8.3.1/../../../../pic32c/lib/thumb/v8-m.base/nofp\libc-size-musl.a(strncmp.o)
 .comment       0x000000000000002b       0x2c c:/program files/microchip/xc32/v4.45/bin/bin/../../lib/gcc/pic32c/8.3.1/../../../../pic32c/lib/thumb/v8-m.base/nofp\libc-musl.a(isxdigit.o)
 .comment       0x000000000000002b       0x2c c:/program files/microchip/xc32/v4.45/bin/bin/../../lib/gcc/pic32c/8.3.1/../../../../pic32c/lib/thumb/v8-m.base/nofp\libc-musl.a(__libc_start_main.o)
 .comment       0x000000000000002b       0x2c c:/program files/microchip/xc32/v4.45/bin/bin/../../lib/gcc/pic32c/8.3.1/../../../../pic32c/lib/thumb/v8-m.base/nofp\libc-musl.a(libc.o)
 .comment       0x000000000000002b       0x2c c:/program files/microchip/xc32/v4.45/bin/bin/../../lib/gcc/pic32c/8.3.1/../../../../pic32c/lib/thumb/v8-m.base/nofp\libc-musl.a(strtol.o)
 .comment       0x000000000000002b       0x2c c:/program files/microchip/xc32/v4.45/bin/bin/../../lib/gcc/pic32c/8.3.1/../../../../pic32c/lib/thumb/v8-m.base/nofp\libc-musl.a(__environ.o)
 .comment       0x000000000000002b       0x2c c:/program files/microchip/xc32/v4.45/bin/bin/../../lib/gcc/pic32c/8.3.1/../../../../pic32c/lib/thumb/v8-m.base/nofp\libc-musl.a(intscan.o)
 .comment       0x000000000000002b       0x2c c:/program files/microchip/xc32/v4.45/bin/bin/../../lib/gcc/pic32c/8.3.1/../../../../pic32c/lib/thumb/v8-m.base/nofp\libc-musl.a(shgetc.o)
 .comment       0x000000000000002b       0x2c c:/program files/microchip/xc32/v4.45/bin/bin/../../lib/gcc/pic32c/8.3.1/../../../../pic32c/lib/thumb/v8-m.base/nofp\libc-musl.a(__uflow.o)
 .comment       0x000000000000002b       0x2c c:/program files/microchip/xc32/v4.45/bin/bin/../../lib/gcc/pic32c/8.3.1/../../../../pic32c/lib/thumb/v8-m.base/nofp\libc-musl.a(__errno_location.o)
 .comment       0x000000000000002b       0x2c c:/program files/microchip/xc32/v4.45/bin/bin/../../lib/gcc/pic32c/8.3.1/../../../../pic32c/lib/thumb/v8-m.base/nofp\libc-musl.a(__toread.o)
 .comment       0x000000000000002b       0x2c c:/program files/microchip/xc32/v4.45/bin/bin/../../lib/gcc/pic32c/8.3.1/thumb/v8-m.base/nofp\libgcc.a(_muldi3.o)
 .comment       0x000000000000002b       0x2c c:/program files/microchip/xc32/v4.45/bin/bin/../../lib/gcc/pic32c/8.3.1/../../../../pic32c/lib/thumb/v8-m.base/nofp\libpic32c.a(pic32_data_init_clear.o)
 .comment       0x000000000000002b       0x2c c:/program files/microchip/xc32/v4.45/bin/bin/../../lib/gcc/pic32c/8.3.1/../../../../pic32c/lib/thumb/v8-m.base/nofp\libpic32c.a(pic32_data_init_copy.o)

.debug_info     0x0000000000000000     0x8654
 .debug_info    0x0000000000000000      0x67c build/default/production/_ext/1171490990/interrupts.o
 .debug_info    0x000000000000067c      0x6c6 build/default/production/_ext/1984496892/plib_clock.o
 .debug_info    0x0000000000000d42       0x74 build/default/production/_ext/1903470166/nonsecure_entry.o
 .debug_info    0x0000000000000db6      0x23b build/default/production/_ext/829342769/plib_pm.o
 .debug_info    0x0000000000000ff1      0x116 build/default/production/_ext/1171490990/exceptions.o
 .debug_info    0x0000000000001107     0x1378 build/default/production/_ext/504274921/plib_sercom0_usart.o
 .debug_info    0x000000000000247f      0x3ee build/default/production/_ext/1171490990/initialization.o
 .debug_info    0x000000000000286d      0x979 build/default/production/_ext/1360937237/main.o
 .debug_info    0x00000000000031e6      0xb2e build/default/production/_ext/1865468468/plib_nvic.o
 .debug_info    0x0000000000003d14      0x205 build/default/production/_ext/1171490990/startup_xc32.o
 .debug_info    0x0000000000003f19     0x1378 build/default/production/_ext/504274921/plib_sercom3_usart.o
 .debug_info    0x0000000000005291      0x846 build/default/production/_ext/1593096446/plib_nvmctrl.o
 .debug_info    0x0000000000005ad7       0x9b build/default/production/_ext/1986646378/plib_evsys.o
 .debug_info    0x0000000000005b72      0x6d5 build/default/production/_ext/1865521619/plib_port.o
 .debug_info    0x0000000000006247       0x54 c:/program files/microchip/xc32/v4.45/bin/bin/../../lib/gcc/pic32c/8.3.1/../../../../pic32c/lib/thumb/v8-m.base/nofp\libpic32c.a(data_init.o)
 .debug_info    0x000000000000629b       0xe4 c:/program files/microchip/xc32/v4.45/bin/bin/../../lib/gcc/pic32c/8.3.1/../../../../pic32c/lib/thumb/v8-m.base/nofp\libc-size-musl.a(memmove.o)
 .debug_info    0x000000000000637f       0xe5 c:/program files/microchip/xc32/v4.45/bin/bin/../../lib/gcc/pic32c/8.3.1/../../../../pic32c/lib/thumb/v8-m.base/nofp\libc-size-musl.a(strncmp.o)
 .debug_info    0x0000000000006464      0x131 c:/program files/microchip/xc32/v4.45/bin/bin/../../lib/gcc/pic32c/8.3.1/../../../../pic32c/lib/thumb/v8-m.base/nofp\libc-musl.a(isxdigit.o)
 .debug_info    0x0000000000006595      0x2fb c:/program files/microchip/xc32/v4.45/bin/bin/../../lib/gcc/pic32c/8.3.1/../../../../pic32c/lib/thumb/v8-m.base/nofp\libc-musl.a(__libc_start_main.o)
 .debug_info    0x0000000000006890      0x276 c:/program files/microchip/xc32/v4.45/bin/bin/../../lib/gcc/pic32c/8.3.1/../../../../pic32c/lib/thumb/v8-m.base/nofp\libc-musl.a(libc.o)
 .debug_info    0x0000000000006b06      0x722 c:/program files/microchip/xc32/v4.45/bin/bin/../../lib/gcc/pic32c/8.3.1/../../../../pic32c/lib/thumb/v8-m.base/nofp\libc-musl.a(strtol.o)
 .debug_info    0x0000000000007228       0x97 c:/program files/microchip/xc32/v4.45/bin/bin/../../lib/gcc/pic32c/8.3.1/../../../../pic32c/lib/thumb/v8-m.base/nofp\libc-musl.a(__environ.o)
 .debug_info    0x00000000000072bf      0x596 c:/program files/microchip/xc32/v4.45/bin/bin/../../lib/gcc/pic32c/8.3.1/../../../../pic32c/lib/thumb/v8-m.base/nofp\libc-musl.a(intscan.o)
 .debug_info    0x0000000000007855      0x39c c:/program files/microchip/xc32/v4.45/bin/bin/../../lib/gcc/pic32c/8.3.1/../../../../pic32c/lib/thumb/v8-m.base/nofp\libc-musl.a(shgetc.o)
 .debug_info    0x0000000000007bf1      0x37c c:/program files/microchip/xc32/v4.45/bin/bin/../../lib/gcc/pic32c/8.3.1/../../../../pic32c/lib/thumb/v8-m.base/nofp\libc-musl.a(__uflow.o)
 .debug_info    0x0000000000007f6d       0x5b c:/program files/microchip/xc32/v4.45/bin/bin/../../lib/gcc/pic32c/8.3.1/../../../../pic32c/lib/thumb/v8-m.base/nofp\libc-musl.a(__errno_location.o)
 .debug_info    0x0000000000007fc8      0x37e c:/program files/microchip/xc32/v4.45/bin/bin/../../lib/gcc/pic32c/8.3.1/../../../../pic32c/lib/thumb/v8-m.base/nofp\libc-musl.a(__toread.o)
 .debug_info    0x0000000000008346       0x26 c:/program files/microchip/xc32/v4.45/bin/bin/../../lib/gcc/pic32c/8.3.1/thumb/v8-m.base/nofp\libgcc.a(_lshrdi3.o)
 .debug_info    0x000000000000836c       0x26 c:/program files/microchip/xc32/v4.45/bin/bin/../../lib/gcc/pic32c/8.3.1/thumb/v8-m.base/nofp\libgcc.a(_ashldi3.o)
 .debug_info    0x0000000000008392      0x243 c:/program files/microchip/xc32/v4.45/bin/bin/../../lib/gcc/pic32c/8.3.1/thumb/v8-m.base/nofp\libgcc.a(_muldi3.o)
 .debug_info    0x00000000000085d5       0x3f c:/program files/microchip/xc32/v4.45/bin/bin/../../lib/gcc/pic32c/8.3.1/../../../../pic32c/lib/thumb/v8-m.base/nofp\libpic32c.a(pic32_data_init_clear.o)
 .debug_info    0x0000000000008614       0x40 c:/program files/microchip/xc32/v4.45/bin/bin/../../lib/gcc/pic32c/8.3.1/../../../../pic32c/lib/thumb/v8-m.base/nofp\libpic32c.a(pic32_data_init_copy.o)

.debug_abbrev   0x0000000000000000     0x2282
 .debug_abbrev  0x0000000000000000       0xc0 build/default/production/_ext/1171490990/interrupts.o
 .debug_abbrev  0x00000000000000c0      0x14b build/default/production/_ext/1984496892/plib_clock.o
 .debug_abbrev  0x000000000000020b       0x53 build/default/production/_ext/1903470166/nonsecure_entry.o
 .debug_abbrev  0x000000000000025e      0x106 build/default/production/_ext/829342769/plib_pm.o
 .debug_abbrev  0x0000000000000364       0x49 build/default/production/_ext/1171490990/exceptions.o
 .debug_abbrev  0x00000000000003ad      0x318 build/default/production/_ext/504274921/plib_sercom0_usart.o
 .debug_abbrev  0x00000000000006c5       0xe0 build/default/production/_ext/1171490990/initialization.o
 .debug_abbrev  0x00000000000007a5      0x1d5 build/default/production/_ext/1360937237/main.o
 .debug_abbrev  0x000000000000097a      0x278 build/default/production/_ext/1865468468/plib_nvic.o
 .debug_abbrev  0x0000000000000bf2      0x118 build/default/production/_ext/1171490990/startup_xc32.o
 .debug_abbrev  0x0000000000000d0a      0x318 build/default/production/_ext/504274921/plib_sercom3_usart.o
 .debug_abbrev  0x0000000000001022      0x1cf build/default/production/_ext/1593096446/plib_nvmctrl.o
 .debug_abbrev  0x00000000000011f1       0x46 build/default/production/_ext/1986646378/plib_evsys.o
 .debug_abbrev  0x0000000000001237      0x206 build/default/production/_ext/1865521619/plib_port.o
 .debug_abbrev  0x000000000000143d       0x44 c:/program files/microchip/xc32/v4.45/bin/bin/../../lib/gcc/pic32c/8.3.1/../../../../pic32c/lib/thumb/v8-m.base/nofp\libpic32c.a(data_init.o)
 .debug_abbrev  0x0000000000001481       0xae c:/program files/microchip/xc32/v4.45/bin/bin/../../lib/gcc/pic32c/8.3.1/../../../../pic32c/lib/thumb/v8-m.base/nofp\libc-size-musl.a(memmove.o)
 .debug_abbrev  0x000000000000152f       0xa2 c:/program files/microchip/xc32/v4.45/bin/bin/../../lib/gcc/pic32c/8.3.1/../../../../pic32c/lib/thumb/v8-m.base/nofp\libc-size-musl.a(strncmp.o)
 .debug_abbrev  0x00000000000015d1       0xf4 c:/program files/microchip/xc32/v4.45/bin/bin/../../lib/gcc/pic32c/8.3.1/../../../../pic32c/lib/thumb/v8-m.base/nofp\libc-musl.a(isxdigit.o)
 .debug_abbrev  0x00000000000016c5      0x133 c:/program files/microchip/xc32/v4.45/bin/bin/../../lib/gcc/pic32c/8.3.1/../../../../pic32c/lib/thumb/v8-m.base/nofp\libc-musl.a(__libc_start_main.o)
 .debug_abbrev  0x00000000000017f8       0xd4 c:/program files/microchip/xc32/v4.45/bin/bin/../../lib/gcc/pic32c/8.3.1/../../../../pic32c/lib/thumb/v8-m.base/nofp\libc-musl.a(libc.o)
 .debug_abbrev  0x00000000000018cc      0x1a3 c:/program files/microchip/xc32/v4.45/bin/bin/../../lib/gcc/pic32c/8.3.1/../../../../pic32c/lib/thumb/v8-m.base/nofp\libc-musl.a(strtol.o)
 .debug_abbrev  0x0000000000001a6f       0x62 c:/program files/microchip/xc32/v4.45/bin/bin/../../lib/gcc/pic32c/8.3.1/../../../../pic32c/lib/thumb/v8-m.base/nofp\libc-musl.a(__environ.o)
 .debug_abbrev  0x0000000000001ad1      0x1fa c:/program files/microchip/xc32/v4.45/bin/bin/../../lib/gcc/pic32c/8.3.1/../../../../pic32c/lib/thumb/v8-m.base/nofp\libc-musl.a(intscan.o)
 .debug_abbrev  0x0000000000001ccb      0x166 c:/program files/microchip/xc32/v4.45/bin/bin/../../lib/gcc/pic32c/8.3.1/../../../../pic32c/lib/thumb/v8-m.base/nofp\libc-musl.a(shgetc.o)
 .debug_abbrev  0x0000000000001e31      0x141 c:/program files/microchip/xc32/v4.45/bin/bin/../../lib/gcc/pic32c/8.3.1/../../../../pic32c/lib/thumb/v8-m.base/nofp\libc-musl.a(__uflow.o)
 .debug_abbrev  0x0000000000001f72       0x39 c:/program files/microchip/xc32/v4.45/bin/bin/../../lib/gcc/pic32c/8.3.1/../../../../pic32c/lib/thumb/v8-m.base/nofp\libc-musl.a(__errno_location.o)
 .debug_abbrev  0x0000000000001fab      0x148 c:/program files/microchip/xc32/v4.45/bin/bin/../../lib/gcc/pic32c/8.3.1/../../../../pic32c/lib/thumb/v8-m.base/nofp\libc-musl.a(__toread.o)
 .debug_abbrev  0x00000000000020f3       0x14 c:/program files/microchip/xc32/v4.45/bin/bin/../../lib/gcc/pic32c/8.3.1/thumb/v8-m.base/nofp\libgcc.a(_lshrdi3.o)
 .debug_abbrev  0x0000000000002107       0x14 c:/program files/microchip/xc32/v4.45/bin/bin/../../lib/gcc/pic32c/8.3.1/thumb/v8-m.base/nofp\libgcc.a(_ashldi3.o)
 .debug_abbrev  0x000000000000211b      0x10b c:/program files/microchip/xc32/v4.45/bin/bin/../../lib/gcc/pic32c/8.3.1/thumb/v8-m.base/nofp\libgcc.a(_muldi3.o)
 .debug_abbrev  0x0000000000002226       0x2e c:/program files/microchip/xc32/v4.45/bin/bin/../../lib/gcc/pic32c/8.3.1/../../../../pic32c/lib/thumb/v8-m.base/nofp\libpic32c.a(pic32_data_init_clear.o)
 .debug_abbrev  0x0000000000002254       0x2e c:/program files/microchip/xc32/v4.45/bin/bin/../../lib/gcc/pic32c/8.3.1/../../../../pic32c/lib/thumb/v8-m.base/nofp\libpic32c.a(pic32_data_init_copy.o)

.debug_aranges  0x0000000000000000      0x750
 .debug_aranges
                0x0000000000000000       0x20 build/default/production/_ext/1171490990/interrupts.o
 .debug_aranges
                0x0000000000000020       0x20 build/default/production/_ext/1984496892/plib_clock.o
 .debug_aranges
                0x0000000000000040       0x20 build/default/production/_ext/1903470166/nonsecure_entry.o
 .debug_aranges
                0x0000000000000060       0x40 build/default/production/_ext/829342769/plib_pm.o
 .debug_aranges
                0x00000000000000a0       0x48 build/default/production/_ext/1171490990/exceptions.o
 .debug_aranges
                0x00000000000000e8       0xe0 build/default/production/_ext/504274921/plib_sercom0_usart.o
 .debug_aranges
                0x00000000000001c8       0x20 build/default/production/_ext/1171490990/initialization.o
 .debug_aranges
                0x00000000000001e8       0x58 build/default/production/_ext/1360937237/main.o
 .debug_aranges
                0x0000000000000240       0x48 build/default/production/_ext/1865468468/plib_nvic.o
 .debug_aranges
                0x0000000000000288       0x28 build/default/production/_ext/1171490990/startup_xc32.o
 .debug_aranges
                0x00000000000002b0       0xe0 build/default/production/_ext/504274921/plib_sercom3_usart.o
 .debug_aranges
                0x0000000000000390       0xb0 build/default/production/_ext/1593096446/plib_nvmctrl.o
 .debug_aranges
                0x0000000000000440       0x20 build/default/production/_ext/1986646378/plib_evsys.o
 .debug_aranges
                0x0000000000000460       0x70 build/default/production/_ext/1865521619/plib_port.o
 .debug_aranges
                0x00000000000004d0       0x28 c:/program files/microchip/xc32/v4.45/bin/bin/../../lib/gcc/pic32c/8.3.1/../../../../pic32c/lib/thumb/v8-m.base/nofp\libpic32c.a(data_init.o)
 .debug_aranges
                0x00000000000004f8       0x20 c:/program files/microchip/xc32/v4.45/bin/bin/../../lib/gcc/pic32c/8.3.1/../../../../pic32c/lib/thumb/v8-m.base/nofp\libc-size-musl.a(memmove.o)
 .debug_aranges
                0x0000000000000518       0x20 c:/program files/microchip/xc32/v4.45/bin/bin/../../lib/gcc/pic32c/8.3.1/../../../../pic32c/lib/thumb/v8-m.base/nofp\libc-size-musl.a(strncmp.o)
 .debug_aranges
                0x0000000000000538       0x28 c:/program files/microchip/xc32/v4.45/bin/bin/../../lib/gcc/pic32c/8.3.1/../../../../pic32c/lib/thumb/v8-m.base/nofp\libc-musl.a(isxdigit.o)
 .debug_aranges
                0x0000000000000560       0x28 c:/program files/microchip/xc32/v4.45/bin/bin/../../lib/gcc/pic32c/8.3.1/../../../../pic32c/lib/thumb/v8-m.base/nofp\libc-musl.a(__libc_start_main.o)
 .debug_aranges
                0x0000000000000588       0x18 c:/program files/microchip/xc32/v4.45/bin/bin/../../lib/gcc/pic32c/8.3.1/../../../../pic32c/lib/thumb/v8-m.base/nofp\libc-musl.a(libc.o)
 .debug_aranges
                0x00000000000005a0       0x50 c:/program files/microchip/xc32/v4.45/bin/bin/../../lib/gcc/pic32c/8.3.1/../../../../pic32c/lib/thumb/v8-m.base/nofp\libc-musl.a(strtol.o)
 .debug_aranges
                0x00000000000005f0       0x18 c:/program files/microchip/xc32/v4.45/bin/bin/../../lib/gcc/pic32c/8.3.1/../../../../pic32c/lib/thumb/v8-m.base/nofp\libc-musl.a(__environ.o)
 .debug_aranges
                0x0000000000000608       0x20 c:/program files/microchip/xc32/v4.45/bin/bin/../../lib/gcc/pic32c/8.3.1/../../../../pic32c/lib/thumb/v8-m.base/nofp\libc-musl.a(intscan.o)
 .debug_aranges
                0x0000000000000628       0x28 c:/program files/microchip/xc32/v4.45/bin/bin/../../lib/gcc/pic32c/8.3.1/../../../../pic32c/lib/thumb/v8-m.base/nofp\libc-musl.a(shgetc.o)
 .debug_aranges
                0x0000000000000650       0x20 c:/program files/microchip/xc32/v4.45/bin/bin/../../lib/gcc/pic32c/8.3.1/../../../../pic32c/lib/thumb/v8-m.base/nofp\libc-musl.a(__uflow.o)
 .debug_aranges
                0x0000000000000670       0x18 c:/program files/microchip/xc32/v4.45/bin/bin/../../lib/gcc/pic32c/8.3.1/../../../../pic32c/lib/thumb/v8-m.base/nofp\libc-musl.a(__errno_location.o)
 .debug_aranges
                0x0000000000000688       0x28 c:/program files/microchip/xc32/v4.45/bin/bin/../../lib/gcc/pic32c/8.3.1/../../../../pic32c/lib/thumb/v8-m.base/nofp\libc-musl.a(__toread.o)
 .debug_aranges
                0x00000000000006b0       0x20 c:/program files/microchip/xc32/v4.45/bin/bin/../../lib/gcc/pic32c/8.3.1/thumb/v8-m.base/nofp\libgcc.a(_lshrdi3.o)
 .debug_aranges
                0x00000000000006d0       0x20 c:/program files/microchip/xc32/v4.45/bin/bin/../../lib/gcc/pic32c/8.3.1/thumb/v8-m.base/nofp\libgcc.a(_ashldi3.o)
 .debug_aranges
                0x00000000000006f0       0x20 c:/program files/microchip/xc32/v4.45/bin/bin/../../lib/gcc/pic32c/8.3.1/thumb/v8-m.base/nofp\libgcc.a(_muldi3.o)
 .debug_aranges
                0x0000000000000710       0x20 c:/program files/microchip/xc32/v4.45/bin/bin/../../lib/gcc/pic32c/8.3.1/../../../../pic32c/lib/thumb/v8-m.base/nofp\libpic32c.a(pic32_data_init_clear.o)
 .debug_aranges
                0x0000000000000730       0x20 c:/program files/microchip/xc32/v4.45/bin/bin/../../lib/gcc/pic32c/8.3.1/../../../../pic32c/lib/thumb/v8-m.base/nofp\libpic32c.a(pic32_data_init_copy.o)

.debug_ranges   0x0000000000000000      0x678
 .debug_ranges  0x0000000000000000       0x10 build/default/production/_ext/1171490990/interrupts.o
 .debug_ranges  0x0000000000000010       0x10 build/default/production/_ext/1984496892/plib_clock.o
 .debug_ranges  0x0000000000000020       0x10 build/default/production/_ext/1903470166/nonsecure_entry.o
 .debug_ranges  0x0000000000000030       0x30 build/default/production/_ext/829342769/plib_pm.o
 .debug_ranges  0x0000000000000060       0x38 build/default/production/_ext/1171490990/exceptions.o
 .debug_ranges  0x0000000000000098      0x120 build/default/production/_ext/504274921/plib_sercom0_usart.o
 .debug_ranges  0x00000000000001b8       0x10 build/default/production/_ext/1171490990/initialization.o
 .debug_ranges  0x00000000000001c8       0xb8 build/default/production/_ext/1360937237/main.o
 .debug_ranges  0x0000000000000280       0x50 build/default/production/_ext/1865468468/plib_nvic.o
 .debug_ranges  0x00000000000002d0       0x18 build/default/production/_ext/1171490990/startup_xc32.o
 .debug_ranges  0x00000000000002e8      0x120 build/default/production/_ext/504274921/plib_sercom3_usart.o
 .debug_ranges  0x0000000000000408       0xa0 build/default/production/_ext/1593096446/plib_nvmctrl.o
 .debug_ranges  0x00000000000004a8       0x10 build/default/production/_ext/1986646378/plib_evsys.o
 .debug_ranges  0x00000000000004b8       0x60 build/default/production/_ext/1865521619/plib_port.o
 .debug_ranges  0x0000000000000518       0x18 c:/program files/microchip/xc32/v4.45/bin/bin/../../lib/gcc/pic32c/8.3.1/../../../../pic32c/lib/thumb/v8-m.base/nofp\libpic32c.a(data_init.o)
 .debug_ranges  0x0000000000000530       0x10 c:/program files/microchip/xc32/v4.45/bin/bin/../../lib/gcc/pic32c/8.3.1/../../../../pic32c/lib/thumb/v8-m.base/nofp\libc-size-musl.a(memmove.o)
 .debug_ranges  0x0000000000000540       0x10 c:/program files/microchip/xc32/v4.45/bin/bin/../../lib/gcc/pic32c/8.3.1/../../../../pic32c/lib/thumb/v8-m.base/nofp\libc-size-musl.a(strncmp.o)
 .debug_ranges  0x0000000000000550       0x18 c:/program files/microchip/xc32/v4.45/bin/bin/../../lib/gcc/pic32c/8.3.1/../../../../pic32c/lib/thumb/v8-m.base/nofp\libc-musl.a(isxdigit.o)
 .debug_ranges  0x0000000000000568       0x38 c:/program files/microchip/xc32/v4.45/bin/bin/../../lib/gcc/pic32c/8.3.1/../../../../pic32c/lib/thumb/v8-m.base/nofp\libc-musl.a(__libc_start_main.o)
 .debug_ranges  0x00000000000005a0       0x40 c:/program files/microchip/xc32/v4.45/bin/bin/../../lib/gcc/pic32c/8.3.1/../../../../pic32c/lib/thumb/v8-m.base/nofp\libc-musl.a(strtol.o)
 .debug_ranges  0x00000000000005e0       0x10 c:/program files/microchip/xc32/v4.45/bin/bin/../../lib/gcc/pic32c/8.3.1/../../../../pic32c/lib/thumb/v8-m.base/nofp\libc-musl.a(intscan.o)
 .debug_ranges  0x00000000000005f0       0x18 c:/program files/microchip/xc32/v4.45/bin/bin/../../lib/gcc/pic32c/8.3.1/../../../../pic32c/lib/thumb/v8-m.base/nofp\libc-musl.a(shgetc.o)
 .debug_ranges  0x0000000000000608       0x10 c:/program files/microchip/xc32/v4.45/bin/bin/../../lib/gcc/pic32c/8.3.1/../../../../pic32c/lib/thumb/v8-m.base/nofp\libc-musl.a(__uflow.o)
 .debug_ranges  0x0000000000000618       0x18 c:/program files/microchip/xc32/v4.45/bin/bin/../../lib/gcc/pic32c/8.3.1/../../../../pic32c/lib/thumb/v8-m.base/nofp\libc-musl.a(__toread.o)
 .debug_ranges  0x0000000000000630       0x28 c:/program files/microchip/xc32/v4.45/bin/bin/../../lib/gcc/pic32c/8.3.1/thumb/v8-m.base/nofp\libgcc.a(_muldi3.o)
 .debug_ranges  0x0000000000000658       0x10 c:/program files/microchip/xc32/v4.45/bin/bin/../../lib/gcc/pic32c/8.3.1/../../../../pic32c/lib/thumb/v8-m.base/nofp\libpic32c.a(pic32_data_init_clear.o)
 .debug_ranges  0x0000000000000668       0x10 c:/program files/microchip/xc32/v4.45/bin/bin/../../lib/gcc/pic32c/8.3.1/../../../../pic32c/lib/thumb/v8-m.base/nofp\libpic32c.a(pic32_data_init_copy.o)

.debug_line     0x0000000000000000     0x4989
 .debug_line    0x0000000000000000       0xba build/default/production/_ext/1171490990/interrupts.o
 .debug_line    0x00000000000000ba      0x213 build/default/production/_ext/1984496892/plib_clock.o
 .debug_line    0x00000000000002cd       0x5f build/default/production/_ext/1903470166/nonsecure_entry.o
 .debug_line    0x000000000000032c      0x234 build/default/production/_ext/829342769/plib_pm.o
 .debug_line    0x0000000000000560       0xc6 build/default/production/_ext/1171490990/exceptions.o
 .debug_line    0x0000000000000626      0x9f6 build/default/production/_ext/504274921/plib_sercom0_usart.o
 .debug_line    0x000000000000101c      0x29c build/default/production/_ext/1171490990/initialization.o
 .debug_line    0x00000000000012b8      0x590 build/default/production/_ext/1360937237/main.o
 .debug_line    0x0000000000001848      0x579 build/default/production/_ext/1865468468/plib_nvic.o
 .debug_line    0x0000000000001dc1      0x157 build/default/production/_ext/1171490990/startup_xc32.o
 .debug_line    0x0000000000001f18      0x9f6 build/default/production/_ext/504274921/plib_sercom3_usart.o
 .debug_line    0x000000000000290e      0x49a build/default/production/_ext/1593096446/plib_nvmctrl.o
 .debug_line    0x0000000000002da8       0x66 build/default/production/_ext/1986646378/plib_evsys.o
 .debug_line    0x0000000000002e0e      0x2ea build/default/production/_ext/1865521619/plib_port.o
 .debug_line    0x00000000000030f8       0x8e c:/program files/microchip/xc32/v4.45/bin/bin/../../lib/gcc/pic32c/8.3.1/../../../../pic32c/lib/thumb/v8-m.base/nofp\libpic32c.a(data_init.o)
 .debug_line    0x0000000000003186      0x10f c:/program files/microchip/xc32/v4.45/bin/bin/../../lib/gcc/pic32c/8.3.1/../../../../pic32c/lib/thumb/v8-m.base/nofp\libc-size-musl.a(memmove.o)
 .debug_line    0x0000000000003295       0xec c:/program files/microchip/xc32/v4.45/bin/bin/../../lib/gcc/pic32c/8.3.1/../../../../pic32c/lib/thumb/v8-m.base/nofp\libc-size-musl.a(strncmp.o)
 .debug_line    0x0000000000003381      0x16b c:/program files/microchip/xc32/v4.45/bin/bin/../../lib/gcc/pic32c/8.3.1/../../../../pic32c/lib/thumb/v8-m.base/nofp\libc-musl.a(isxdigit.o)
 .debug_line    0x00000000000034ec      0x1bf c:/program files/microchip/xc32/v4.45/bin/bin/../../lib/gcc/pic32c/8.3.1/../../../../pic32c/lib/thumb/v8-m.base/nofp\libc-musl.a(__libc_start_main.o)
 .debug_line    0x00000000000036ab       0xb5 c:/program files/microchip/xc32/v4.45/bin/bin/../../lib/gcc/pic32c/8.3.1/../../../../pic32c/lib/thumb/v8-m.base/nofp\libc-musl.a(libc.o)
 .debug_line    0x0000000000003760      0x2ca c:/program files/microchip/xc32/v4.45/bin/bin/../../lib/gcc/pic32c/8.3.1/../../../../pic32c/lib/thumb/v8-m.base/nofp\libc-musl.a(strtol.o)
 .debug_line    0x0000000000003a2a       0xfb c:/program files/microchip/xc32/v4.45/bin/bin/../../lib/gcc/pic32c/8.3.1/../../../../pic32c/lib/thumb/v8-m.base/nofp\libc-musl.a(__environ.o)
 .debug_line    0x0000000000003b25      0x4cd c:/program files/microchip/xc32/v4.45/bin/bin/../../lib/gcc/pic32c/8.3.1/../../../../pic32c/lib/thumb/v8-m.base/nofp\libc-musl.a(intscan.o)
 .debug_line    0x0000000000003ff2      0x201 c:/program files/microchip/xc32/v4.45/bin/bin/../../lib/gcc/pic32c/8.3.1/../../../../pic32c/lib/thumb/v8-m.base/nofp\libc-musl.a(shgetc.o)
 .debug_line    0x00000000000041f3      0x1bf c:/program files/microchip/xc32/v4.45/bin/bin/../../lib/gcc/pic32c/8.3.1/../../../../pic32c/lib/thumb/v8-m.base/nofp\libc-musl.a(__uflow.o)
 .debug_line    0x00000000000043b2       0x9a c:/program files/microchip/xc32/v4.45/bin/bin/../../lib/gcc/pic32c/8.3.1/../../../../pic32c/lib/thumb/v8-m.base/nofp\libc-musl.a(__errno_location.o)
 .debug_line    0x000000000000444c      0x227 c:/program files/microchip/xc32/v4.45/bin/bin/../../lib/gcc/pic32c/8.3.1/../../../../pic32c/lib/thumb/v8-m.base/nofp\libc-musl.a(__toread.o)
 .debug_line    0x0000000000004673       0x9c c:/program files/microchip/xc32/v4.45/bin/bin/../../lib/gcc/pic32c/8.3.1/thumb/v8-m.base/nofp\libgcc.a(_lshrdi3.o)
 .debug_line    0x000000000000470f       0x9c c:/program files/microchip/xc32/v4.45/bin/bin/../../lib/gcc/pic32c/8.3.1/thumb/v8-m.base/nofp\libgcc.a(_ashldi3.o)
 .debug_line    0x00000000000047ab       0xe7 c:/program files/microchip/xc32/v4.45/bin/bin/../../lib/gcc/pic32c/8.3.1/thumb/v8-m.base/nofp\libgcc.a(_muldi3.o)
 .debug_line    0x0000000000004892       0x6f c:/program files/microchip/xc32/v4.45/bin/bin/../../lib/gcc/pic32c/8.3.1/../../../../pic32c/lib/thumb/v8-m.base/nofp\libpic32c.a(pic32_data_init_clear.o)
 .debug_line    0x0000000000004901       0x88 c:/program files/microchip/xc32/v4.45/bin/bin/../../lib/gcc/pic32c/8.3.1/../../../../pic32c/lib/thumb/v8-m.base/nofp\libpic32c.a(pic32_data_init_copy.o)

.debug_str      0x0000000000000000     0x8956
 .debug_str     0x0000000000000000      0x9de build/default/production/_ext/1171490990/interrupts.o
 .debug_str     0x00000000000009de      0x723 build/default/production/_ext/1984496892/plib_clock.o
 .debug_str     0x0000000000001101      0x254 build/default/production/_ext/1903470166/nonsecure_entry.o
 .debug_str     0x0000000000001355      0x40a build/default/production/_ext/829342769/plib_pm.o
 .debug_str     0x000000000000175f      0x366 build/default/production/_ext/1171490990/exceptions.o
 .debug_str     0x0000000000001ac5      0xaff build/default/production/_ext/504274921/plib_sercom0_usart.o
 .debug_str     0x00000000000025c4      0x51f build/default/production/_ext/1171490990/initialization.o
 .debug_str     0x0000000000002ae3      0x67a build/default/production/_ext/1360937237/main.o
 .debug_str     0x000000000000315d      0x952 build/default/production/_ext/1865468468/plib_nvic.o
 .debug_str     0x0000000000003aaf      0x385 build/default/production/_ext/1171490990/startup_xc32.o
 .debug_str     0x0000000000003e34      0xaff build/default/production/_ext/504274921/plib_sercom3_usart.o
 .debug_str     0x0000000000004933      0x786 build/default/production/_ext/1593096446/plib_nvmctrl.o
 .debug_str     0x00000000000050b9      0x307 build/default/production/_ext/1986646378/plib_evsys.o
 .debug_str     0x00000000000053c0      0x813 build/default/production/_ext/1865521619/plib_port.o
 .debug_str     0x0000000000005bd3      0x1f8 c:/program files/microchip/xc32/v4.45/bin/bin/../../lib/gcc/pic32c/8.3.1/../../../../pic32c/lib/thumb/v8-m.base/nofp\libpic32c.a(data_init.o)
 .debug_str     0x0000000000005dcb      0x239 c:/program files/microchip/xc32/v4.45/bin/bin/../../lib/gcc/pic32c/8.3.1/../../../../pic32c/lib/thumb/v8-m.base/nofp\libc-size-musl.a(memmove.o)
 .debug_str     0x0000000000006004      0x223 c:/program files/microchip/xc32/v4.45/bin/bin/../../lib/gcc/pic32c/8.3.1/../../../../pic32c/lib/thumb/v8-m.base/nofp\libc-size-musl.a(strncmp.o)
 .debug_str     0x0000000000006227      0x259 c:/program files/microchip/xc32/v4.45/bin/bin/../../lib/gcc/pic32c/8.3.1/../../../../pic32c/lib/thumb/v8-m.base/nofp\libc-musl.a(isxdigit.o)
 .debug_str     0x0000000000006480      0x3d7 c:/program files/microchip/xc32/v4.45/bin/bin/../../lib/gcc/pic32c/8.3.1/../../../../pic32c/lib/thumb/v8-m.base/nofp\libc-musl.a(__libc_start_main.o)
 .debug_str     0x0000000000006857      0x342 c:/program files/microchip/xc32/v4.45/bin/bin/../../lib/gcc/pic32c/8.3.1/../../../../pic32c/lib/thumb/v8-m.base/nofp\libc-musl.a(libc.o)
 .debug_str     0x0000000000006b99      0x39d c:/program files/microchip/xc32/v4.45/bin/bin/../../lib/gcc/pic32c/8.3.1/../../../../pic32c/lib/thumb/v8-m.base/nofp\libc-musl.a(strtol.o)
 .debug_str     0x0000000000006f36      0x242 c:/program files/microchip/xc32/v4.45/bin/bin/../../lib/gcc/pic32c/8.3.1/../../../../pic32c/lib/thumb/v8-m.base/nofp\libc-musl.a(__environ.o)
 .debug_str     0x0000000000007178      0x377 c:/program files/microchip/xc32/v4.45/bin/bin/../../lib/gcc/pic32c/8.3.1/../../../../pic32c/lib/thumb/v8-m.base/nofp\libc-musl.a(intscan.o)
 .debug_str     0x00000000000074ef      0x34e c:/program files/microchip/xc32/v4.45/bin/bin/../../lib/gcc/pic32c/8.3.1/../../../../pic32c/lib/thumb/v8-m.base/nofp\libc-musl.a(shgetc.o)
 .debug_str     0x000000000000783d      0x344 c:/program files/microchip/xc32/v4.45/bin/bin/../../lib/gcc/pic32c/8.3.1/../../../../pic32c/lib/thumb/v8-m.base/nofp\libc-musl.a(__uflow.o)
 .debug_str     0x0000000000007b81      0x236 c:/program files/microchip/xc32/v4.45/bin/bin/../../lib/gcc/pic32c/8.3.1/../../../../pic32c/lib/thumb/v8-m.base/nofp\libc-musl.a(__errno_location.o)
 .debug_str     0x0000000000007db7      0x36b c:/program files/microchip/xc32/v4.45/bin/bin/../../lib/gcc/pic32c/8.3.1/../../../../pic32c/lib/thumb/v8-m.base/nofp\libc-musl.a(__toread.o)
 .debug_str     0x0000000000008122       0xdb c:/program files/microchip/xc32/v4.45/bin/bin/../../lib/gcc/pic32c/8.3.1/thumb/v8-m.base/nofp\libgcc.a(_lshrdi3.o)
 .debug_str     0x00000000000081fd       0xdb c:/program files/microchip/xc32/v4.45/bin/bin/../../lib/gcc/pic32c/8.3.1/thumb/v8-m.base/nofp\libgcc.a(_ashldi3.o)
 .debug_str     0x00000000000082d8      0x2bc c:/program files/microchip/xc32/v4.45/bin/bin/../../lib/gcc/pic32c/8.3.1/thumb/v8-m.base/nofp\libgcc.a(_muldi3.o)
 .debug_str     0x0000000000008594      0x1e2 c:/program files/microchip/xc32/v4.45/bin/bin/../../lib/gcc/pic32c/8.3.1/../../../../pic32c/lib/thumb/v8-m.base/nofp\libpic32c.a(pic32_data_init_clear.o)
 .debug_str     0x0000000000008776      0x1e0 c:/program files/microchip/xc32/v4.45/bin/bin/../../lib/gcc/pic32c/8.3.1/../../../../pic32c/lib/thumb/v8-m.base/nofp\libpic32c.a(pic32_data_init_copy.o)

.debug_frame    0x0000000000000000      0xc88
 .debug_frame   0x0000000000000000       0x20 build/default/production/_ext/1171490990/interrupts.o
 .debug_frame   0x0000000000000020       0x20 build/default/production/_ext/1984496892/plib_clock.o
 .debug_frame   0x0000000000000040       0x20 build/default/production/_ext/1903470166/nonsecure_entry.o
 .debug_frame   0x0000000000000060       0x60 build/default/production/_ext/829342769/plib_pm.o
 .debug_frame   0x00000000000000c0       0x70 build/default/production/_ext/1171490990/exceptions.o
 .debug_frame   0x0000000000000130      0x1e8 build/default/production/_ext/504274921/plib_sercom0_usart.o
 .debug_frame   0x0000000000000318       0x28 build/default/production/_ext/1171490990/initialization.o
 .debug_frame   0x0000000000000340       0xe0 build/default/production/_ext/1360937237/main.o
 .debug_frame   0x0000000000000420       0x90 build/default/production/_ext/1865468468/plib_nvic.o
 .debug_frame   0x00000000000004b0       0x38 build/default/production/_ext/1171490990/startup_xc32.o
 .debug_frame   0x00000000000004e8      0x1e8 build/default/production/_ext/504274921/plib_sercom3_usart.o
 .debug_frame   0x00000000000006d0      0x17c build/default/production/_ext/1593096446/plib_nvmctrl.o
 .debug_frame   0x000000000000084c       0x20 build/default/production/_ext/1986646378/plib_evsys.o
 .debug_frame   0x000000000000086c       0xe0 build/default/production/_ext/1865521619/plib_port.o
 .debug_frame   0x000000000000094c       0x38 c:/program files/microchip/xc32/v4.45/bin/bin/../../lib/gcc/pic32c/8.3.1/../../../../pic32c/lib/thumb/v8-m.base/nofp\libpic32c.a(data_init.o)
 .debug_frame   0x0000000000000984       0x28 c:/program files/microchip/xc32/v4.45/bin/bin/../../lib/gcc/pic32c/8.3.1/../../../../pic32c/lib/thumb/v8-m.base/nofp\libc-size-musl.a(memmove.o)
 .debug_frame   0x00000000000009ac       0x2c c:/program files/microchip/xc32/v4.45/bin/bin/../../lib/gcc/pic32c/8.3.1/../../../../pic32c/lib/thumb/v8-m.base/nofp\libc-size-musl.a(strncmp.o)
 .debug_frame   0x00000000000009d8       0x38 c:/program files/microchip/xc32/v4.45/bin/bin/../../lib/gcc/pic32c/8.3.1/../../../../pic32c/lib/thumb/v8-m.base/nofp\libc-musl.a(isxdigit.o)
 .debug_frame   0x0000000000000a10       0x38 c:/program files/microchip/xc32/v4.45/bin/bin/../../lib/gcc/pic32c/8.3.1/../../../../pic32c/lib/thumb/v8-m.base/nofp\libc-musl.a(__libc_start_main.o)
 .debug_frame   0x0000000000000a48       0xe0 c:/program files/microchip/xc32/v4.45/bin/bin/../../lib/gcc/pic32c/8.3.1/../../../../pic32c/lib/thumb/v8-m.base/nofp\libc-musl.a(strtol.o)
 .debug_frame   0x0000000000000b28       0x30 c:/program files/microchip/xc32/v4.45/bin/bin/../../lib/gcc/pic32c/8.3.1/../../../../pic32c/lib/thumb/v8-m.base/nofp\libc-musl.a(intscan.o)
 .debug_frame   0x0000000000000b58       0x44 c:/program files/microchip/xc32/v4.45/bin/bin/../../lib/gcc/pic32c/8.3.1/../../../../pic32c/lib/thumb/v8-m.base/nofp\libc-musl.a(shgetc.o)
 .debug_frame   0x0000000000000b9c       0x30 c:/program files/microchip/xc32/v4.45/bin/bin/../../lib/gcc/pic32c/8.3.1/../../../../pic32c/lib/thumb/v8-m.base/nofp\libc-musl.a(__uflow.o)
 .debug_frame   0x0000000000000bcc       0x40 c:/program files/microchip/xc32/v4.45/bin/bin/../../lib/gcc/pic32c/8.3.1/../../../../pic32c/lib/thumb/v8-m.base/nofp\libc-musl.a(__toread.o)
 .debug_frame   0x0000000000000c0c       0x34 c:/program files/microchip/xc32/v4.45/bin/bin/../../lib/gcc/pic32c/8.3.1/thumb/v8-m.base/nofp\libgcc.a(_muldi3.o)
 .debug_frame   0x0000000000000c40       0x20 c:/program files/microchip/xc32/v4.45/bin/bin/../../lib/gcc/pic32c/8.3.1/../../../../pic32c/lib/thumb/v8-m.base/nofp\libpic32c.a(pic32_data_init_clear.o)
 .debug_frame   0x0000000000000c60       0x28 c:/program files/microchip/xc32/v4.45/bin/bin/../../lib/gcc/pic32c/8.3.1/../../../../pic32c/lib/thumb/v8-m.base/nofp\libpic32c.a(pic32_data_init_copy.o)

.debug_loc      0x0000000000000000     0x3472
 .debug_loc     0x0000000000000000       0x20 build/default/production/_ext/1984496892/plib_clock.o
 .debug_loc     0x0000000000000020       0x4a build/default/production/_ext/1903470166/nonsecure_entry.o
 .debug_loc     0x000000000000006a       0x63 build/default/production/_ext/829342769/plib_pm.o
 .debug_loc     0x00000000000000cd      0x768 build/default/production/_ext/504274921/plib_sercom0_usart.o
 .debug_loc     0x0000000000000835       0x45 build/default/production/_ext/1171490990/initialization.o
 .debug_loc     0x000000000000087a      0x56b build/default/production/_ext/1360937237/main.o
 .debug_loc     0x0000000000000de5      0x36b build/default/production/_ext/1865468468/plib_nvic.o
 .debug_loc     0x0000000000001150       0x20 build/default/production/_ext/1171490990/startup_xc32.o
 .debug_loc     0x0000000000001170      0x768 build/default/production/_ext/504274921/plib_sercom3_usart.o
 .debug_loc     0x00000000000018d8      0x64d build/default/production/_ext/1593096446/plib_nvmctrl.o
 .debug_loc     0x0000000000001f25      0x2bb build/default/production/_ext/1865521619/plib_port.o
 .debug_loc     0x00000000000021e0       0x14 c:/program files/microchip/xc32/v4.45/bin/bin/../../lib/gcc/pic32c/8.3.1/../../../../pic32c/lib/thumb/v8-m.base/nofp\libpic32c.a(data_init.o)
 .debug_loc     0x00000000000021f4      0x1cd c:/program files/microchip/xc32/v4.45/bin/bin/../../lib/gcc/pic32c/8.3.1/../../../../pic32c/lib/thumb/v8-m.base/nofp\libc-size-musl.a(memmove.o)
 .debug_loc     0x00000000000023c1       0xec c:/program files/microchip/xc32/v4.45/bin/bin/../../lib/gcc/pic32c/8.3.1/../../../../pic32c/lib/thumb/v8-m.base/nofp\libc-size-musl.a(strncmp.o)
 .debug_loc     0x00000000000024ad       0x9c c:/program files/microchip/xc32/v4.45/bin/bin/../../lib/gcc/pic32c/8.3.1/../../../../pic32c/lib/thumb/v8-m.base/nofp\libc-musl.a(isxdigit.o)
 .debug_loc     0x0000000000002549       0x5e c:/program files/microchip/xc32/v4.45/bin/bin/../../lib/gcc/pic32c/8.3.1/../../../../pic32c/lib/thumb/v8-m.base/nofp\libc-musl.a(__libc_start_main.o)
 .debug_loc     0x00000000000025a7      0x48b c:/program files/microchip/xc32/v4.45/bin/bin/../../lib/gcc/pic32c/8.3.1/../../../../pic32c/lib/thumb/v8-m.base/nofp\libc-musl.a(strtol.o)
 .debug_loc     0x0000000000002a32      0x737 c:/program files/microchip/xc32/v4.45/bin/bin/../../lib/gcc/pic32c/8.3.1/../../../../pic32c/lib/thumb/v8-m.base/nofp\libc-musl.a(intscan.o)
 .debug_loc     0x0000000000003169       0xa1 c:/program files/microchip/xc32/v4.45/bin/bin/../../lib/gcc/pic32c/8.3.1/../../../../pic32c/lib/thumb/v8-m.base/nofp\libc-musl.a(shgetc.o)
 .debug_loc     0x000000000000320a       0x5f c:/program files/microchip/xc32/v4.45/bin/bin/../../lib/gcc/pic32c/8.3.1/../../../../pic32c/lib/thumb/v8-m.base/nofp\libc-musl.a(__uflow.o)
 .debug_loc     0x0000000000003269       0x7f c:/program files/microchip/xc32/v4.45/bin/bin/../../lib/gcc/pic32c/8.3.1/../../../../pic32c/lib/thumb/v8-m.base/nofp\libc-musl.a(__toread.o)
 .debug_loc     0x00000000000032e8      0x176 c:/program files/microchip/xc32/v4.45/bin/bin/../../lib/gcc/pic32c/8.3.1/thumb/v8-m.base/nofp\libgcc.a(_muldi3.o)
 .debug_loc     0x000000000000345e       0x14 c:/program files/microchip/xc32/v4.45/bin/bin/../../lib/gcc/pic32c/8.3.1/../../../../pic32c/lib/thumb/v8-m.base/nofp\libpic32c.a(pic32_data_init_copy.o)

.note.GNU-stack
                0x0000000000000000        0x0
 .note.GNU-stack
                0x0000000000000000        0x0 c:/program files/microchip/xc32/v4.45/bin/bin/../../lib/gcc/pic32c/8.3.1/../../../../pic32c/lib/thumb/v8-m.base/nofp\libc-size-musl.a(memmove.o)
 .note.GNU-stack
                0x0000000000000000        0x0 c:/program files/microchip/xc32/v4.45/bin/bin/../../lib/gcc/pic32c/8.3.1/../../../../pic32c/lib/thumb/v8-m.base/nofp\libc-size-musl.a(strncmp.o)
 .note.GNU-stack
                0x0000000000000000        0x0 c:/program files/microchip/xc32/v4.45/bin/bin/../../lib/gcc/pic32c/8.3.1/../../../../pic32c/lib/thumb/v8-m.base/nofp\libc-musl.a(isxdigit.o)
 .note.GNU-stack
                0x0000000000000000        0x0 c:/program files/microchip/xc32/v4.45/bin/bin/../../lib/gcc/pic32c/8.3.1/../../../../pic32c/lib/thumb/v8-m.base/nofp\libc-musl.a(__libc_start_main.o)
 .note.GNU-stack
                0x0000000000000000        0x0 c:/program files/microchip/xc32/v4.45/bin/bin/../../lib/gcc/pic32c/8.3.1/../../../../pic32c/lib/thumb/v8-m.base/nofp\libc-musl.a(libc.o)
 .note.GNU-stack
                0x0000000000000000        0x0 c:/program files/microchip/xc32/v4.45/bin/bin/../../lib/gcc/pic32c/8.3.1/../../../../pic32c/lib/thumb/v8-m.base/nofp\libc-musl.a(strtol.o)
 .note.GNU-stack
                0x0000000000000000        0x0 c:/program files/microchip/xc32/v4.45/bin/bin/../../lib/gcc/pic32c/8.3.1/../../../../pic32c/lib/thumb/v8-m.base/nofp\libc-musl.a(__environ.o)
 .note.GNU-stack
                0x0000000000000000        0x0 c:/program files/microchip/xc32/v4.45/bin/bin/../../lib/gcc/pic32c/8.3.1/../../../../pic32c/lib/thumb/v8-m.base/nofp\libc-musl.a(intscan.o)
 .note.GNU-stack
                0x0000000000000000        0x0 c:/program files/microchip/xc32/v4.45/bin/bin/../../lib/gcc/pic32c/8.3.1/../../../../pic32c/lib/thumb/v8-m.base/nofp\libc-musl.a(shgetc.o)
 .note.GNU-stack
                0x0000000000000000        0x0 c:/program files/microchip/xc32/v4.45/bin/bin/../../lib/gcc/pic32c/8.3.1/../../../../pic32c/lib/thumb/v8-m.base/nofp\libc-musl.a(__uflow.o)
 .note.GNU-stack
                0x0000000000000000        0x0 c:/program files/microchip/xc32/v4.45/bin/bin/../../lib/gcc/pic32c/8.3.1/../../../../pic32c/lib/thumb/v8-m.base/nofp\libc-musl.a(__errno_location.o)
 .note.GNU-stack
                0x0000000000000000        0x0 c:/program files/microchip/xc32/v4.45/bin/bin/../../lib/gcc/pic32c/8.3.1/../../../../pic32c/lib/thumb/v8-m.base/nofp\libc-musl.a(__toread.o)

.stack          0x00000000200012a0      0x100
 .stack         0x00000000200012a0      0x100 stack

.bss.gpsBuffer%1
                0x0000000020000000      0xfa0
 .bss.gpsBuffer
                0x0000000020000000      0xfa0 build/default/production/_ext/1360937237/main.o

.bss%2          0x0000000020000fa0       0x50
 .bss           0x0000000020000fa0       0x50 c:/program files/microchip/xc32/v4.45/bin/bin/../../lib/gcc/pic32c/8.3.1/../../../../pic32c/lib/thumb/v8-m.base/nofp\libc-musl.a(libc.o)
                0x0000000020000fa0                __progname_full
                0x0000000020000fa0                program_invocation_name
                0x0000000020000fa4                program_invocation_short_name
                0x0000000020000fa4                __progname
                0x0000000020000fa8                __sysinfo
                0x0000000020000fac                __hwcap
                0x0000000020000fb0                __libc

.bss.sercom0USARTObj%3
                0x0000000020000ff0       0x30
 .bss.sercom0USARTObj
                0x0000000020000ff0       0x30 build/default/production/_ext/504274921/plib_sercom0_usart.o

.bss.sercom3USARTObj%4
                0x0000000020001020       0x30
 .bss.sercom3USARTObj
                0x0000000020001020       0x30 build/default/production/_ext/504274921/plib_sercom3_usart.o

.bss%5          0x0000000020001050       0x1c
 .bss           0x0000000020001050       0x1c c:/program files/microchip/xc32/v4.45/bin/bin/../../lib/gcc/pic32c/8.3.1/thumb/v8-m.base/nofp/crtbegin.o

.bss.gpsBufferIndex%6
                0x000000002000106c        0x4
 .bss.gpsBufferIndex
                0x000000002000106c        0x4 build/default/production/_ext/1360937237/main.o

.bss.noDataCounter%7
                0x0000000020001070        0x4
 .bss.noDataCounter
                0x0000000020001070        0x4 build/default/production/_ext/1360937237/main.o

.bss%8          0x0000000020001074        0x4
 .bss           0x0000000020001074        0x4 c:/program files/microchip/xc32/v4.45/bin/bin/../../lib/gcc/pic32c/8.3.1/../../../../pic32c/lib/thumb/v8-m.base/nofp\libpic32c.a(data_init.o)

.bss%9          0x0000000020001078        0x4
 .bss           0x0000000020001078        0x4 c:/program files/microchip/xc32/v4.45/bin/bin/../../lib/gcc/pic32c/8.3.1/../../../../pic32c/lib/thumb/v8-m.base/nofp\libc-musl.a(__environ.o)
                0x0000000020001078                __environ
                0x0000000020001078                environ
                0x0000000020001078                ___environ
                0x0000000020001078                _environ

.bss%10         0x000000002000107c        0x4
 .bss           0x000000002000107c        0x4 c:/program files/microchip/xc32/v4.45/bin/bin/../../lib/gcc/pic32c/8.3.1/../../../../pic32c/lib/thumb/v8-m.base/nofp\libc-musl.a(__errno_location.o)
                0x000000002000107c                __errno_val

.eh_frame%z1    0x0000000000000000        0x0
 .eh_frame      0x0000000000000000        0x0 c:/program files/microchip/xc32/v4.45/bin/bin/../../lib/gcc/pic32c/8.3.1/thumb/v8-m.base/nofp/crtbegin.o

.config_00804000.__config_00804000%11
                0x0000000000804000        0x4
 .config_00804000.__config_00804000
                0x0000000000804000        0x4 build/default/production/_ext/1171490990/initialization.o
                0x0000000000804000                __config_00804000

.config_00804004.__config_00804004%12
                0x0000000000804004        0x4
 .config_00804004.__config_00804004
                0x0000000000804004        0x4 build/default/production/_ext/1171490990/initialization.o
                0x0000000000804004                __config_00804004

.config_00804008.__config_00804008%13
                0x0000000000804008        0x4
 .config_00804008.__config_00804008
                0x0000000000804008        0x4 build/default/production/_ext/1171490990/initialization.o
                0x0000000000804008                __config_00804008

.config_0080400C.__config_0080400C%14
                0x000000000080400c        0x4
 .config_0080400C.__config_0080400C
                0x000000000080400c        0x4 build/default/production/_ext/1171490990/initialization.o
                0x000000000080400c                __config_0080400C

.config_00804010.__config_00804010%15
                0x0000000000804010        0x4
 .config_00804010.__config_00804010
                0x0000000000804010        0x4 build/default/production/_ext/1171490990/initialization.o
                0x0000000000804010                __config_00804010

.config_00804014.__config_00804014%16
                0x0000000000804014        0x4
 .config_00804014.__config_00804014
                0x0000000000804014        0x4 build/default/production/_ext/1171490990/initialization.o
                0x0000000000804014                __config_00804014

.config_00804018.__config_00804018%17
                0x0000000000804018        0x4
 .config_00804018.__config_00804018
                0x0000000000804018        0x4 build/default/production/_ext/1171490990/initialization.o
                0x0000000000804018                __config_00804018

.config_0080401C.__config_0080401C%18
                0x000000000080401c        0x4
 .config_0080401C.__config_0080401C
                0x000000000080401c        0x4 build/default/production/_ext/1171490990/initialization.o
                0x000000000080401c                __config_0080401C

.config_00804020.__config_00804020%19
                0x0000000000804020        0x4
 .config_00804020.__config_00804020
                0x0000000000804020        0x4 build/default/production/_ext/1171490990/initialization.o
                0x0000000000804020                __config_00804020

.config_0080C000.__config_0080C000%20
                0x000000000080c000        0x4
 .config_0080C000.__config_0080C000
                0x000000000080c000        0x4 build/default/production/_ext/1171490990/initialization.o
                0x000000000080c000                __config_0080C000

.config_0080C004.__config_0080C004%21
                0x000000000080c004        0x4
 .config_0080C004.__config_0080C004
                0x000000000080c004        0x4 build/default/production/_ext/1171490990/initialization.o
                0x000000000080c004                __config_0080C004

.config_0080C008.__config_0080C008%22
                0x000000000080c008        0x4
 .config_0080C008.__config_0080C008
                0x000000000080c008        0x4 build/default/production/_ext/1171490990/initialization.o
                0x000000000080c008                __config_0080C008

.config_0080C010.__config_0080C010%23
                0x000000000080c010        0x4
 .config_0080C010.__config_0080C010
                0x000000000080c010        0x4 build/default/production/_ext/1171490990/initialization.o
                0x000000000080c010                __config_0080C010

.config_0080C014.__config_0080C014%24
                0x000000000080c014        0x4
 .config_0080C014.__config_0080C014
                0x000000000080c014        0x4 build/default/production/_ext/1171490990/initialization.o
                0x000000000080c014                __config_0080C014

.config_0080C018.__config_0080C018%25
                0x000000000080c018        0x4
 .config_0080C018.__config_0080C018
                0x000000000080c018        0x4 build/default/production/_ext/1171490990/initialization.o
                0x000000000080c018                __config_0080C018

.config_0080C01C.__config_0080C01C%26
                0x000000000080c01c        0x4
 .config_0080C01C.__config_0080C01C
                0x000000000080c01c        0x4 build/default/production/_ext/1171490990/initialization.o
                0x000000000080c01c                __config_0080C01C

.config_0080C020.__config_0080C020%27
                0x000000000080c020        0x4
 .config_0080C020.__config_0080C020
                0x000000000080c020        0x4 build/default/production/_ext/1171490990/initialization.o
                0x000000000080c020                __config_0080C020

.config_0080C024.__config_0080C024%28
                0x000000000080c024        0x4
 .config_0080C024.__config_0080C024
                0x000000000080c024        0x4 build/default/production/_ext/1171490990/initialization.o
                0x000000000080c024                __config_0080C024

.config_0080C028.__config_0080C028%29
                0x000000000080c028        0x4
 .config_0080C028.__config_0080C028
                0x000000000080c028        0x4 build/default/production/_ext/1171490990/initialization.o
                0x000000000080c028                __config_0080C028

.config_0080C02C.__config_0080C02C%30
                0x000000000080c02c        0x4
 .config_0080C02C.__config_0080C02C
                0x000000000080c02c        0x4 build/default/production/_ext/1171490990/initialization.o
                0x000000000080c02c                __config_0080C02C

.config_0080C030.__config_0080C030%31
                0x000000000080c030        0x4
 .config_0080C030.__config_0080C030
                0x000000000080c030        0x4 build/default/production/_ext/1171490990/initialization.o
                0x000000000080c030                __config_0080C030

.config_0080C034.__config_0080C034%32
                0x000000000080c034        0x4
 .config_0080C034.__config_0080C034
                0x000000000080c034        0x4 build/default/production/_ext/1171490990/initialization.o
                0x000000000080c034                __config_0080C034

.config_0080C038.__config_0080C038%33
                0x000000000080c038        0x4
 .config_0080C038.__config_0080C038
                0x000000000080c038        0x4 build/default/production/_ext/1171490990/initialization.o
                0x000000000080c038                __config_0080C038

.config_0080C03C.__config_0080C03C%34
                0x000000000080c03c        0x4
 .config_0080C03C.__config_0080C03C
                0x000000000080c03c        0x4 build/default/production/_ext/1171490990/initialization.o
                0x000000000080c03c                __config_0080C03C

.config_0080C040.__config_0080C040%35
                0x000000000080c040        0x4
 .config_0080C040.__config_0080C040
                0x000000000080c040        0x4 build/default/production/_ext/1171490990/initialization.o
                0x000000000080c040                __config_0080C040

.config_0080C044.__config_0080C044%36
                0x000000000080c044        0x4
 .config_0080C044.__config_0080C044
                0x000000000080c044        0x4 build/default/production/_ext/1171490990/initialization.o
                0x000000000080c044                __config_0080C044

.config_0080C048.__config_0080C048%37
                0x000000000080c048        0x4
 .config_0080C048.__config_0080C048
                0x000000000080c048        0x4 build/default/production/_ext/1171490990/initialization.o
                0x000000000080c048                __config_0080C048

.config_0080C04C.__config_0080C04C%38
                0x000000000080c04c        0x4
 .config_0080C04C.__config_0080C04C
                0x000000000080c04c        0x4 build/default/production/_ext/1171490990/initialization.o
                0x000000000080c04c                __config_0080C04C

.config_0080C050.__config_0080C050%39
                0x000000000080c050        0x4
 .config_0080C050.__config_0080C050
                0x000000000080c050        0x4 build/default/production/_ext/1171490990/initialization.o
                0x000000000080c050                __config_0080C050

.config_0080C054.__config_0080C054%40
                0x000000000080c054        0x4
 .config_0080C054.__config_0080C054
                0x000000000080c054        0x4 build/default/production/_ext/1171490990/initialization.o
                0x000000000080c054                __config_0080C054

.config_0080C058.__config_0080C058%41
                0x000000000080c058        0x4
 .config_0080C058.__config_0080C058
                0x000000000080c058        0x4 build/default/production/_ext/1171490990/initialization.o
                0x000000000080c058                __config_0080C058

.config_0080C05C.__config_0080C05C%42
                0x000000000080c05c        0x4
 .config_0080C05C.__config_0080C05C
                0x000000000080c05c        0x4 build/default/production/_ext/1171490990/initialization.o
                0x000000000080c05c                __config_0080C05C

.config_0080C060.__config_0080C060%43
                0x000000000080c060        0x4
 .config_0080C060.__config_0080C060
                0x000000000080c060        0x4 build/default/production/_ext/1171490990/initialization.o
                0x000000000080c060                __config_0080C060

.config_0080C064.__config_0080C064%44
                0x000000000080c064        0x4
 .config_0080C064.__config_0080C064
                0x000000000080c064        0x4 build/default/production/_ext/1171490990/initialization.o
                0x000000000080c064                __config_0080C064

.config_0080C068.__config_0080C068%45
                0x000000000080c068        0x4
 .config_0080C068.__config_0080C068
                0x000000000080c068        0x4 build/default/production/_ext/1171490990/initialization.o
                0x000000000080c068                __config_0080C068

.config_0080C06C.__config_0080C06C%46
                0x000000000080c06c        0x4
 .config_0080C06C.__config_0080C06C
                0x000000000080c06c        0x4 build/default/production/_ext/1171490990/initialization.o
                0x000000000080c06c                __config_0080C06C

.config_0080C070.__config_0080C070%47
                0x000000000080c070        0x4
 .config_0080C070.__config_0080C070
                0x000000000080c070        0x4 build/default/production/_ext/1171490990/initialization.o
                0x000000000080c070                __config_0080C070

.config_0080C074.__config_0080C074%48
                0x000000000080c074        0x4
 .config_0080C074.__config_0080C074
                0x000000000080c074        0x4 build/default/production/_ext/1171490990/initialization.o
                0x000000000080c074                __config_0080C074

.config_0080C078.__config_0080C078%49
                0x000000000080c078        0x4
 .config_0080C078.__config_0080C078
                0x000000000080c078        0x4 build/default/production/_ext/1171490990/initialization.o
                0x000000000080c078                __config_0080C078

.config_0080C07C.__config_0080C07C%50
                0x000000000080c07c        0x4
 .config_0080C07C.__config_0080C07C
                0x000000000080c07c        0x4 build/default/production/_ext/1171490990/initialization.o
                0x000000000080c07c                __config_0080C07C

.config_0080C080.__config_0080C080%51
                0x000000000080c080        0x4
 .config_0080C080.__config_0080C080
                0x000000000080c080        0x4 build/default/production/_ext/1171490990/initialization.o
                0x000000000080c080                __config_0080C080

.config_0080C084.__config_0080C084%52
                0x000000000080c084        0x4
 .config_0080C084.__config_0080C084
                0x000000000080c084        0x4 build/default/production/_ext/1171490990/initialization.o
                0x000000000080c084                __config_0080C084

.config_0080C088.__config_0080C088%53
                0x000000000080c088        0x4
 .config_0080C088.__config_0080C088
                0x000000000080c088        0x4 build/default/production/_ext/1171490990/initialization.o
                0x000000000080c088                __config_0080C088

.config_0080C08C.__config_0080C08C%54
                0x000000000080c08c        0x4
 .config_0080C08C.__config_0080C08C
                0x000000000080c08c        0x4 build/default/production/_ext/1171490990/initialization.o
                0x000000000080c08c                __config_0080C08C

.config_0080C0E0.__config_0080C0E0%55
                0x000000000080c0e0        0x4
 .config_0080C0E0.__config_0080C0E0
                0x000000000080c0e0        0x4 build/default/production/_ext/1171490990/initialization.o
                0x000000000080c0e0                __config_0080C0E0

.config_0080C0E4.__config_0080C0E4%56
                0x000000000080c0e4        0x4
 .config_0080C0E4.__config_0080C0E4
                0x000000000080c0e4        0x4 build/default/production/_ext/1171490990/initialization.o
                0x000000000080c0e4                __config_0080C0E4

.config_0080C0E8.__config_0080C0E8%57
                0x000000000080c0e8        0x4
 .config_0080C0E8.__config_0080C0E8
                0x000000000080c0e8        0x4 build/default/production/_ext/1171490990/initialization.o
                0x000000000080c0e8                __config_0080C0E8

.config_0080C0EC.__config_0080C0EC%58
                0x000000000080c0ec        0x4
 .config_0080C0EC.__config_0080C0EC
                0x000000000080c0ec        0x4 build/default/production/_ext/1171490990/initialization.o
                0x000000000080c0ec                __config_0080C0EC

.config_0080C0F0.__config_0080C0F0%59
                0x000000000080c0f0        0x4
 .config_0080C0F0.__config_0080C0F0
                0x000000000080c0f0        0x4 build/default/production/_ext/1171490990/initialization.o
                0x000000000080c0f0                __config_0080C0F0

.config_0080C0F4.__config_0080C0F4%60
                0x000000000080c0f4        0x4
 .config_0080C0F4.__config_0080C0F4
                0x000000000080c0f4        0x4 build/default/production/_ext/1171490990/initialization.o
                0x000000000080c0f4                __config_0080C0F4

.config_0080C0F8.__config_0080C0F8%61
                0x000000000080c0f8        0x4
 .config_0080C0F8.__config_0080C0F8
                0x000000000080c0f8        0x4 build/default/production/_ext/1171490990/initialization.o
                0x000000000080c0f8                __config_0080C0F8

.config_0080C0FC.__config_0080C0FC%62
                0x000000000080c0fc        0x4
 .config_0080C0FC.__config_0080C0FC
                0x000000000080c0fc        0x4 build/default/production/_ext/1171490990/initialization.o
                0x000000000080c0fc                __config_0080C0FC

.text.__intscan%63
                0x00000000000002e8      0x420
 .text.__intscan
                0x00000000000002e8      0x420 c:/program files/microchip/xc32/v4.45/bin/bin/../../lib/gcc/pic32c/8.3.1/../../../../pic32c/lib/thumb/v8-m.base/nofp\libc-musl.a(intscan.o)
                0x00000000000002e8                __intscan

.text.processSingleNMEASentence%64
                0x0000000000000708      0x18e
 .text.processSingleNMEASentence
                0x0000000000000708      0x18e build/default/production/_ext/1360937237/main.o
                0x0000000000000708                processSingleNMEASentence

.rodata%65      0x0000000000000896      0x10a
 .rodata        0x0000000000000896      0x10a c:/program files/microchip/xc32/v4.45/bin/bin/../../lib/gcc/pic32c/8.3.1/../../../../pic32c/lib/thumb/v8-m.base/nofp\libc-musl.a(intscan.o)

.text.CLOCK_Initialize%66
                0x00000000000009a0       0xe2
 .text.CLOCK_Initialize
                0x00000000000009a0       0xe2 build/default/production/_ext/1984496892/plib_clock.o
                0x00000000000009a0                CLOCK_Initialize

.text.NVIC_Initialize%67
                0x0000000000000a84       0xc0
 .text.NVIC_Initialize
                0x0000000000000a84       0xc0 build/default/production/_ext/1865468468/plib_nvic.o
                0x0000000000000a84                NVIC_Initialize

.text.SERCOM0_USART_ISR_TX_Handler%68
                0x0000000000000b44       0xa8
 .text.SERCOM0_USART_ISR_TX_Handler
                0x0000000000000b44       0xa8 build/default/production/_ext/504274921/plib_sercom0_usart.o

.text.SERCOM3_USART_ISR_TX_Handler%69
                0x0000000000000bec       0xa8
 .text.SERCOM3_USART_ISR_TX_Handler
                0x0000000000000bec       0xa8 build/default/production/_ext/504274921/plib_sercom3_usart.o

.text.SERCOM0_USART_ISR_RX_Handler%70
                0x0000000000000c94       0xa0
 .text.SERCOM0_USART_ISR_RX_Handler
                0x0000000000000c94       0xa0 build/default/production/_ext/504274921/plib_sercom0_usart.o

.text.SERCOM3_USART_ISR_RX_Handler%71
                0x0000000000000d34       0xa0
 .text.SERCOM3_USART_ISR_RX_Handler
                0x0000000000000d34       0xa0 build/default/production/_ext/504274921/plib_sercom3_usart.o

.text.SERCOM3_USART_Write%72
                0x0000000000000dd4       0x8c
 .text.SERCOM3_USART_Write
                0x0000000000000dd4       0x8c build/default/production/_ext/504274921/plib_sercom3_usart.o
                0x0000000000000dd4                SERCOM3_USART_Write

.text.validateChecksum%73
                0x0000000000000e60       0x80
 .text.validateChecksum
                0x0000000000000e60       0x80 build/default/production/_ext/1360937237/main.o
                0x0000000000000e60                validateChecksum

.text.readGPSData%74
                0x0000000000000ee0       0x7e
 .text.readGPSData
                0x0000000000000ee0       0x7e build/default/production/_ext/1360937237/main.o
                0x0000000000000ee0                readGPSData

.text.SERCOM0_USART_Initialize%75
                0x0000000000000f5e       0x72
 .text.SERCOM0_USART_Initialize
                0x0000000000000f5e       0x72 build/default/production/_ext/504274921/plib_sercom0_usart.o
                0x0000000000000f5e                SERCOM0_USART_Initialize

.text.SERCOM3_USART_Initialize%76
                0x0000000000000fd0       0x72
 .text.SERCOM3_USART_Initialize
                0x0000000000000fd0       0x72 build/default/production/_ext/504274921/plib_sercom3_usart.o
                0x0000000000000fd0                SERCOM3_USART_Initialize

.dinit%77       0x0000000000001044       0x70
 .dinit         0x0000000000001044       0x70 data_init

.text.SERCOM0_USART_InterruptHandler%78
                0x00000000000010b4       0x64
 .text.SERCOM0_USART_InterruptHandler
                0x00000000000010b4       0x64 build/default/production/_ext/504274921/plib_sercom0_usart.o
                0x00000000000010b4                SERCOM0_USART_InterruptHandler

.text.SERCOM3_USART_InterruptHandler%79
                0x0000000000001118       0x64
 .text.SERCOM3_USART_InterruptHandler
                0x0000000000001118       0x64 build/default/production/_ext/504274921/plib_sercom3_usart.o
                0x0000000000001118                SERCOM3_USART_InterruptHandler

.text.__libc_start_init%80
                0x000000000000117c       0x5c
 .text.__libc_start_init
                0x000000000000117c       0x5c c:/program files/microchip/xc32/v4.45/bin/bin/../../lib/gcc/pic32c/8.3.1/../../../../pic32c/lib/thumb/v8-m.base/nofp\libc-musl.a(__libc_start_main.o)
                0x000000000000117c                __libc_init_array

.text.strtox%81
                0x00000000000011d8       0x5c
 .text.strtox   0x00000000000011d8       0x5c c:/program files/microchip/xc32/v4.45/bin/bin/../../lib/gcc/pic32c/8.3.1/../../../../pic32c/lib/thumb/v8-m.base/nofp\libc-musl.a(strtol.o)

.text.__shgetc%82
                0x0000000000001234       0x56
 .text.__shgetc
                0x0000000000001234       0x56 c:/program files/microchip/xc32/v4.45/bin/bin/../../lib/gcc/pic32c/8.3.1/../../../../pic32c/lib/thumb/v8-m.base/nofp\libc-musl.a(shgetc.o)
                0x0000000000001234                __shgetc

.text.Reset_Handler%83
                0x000000000000128a       0x54
 .text.Reset_Handler
                0x000000000000128a       0x54 build/default/production/_ext/1171490990/startup_xc32.o
                0x000000000000128a                Reset_Handler

.text.__toread%84
                0x00000000000012de       0x4c
 .text.__toread
                0x00000000000012de       0x4c c:/program files/microchip/xc32/v4.45/bin/bin/../../lib/gcc/pic32c/8.3.1/../../../../pic32c/lib/thumb/v8-m.base/nofp\libc-musl.a(__toread.o)
                0x00000000000012de                __toread

.text.SERCOM0_USART_Read%85
                0x000000000000132a       0x48
 .text.SERCOM0_USART_Read
                0x000000000000132a       0x48 build/default/production/_ext/504274921/plib_sercom0_usart.o
                0x000000000000132a                SERCOM0_USART_Read

.text%86        0x0000000000001372       0x44
 .text          0x0000000000001372       0x44 c:/program files/microchip/xc32/v4.45/bin/bin/../../lib/gcc/pic32c/8.3.1/thumb/v8-m.base/nofp\libgcc.a(_muldi3.o)
                0x0000000000001372                __muldi3
                0x0000000000001372                __aeabi_lmul

.text.SERCOM0_USART_ISR_ERR_Handler%87
                0x00000000000013b6       0x42
 .text.SERCOM0_USART_ISR_ERR_Handler
                0x00000000000013b6       0x42 build/default/production/_ext/504274921/plib_sercom0_usart.o

.text.SERCOM3_USART_ISR_ERR_Handler%88
                0x00000000000013f8       0x42
 .text.SERCOM3_USART_ISR_ERR_Handler
                0x00000000000013f8       0x42 build/default/production/_ext/504274921/plib_sercom3_usart.o

.text%89        0x000000000000143c       0x40
 .text          0x000000000000143c       0x40 c:/program files/microchip/xc32/v4.45/bin/bin/../../lib/gcc/pic32c/8.3.1/thumb/v8-m.base/nofp/crtbegin.o

.text.processGPSBuffer%90
                0x000000000000147c       0x3c
 .text.processGPSBuffer
                0x000000000000147c       0x3c build/default/production/_ext/1360937237/main.o
                0x000000000000147c                processGPSBuffer

.text.PM_Initialize%91
                0x00000000000014b8       0x3a
 .text.PM_Initialize
                0x00000000000014b8       0x3a build/default/production/_ext/829342769/plib_pm.o
                0x00000000000014b8                PM_Initialize

.text.SERCOM0_USART_ErrorClear%92
                0x00000000000014f2       0x38
 .text.SERCOM0_USART_ErrorClear
                0x00000000000014f2       0x38 build/default/production/_ext/504274921/plib_sercom0_usart.o

.text.SERCOM3_USART_ErrorClear%93
                0x000000000000152a       0x38
 .text.SERCOM3_USART_ErrorClear
                0x000000000000152a       0x38 build/default/production/_ext/504274921/plib_sercom3_usart.o

.text.SYS_Initialize%94
                0x0000000000001562       0x30
 .text.SYS_Initialize
                0x0000000000001562       0x30 build/default/production/_ext/1171490990/initialization.o
                0x0000000000001562                SYS_Initialize

.text.PORT_Initialize%95
                0x0000000000001592       0x30
 .text.PORT_Initialize
                0x0000000000001592       0x30 build/default/production/_ext/1865521619/plib_port.o
                0x0000000000001592                PORT_Initialize

.text.__pic32c_data_initialization%96
                0x00000000000015c4       0x30
 .text.__pic32c_data_initialization
                0x00000000000015c4       0x30 c:/program files/microchip/xc32/v4.45/bin/bin/../../lib/gcc/pic32c/8.3.1/../../../../pic32c/lib/thumb/v8-m.base/nofp\libpic32c.a(data_init.o)
                0x00000000000015c4                __pic32c_data_initialization

.text.findCharacter%97
                0x00000000000015f4       0x2c
 .text.findCharacter
                0x00000000000015f4       0x2c build/default/production/_ext/1360937237/main.o
                0x00000000000015f4                findCharacter

.text.memmove%98
                0x0000000000001620       0x2c
 .text.memmove  0x0000000000001620       0x2c c:/program files/microchip/xc32/v4.45/bin/bin/../../lib/gcc/pic32c/8.3.1/../../../../pic32c/lib/thumb/v8-m.base/nofp\libc-size-musl.a(memmove.o)
                0x0000000000001620                memmove

.text.transmitSentence%99
                0x000000000000164c       0x26
 .text.transmitSentence
                0x000000000000164c       0x26 build/default/production/_ext/1360937237/main.o
                0x000000000000164c                transmitSentence

.text.strncmp%100
                0x0000000000001672       0x26
 .text.strncmp  0x0000000000001672       0x26 c:/program files/microchip/xc32/v4.45/bin/bin/../../lib/gcc/pic32c/8.3.1/../../../../pic32c/lib/thumb/v8-m.base/nofp\libc-size-musl.a(strncmp.o)
                0x0000000000001672                strncmp

.text.__uflow%101
                0x0000000000001698       0x26
 .text.__uflow  0x0000000000001698       0x26 c:/program files/microchip/xc32/v4.45/bin/bin/../../lib/gcc/pic32c/8.3.1/../../../../pic32c/lib/thumb/v8-m.base/nofp\libc-musl.a(__uflow.o)
                0x0000000000001698                __uflow

.text.SERCOM3_USART_TransmitterEnable%102
                0x00000000000016be       0x22
 .text.SERCOM3_USART_TransmitterEnable
                0x00000000000016be       0x22 build/default/production/_ext/504274921/plib_sercom3_usart.o
                0x00000000000016be                SERCOM3_USART_TransmitterEnable

.text.main%103  0x00000000000016e0       0x1e
 .text.main     0x00000000000016e0       0x1e build/default/production/_ext/1360937237/main.o
                0x00000000000016e0                main

.text.__dinit_copy%104
                0x00000000000016fe       0x1e
 .text.__dinit_copy
                0x00000000000016fe       0x1e c:/program files/microchip/xc32/v4.45/bin/bin/../../lib/gcc/pic32c/8.3.1/../../../../pic32c/lib/thumb/v8-m.base/nofp\libpic32c.a(pic32_data_init_copy.o)
                0x00000000000016fe                __dinit_copy_needed
                0x00000000000016fe                __dinit_copy

.text.isxdigit%105
                0x000000000000171c       0x1c
 .text.isxdigit
                0x000000000000171c       0x1c c:/program files/microchip/xc32/v4.45/bin/bin/../../lib/gcc/pic32c/8.3.1/../../../../pic32c/lib/thumb/v8-m.base/nofp\libc-musl.a(isxdigit.o)
                0x000000000000171c                isxdigit

.text.__shlim%106
                0x0000000000001738       0x18
 .text.__shlim  0x0000000000001738       0x18 c:/program files/microchip/xc32/v4.45/bin/bin/../../lib/gcc/pic32c/8.3.1/../../../../pic32c/lib/thumb/v8-m.base/nofp\libc-musl.a(shgetc.o)
                0x0000000000001738                __shlim

.text%107       0x0000000000001750       0x18
 .text          0x0000000000001750       0x18 c:/program files/microchip/xc32/v4.45/bin/bin/../../lib/gcc/pic32c/8.3.1/thumb/v8-m.base/nofp\libgcc.a(_lshrdi3.o)
                0x0000000000001750                __lshrdi3
                0x0000000000001750                __aeabi_llsr

.text%108       0x0000000000001768       0x18
 .text          0x0000000000001768       0x18 c:/program files/microchip/xc32/v4.45/bin/bin/../../lib/gcc/pic32c/8.3.1/thumb/v8-m.base/nofp\libgcc.a(_ashldi3.o)
                0x0000000000001768                __aeabi_llsl
                0x0000000000001768                __ashldi3

.rodata%109     0x0000000000001780       0x14
 .rodata        0x0000000000001780       0x14 c:/program files/microchip/xc32/v4.45/bin/bin/../../lib/gcc/pic32c/8.3.1/../../../../pic32c/lib/thumb/v8-m.base/nofp\libpic32c.a(data_init.o)

.text.NVMCTRL_Initialize%110
                0x0000000000001794       0x12
 .text.NVMCTRL_Initialize
                0x0000000000001794       0x12 build/default/production/_ext/1593096446/plib_nvmctrl.o
                0x0000000000001794                NVMCTRL_Initialize

.text.strtoul%111
                0x00000000000017a6       0x12
 .text.strtoul  0x00000000000017a6       0x12 c:/program files/microchip/xc32/v4.45/bin/bin/../../lib/gcc/pic32c/8.3.1/../../../../pic32c/lib/thumb/v8-m.base/nofp\libc-musl.a(strtol.o)
                0x00000000000017a6                __strtoul_internal
                0x00000000000017a6                strtoul

.text.__dinit_clear%112
                0x00000000000017b8       0x12
 .text.__dinit_clear
                0x00000000000017b8       0x12 c:/program files/microchip/xc32/v4.45/bin/bin/../../lib/gcc/pic32c/8.3.1/../../../../pic32c/lib/thumb/v8-m.base/nofp\libpic32c.a(pic32_data_init_clear.o)
                0x00000000000017b8                __dinit_clear
                0x00000000000017b8                __dinit_clear_needed

.text.SERCOM0_USART_ReadIsBusy%113
                0x00000000000017ca       0x10
 .text.SERCOM0_USART_ReadIsBusy
                0x00000000000017ca       0x10 build/default/production/_ext/504274921/plib_sercom0_usart.o
                0x00000000000017ca                SERCOM0_USART_ReadIsBusy

.text.SERCOM3_USART_TransmitComplete%114
                0x00000000000017da       0x10
 .text.SERCOM3_USART_TransmitComplete
                0x00000000000017da       0x10 build/default/production/_ext/504274921/plib_sercom3_usart.o
                0x00000000000017da                SERCOM3_USART_TransmitComplete

.text.SERCOM0_USART_ReadCountGet%115
                0x00000000000017ea        0xc
 .text.SERCOM0_USART_ReadCountGet
                0x00000000000017ea        0xc build/default/production/_ext/504274921/plib_sercom0_usart.o
                0x00000000000017ea                SERCOM0_USART_ReadCountGet

.rodata.processSingleNMEASentence.str1.4%116
                0x00000000000017f8        0x8
 .rodata.processSingleNMEASentence.str1.4
                0x00000000000017f8        0x8 build/default/production/_ext/1360937237/main.o

.rodata.transmitSentence.str1.4%117
                0x0000000000001800        0x4
 .rodata.transmitSentence.str1.4
                0x0000000000001800        0x4 build/default/production/_ext/1360937237/main.o

.text.__dummy_decompress%118
                0x0000000000001804        0x4
 .text.__dummy_decompress
                0x0000000000001804        0x4 c:/program files/microchip/xc32/v4.45/bin/bin/../../lib/gcc/pic32c/8.3.1/../../../../pic32c/lib/thumb/v8-m.base/nofp\libpic32c.a(data_init.o)
                0x0000000000001804                __dinit_decompress
                0x0000000000001804                __dinit_copy_val_data
                0x0000000000001804                __dinit_copy_emb

.text.Dummy_Handler%119
                0x0000000000000a82        0x2
 .text.Dummy_Handler
                0x0000000000000a82        0x2 build/default/production/_ext/1171490990/interrupts.o
                0x0000000000000a82                SVCall_Handler
                0x0000000000000a82                EVSYS_0_Handler
                0x0000000000000a82                TRNG_Handler
                0x0000000000000a82                ADC_RESRDY_Handler
                0x0000000000000a82                TC2_Handler
                0x0000000000000a82                AC_Handler
                0x0000000000000a82                DMAC_OTHER_Handler
                0x0000000000000a82                EIC_EXTINT_5_Handler
                0x0000000000000a82                SysTick_Handler
                0x0000000000000a82                SERCOM4_OTHER_Handler
                0x0000000000000a82                EIC_EXTINT_6_Handler
                0x0000000000000a82                PendSV_Handler
                0x0000000000000a82                EVSYS_3_Handler
                0x0000000000000a82                TCC1_Handler
                0x0000000000000a82                EIC_EXTINT_4_Handler
                0x0000000000000a82                EIC_EXTINT_7_Handler
                0x0000000000000a82                TCC0_Handler
                0x0000000000000a82                RTC_Handler
                0x0000000000000a82                SERCOM4_0_Handler
                0x0000000000000a82                SERCOM1_OTHER_Handler
                0x0000000000000a82                EVSYS_1_Handler
                0x0000000000000a82                DMAC_0_Handler
                0x0000000000000a82                WDT_Handler
                0x0000000000000a82                TRAM_Handler
                0x0000000000000a82                EVSYS_NSCHK_Handler
                0x0000000000000a82                EIC_EXTINT_1_Handler
                0x0000000000000a82                SERCOM5_0_Handler
                0x0000000000000a82                TC1_Handler
                0x0000000000000a82                EIC_EXTINT_0_Handler
                0x0000000000000a82                DAC_UNDERRUN_Handler
                0x0000000000000a82                DAC_EMPTY_Handler
                0x0000000000000a82                PAC_Handler
                0x0000000000000a82                USB_Handler
                0x0000000000000a82                SERCOM4_1_Handler
                0x0000000000000a82                Dummy_Handler